Executing action: reconfigure
Running cmake in directory /Users/zainnasseer/development/esp/wifi_repeater/build
Executing "cmake -G Ninja -B /Users/zainnasseer/development/esp/wifi_repeater/build -DPYTHON_DEPS_CHECKED=1 -DPYTHON=/Users/zainnasseer/.espressif/python_env/idf6.1_py3.14_env/bin/python -DESP_PLATFORM=1 -DCCACHE_ENABLE=False /Users/zainnasseer/development/esp/wifi_repeater"...
-- IDF_TARGET is not set, guessed 'esp32c5' from sdkconfig '/Users/zainnasseer/development/esp/wifi_repeater/sdkconfig.defaults'
-- Found Git: /usr/bin/git (found version "2.50.1 (Apple Git-155)")
-- Component directory /Users/zainnasseer/development/esp/esp-idf/components/mqtt does not contain a CMakeLists.txt file. No component will be added
-- Minimal build - OFF
-- The C compiler identification is GNU 15.2.0
-- The CXX compiler identification is GNU 15.2.0
-- The ASM compiler identification is GNU
-- Found assembler: /Users/zainnasseer/.espressif/tools/riscv32-esp-elf/esp-15.2.0_20250929/riscv32-esp-elf/bin/riscv32-esp-elf-gcc
-- Detecting C compiler ABI info
-- Detecting C compiler ABI info - done
-- Check for working C compiler: /Users/zainnasseer/.espressif/tools/riscv32-esp-elf/esp-15.2.0_20250929/riscv32-esp-elf/bin/riscv32-esp-elf-gcc - skipped
-- Detecting C compile features
-- Detecting C compile features - done
-- Detecting CXX compiler ABI info
-- Detecting CXX compiler ABI info - done
-- Check for working CXX compiler: /Users/zainnasseer/.espressif/tools/riscv32-esp-elf/esp-15.2.0_20250929/riscv32-esp-elf/bin/riscv32-esp-elf-g++ - skipped
-- Detecting CXX compile features
-- Detecting CXX compile features - done
-- git rev-parse returned 'fatal: not a git repository (or any of the parent directories): .git'
-- Could not use 'git describe' to determine PROJECT_VER.
-- Building ESP-IDF components for target esp32c5
NOTICE: 
Following dependencies have new versions available:
Dependency "espressif/cjson": "1.7.19" -> "1.7.19~1"
Consider running "idf.py update-dependencies" to update your lock file.
NOTICE: Processing 2 dependencies:
NOTICE: [1/2] espressif/cjson (1.7.19)
NOTICE: [2/2] idf (6.1.0)
-- KCONFIG_REPORT_VERBOSITY not set, using default
-- Project sdkconfig file /Users/zainnasseer/development/esp/wifi_repeater/sdkconfig
Loading defaults file /Users/zainnasseer/development/esp/wifi_repeater/sdkconfig.defaults...
-- Detecting C compiler ABI info
-- Detecting C compiler ABI info - done
-- Detecting CXX compiler ABI info
-- Detecting CXX compiler ABI info - done
-- Adding linker script /Users/zainnasseer/development/esp/esp-idf/components/riscv/ld/rom.api.ld
-- App "wifi_repeater" version: 1
-- Found Python3: /Users/zainnasseer/.espressif/python_env/idf6.1_py3.14_env/bin/python (found version "3.14.0") found components: Interpreter
-- Performing Test CMAKE_HAVE_LIBC_PTHREAD
-- Performing Test CMAKE_HAVE_LIBC_PTHREAD - Success
-- Found Threads: TRUE
-- Performing Test C_COMPILER_SUPPORTS_WFORMAT_SIGNEDNESS
-- Performing Test C_COMPILER_SUPPORTS_WFORMAT_SIGNEDNESS - Success
-- USING O3
-- Adding linker script /Users/zainnasseer/development/esp/esp-idf/components/esp_system/ld/esp32c5/memory.ld.in
--   -> Preprocessing .in script: /Users/zainnasseer/development/esp/esp-idf/components/esp_system/ld/esp32c5/memory.ld.in
-- Adding linker script /Users/zainnasseer/development/esp/esp-idf/components/esp_system/ld/esp32c5/sections.ld.in
--   -> Preprocessing .in script: /Users/zainnasseer/development/esp/esp-idf/components/esp_system/ld/esp32c5/sections.ld.in
--   -> Applying ldgen processing: /Users/zainnasseer/development/esp/wifi_repeater/build/esp-idf/esp_system/ld/sections.ld.in
-- Adding linker script /Users/zainnasseer/development/esp/esp-idf/components/esp_rom/esp32c5/ld/esp32c5.rom.ld
-- Adding linker script /Users/zainnasseer/development/esp/esp-idf/components/esp_rom/esp32c5/ld/esp32c5.rom.api.ld
-- Adding linker script /Users/zainnasseer/development/esp/esp-idf/components/esp_rom/esp32c5/ld/esp32c5.rom.rvfp.ld
-- Adding linker script /Users/zainnasseer/development/esp/esp-idf/components/esp_rom/esp32c5/ld/esp32c5.rom.wdt.ld
-- Adding linker script /Users/zainnasseer/development/esp/esp-idf/components/esp_rom/esp32c5/ld/esp32c5.rom.systimer.ld
-- Adding linker script /Users/zainnasseer/development/esp/esp-idf/components/esp_rom/esp32c5/ld/esp32c5.rom.version.ld
-- Adding linker script /Users/zainnasseer/development/esp/esp-idf/components/esp_rom/esp32c5/ld/esp32c5.rom.phy.ld
-- Adding linker script /Users/zainnasseer/development/esp/esp-idf/components/esp_rom/esp32c5/ld/esp32c5.rom.coexist.ld
-- Adding linker script /Users/zainnasseer/development/esp/esp-idf/components/esp_rom/esp32c5/ld/esp32c5.rom.net80211.ld
-- Adding linker script /Users/zainnasseer/development/esp/esp-idf/components/esp_rom/esp32c5/ld/esp32c5.rom.pp.ld
-- Adding linker script /Users/zainnasseer/development/esp/esp-idf/components/esp_rom/esp32c5/ld/esp32c5.rom.libc.ld
-- Adding linker script /Users/zainnasseer/development/esp/esp-idf/components/esp_rom/esp32c5/ld/esp32c5.rom.newlib.ld
-- Adding linker script /Users/zainnasseer/development/esp/esp-idf/components/esp_rom/esp32c5/ld/esp32c5.rom.heap.ld
-- Adding linker script /Users/zainnasseer/development/esp/esp-idf/components/soc/esp32c5/ld/esp32c5.peripherals.ld
-- Component idf::esp_trace will be linked with -Wl,--whole-archive
-- Components: app_trace app_update bootloader bootloader_support bt cmock console cxx driver efuse esp-tls esp_adc esp_app_format esp_blockdev esp_bootloader_format esp_coex esp_common esp_driver_ana_cmpr esp_driver_bitscrambler esp_driver_cam esp_driver_dac esp_driver_gpio esp_driver_gptimer esp_driver_i2c esp_driver_i2s esp_driver_i3c esp_driver_isp esp_driver_jpeg esp_driver_ledc esp_driver_mcpwm esp_driver_parlio esp_driver_pcnt esp_driver_ppa esp_driver_rmt esp_driver_sd_intf esp_driver_sdio esp_driver_sdm esp_driver_sdmmc esp_driver_sdspi esp_driver_spi esp_driver_touch_sens esp_driver_tsens esp_driver_twai esp_driver_uart esp_driver_usb_serial_jtag esp_eth esp_event esp_gdbstub esp_hal_cam esp_hal_dma esp_hal_emac esp_hal_i2c esp_hal_i2s esp_hal_jpeg esp_hal_lcd esp_hal_mcpwm esp_hal_mspi esp_hal_parlio esp_hal_pcnt esp_hal_rmt esp_hal_timg esp_hal_usb esp_hal_wdt esp_hid esp_http_client esp_http_server esp_https_ota esp_https_server esp_hw_support esp_lcd esp_libc esp_local_ctrl esp_mm esp_netif esp_netif_stack esp_partition esp_phy esp_pm esp_psram esp_ringbuf esp_rom esp_security esp_stdio esp_system esp_tee esp_timer esp_trace esp_usb_cdc_rom_console esp_wifi espcoredump espressif__cjson esptool_py fatfs freertos hal heap http_parser idf_test ieee802154 log lwip main mbedtls nvs_flash nvs_sec_provider openthread partition_table protobuf-c protocomm pthread riscv rt sdmmc soc spi_flash spiffs tcp_transport ulp unity vfs wear_levelling wpa_supplicant
-- Component paths: /Users/zainnasseer/development/esp/esp-idf/components/app_trace /Users/zainnasseer/development/esp/esp-idf/components/app_update /Users/zainnasseer/development/esp/esp-idf/components/bootloader /Users/zainnasseer/development/esp/esp-idf/components/bootloader_support /Users/zainnasseer/development/esp/esp-idf/components/bt /Users/zainnasseer/development/esp/esp-idf/components/cmock /Users/zainnasseer/development/esp/esp-idf/components/console /Users/zainnasseer/development/esp/esp-idf/components/cxx /Users/zainnasseer/development/esp/esp-idf/components/driver /Users/zainnasseer/development/esp/esp-idf/components/efuse /Users/zainnasseer/development/esp/esp-idf/components/esp-tls /Users/zainnasseer/development/esp/esp-idf/components/esp_adc /Users/zainnasseer/development/esp/esp-idf/components/esp_app_format /Users/zainnasseer/development/esp/esp-idf/components/esp_blockdev /Users/zainnasseer/development/esp/esp-idf/components/esp_bootloader_format /Users/zainnasseer/development/esp/esp-idf/components/esp_coex /Users/zainnasseer/development/esp/esp-idf/components/esp_common /Users/zainnasseer/development/esp/esp-idf/components/esp_driver_ana_cmpr /Users/zainnasseer/development/esp/esp-idf/components/esp_driver_bitscrambler /Users/zainnasseer/development/esp/esp-idf/components/esp_driver_cam /Users/zainnasseer/development/esp/esp-idf/components/esp_driver_dac /Users/zainnasseer/development/esp/esp-idf/components/esp_driver_gpio /Users/zainnasseer/development/esp/esp-idf/components/esp_driver_gptimer /Users/zainnasseer/development/esp/esp-idf/components/esp_driver_i2c /Users/zainnasseer/development/esp/esp-idf/components/esp_driver_i2s /Users/zainnasseer/development/esp/esp-idf/components/esp_driver_i3c /Users/zainnasseer/development/esp/esp-idf/components/esp_driver_isp /Users/zainnasseer/development/esp/esp-idf/components/esp_driver_jpeg /Users/zainnasseer/development/esp/esp-idf/components/esp_driver_ledc /Users/zainnasseer/development/esp/esp-idf/components/esp_driver_mcpwm /Users/zainnasseer/development/esp/esp-idf/components/esp_driver_parlio /Users/zainnasseer/development/esp/esp-idf/components/esp_driver_pcnt /Users/zainnasseer/development/esp/esp-idf/components/esp_driver_ppa /Users/zainnasseer/development/esp/esp-idf/components/esp_driver_rmt /Users/zainnasseer/development/esp/esp-idf/components/esp_driver_sd_intf /Users/zainnasseer/development/esp/esp-idf/components/esp_driver_sdio /Users/zainnasseer/development/esp/esp-idf/components/esp_driver_sdm /Users/zainnasseer/development/esp/esp-idf/components/esp_driver_sdmmc /Users/zainnasseer/development/esp/esp-idf/components/esp_driver_sdspi /Users/zainnasseer/development/esp/esp-idf/components/esp_driver_spi /Users/zainnasseer/development/esp/esp-idf/components/esp_driver_touch_sens /Users/zainnasseer/development/esp/esp-idf/components/esp_driver_tsens /Users/zainnasseer/development/esp/esp-idf/components/esp_driver_twai /Users/zainnasseer/development/esp/esp-idf/components/esp_driver_uart /Users/zainnasseer/development/esp/esp-idf/components/esp_driver_usb_serial_jtag /Users/zainnasseer/development/esp/esp-idf/components/esp_eth /Users/zainnasseer/development/esp/esp-idf/components/esp_event /Users/zainnasseer/development/esp/esp-idf/components/esp_gdbstub /Users/zainnasseer/development/esp/esp-idf/components/esp_hal_cam /Users/zainnasseer/development/esp/esp-idf/components/esp_hal_dma /Users/zainnasseer/development/esp/esp-idf/components/esp_hal_emac /Users/zainnasseer/development/esp/esp-idf/components/esp_hal_i2c /Users/zainnasseer/development/esp/esp-idf/components/esp_hal_i2s /Users/zainnasseer/development/esp/esp-idf/components/esp_hal_jpeg /Users/zainnasseer/development/esp/esp-idf/components/esp_hal_lcd /Users/zainnasseer/development/esp/esp-idf/components/esp_hal_mcpwm /Users/zainnasseer/development/esp/esp-idf/components/esp_hal_mspi /Users/zainnasseer/development/esp/esp-idf/components/esp_hal_parlio /Users/zainnasseer/development/esp/esp-idf/components/esp_hal_pcnt /Users/zainnasseer/development/esp/esp-idf/components/esp_hal_rmt /Users/zainnasseer/development/esp/esp-idf/components/esp_hal_timg /Users/zainnasseer/development/esp/esp-idf/components/esp_hal_usb /Users/zainnasseer/development/esp/esp-idf/components/esp_hal_wdt /Users/zainnasseer/development/esp/esp-idf/components/esp_hid /Users/zainnasseer/development/esp/esp-idf/components/esp_http_client /Users/zainnasseer/development/esp/esp-idf/components/esp_http_server /Users/zainnasseer/development/esp/esp-idf/components/esp_https_ota /Users/zainnasseer/development/esp/esp-idf/components/esp_https_server /Users/zainnasseer/development/esp/esp-idf/components/esp_hw_support /Users/zainnasseer/development/esp/esp-idf/components/esp_lcd /Users/zainnasseer/development/esp/esp-idf/components/esp_libc /Users/zainnasseer/development/esp/esp-idf/components/esp_local_ctrl /Users/zainnasseer/development/esp/esp-idf/components/esp_mm /Users/zainnasseer/development/esp/esp-idf/components/esp_netif /Users/zainnasseer/development/esp/esp-idf/components/esp_netif_stack /Users/zainnasseer/development/esp/esp-idf/components/esp_partition /Users/zainnasseer/development/esp/esp-idf/components/esp_phy /Users/zainnasseer/development/esp/esp-idf/components/esp_pm /Users/zainnasseer/development/esp/esp-idf/components/esp_psram /Users/zainnasseer/development/esp/esp-idf/components/esp_ringbuf /Users/zainnasseer/development/esp/esp-idf/components/esp_rom /Users/zainnasseer/development/esp/esp-idf/components/esp_security /Users/zainnasseer/development/esp/esp-idf/components/esp_stdio /Users/zainnasseer/development/esp/esp-idf/components/esp_system /Users/zainnasseer/development/esp/esp-idf/components/esp_tee /Users/zainnasseer/development/esp/esp-idf/components/esp_timer /Users/zainnasseer/development/esp/esp-idf/components/esp_trace /Users/zainnasseer/development/esp/esp-idf/components/esp_usb_cdc_rom_console /Users/zainnasseer/development/esp/esp-idf/components/esp_wifi /Users/zainnasseer/development/esp/esp-idf/components/espcoredump /Users/zainnasseer/development/esp/wifi_repeater/managed_components/espressif__cjson /Users/zainnasseer/development/esp/esp-idf/components/esptool_py /Users/zainnasseer/development/esp/esp-idf/components/fatfs /Users/zainnasseer/development/esp/esp-idf/components/freertos /Users/zainnasseer/development/esp/esp-idf/components/hal /Users/zainnasseer/development/esp/esp-idf/components/heap /Users/zainnasseer/development/esp/esp-idf/components/http_parser /Users/zainnasseer/development/esp/esp-idf/components/idf_test /Users/zainnasseer/development/esp/esp-idf/components/ieee802154 /Users/zainnasseer/development/esp/esp-idf/components/log /Users/zainnasseer/development/esp/esp-idf/components/lwip /Users/zainnasseer/development/esp/wifi_repeater/main /Users/zainnasseer/development/esp/esp-idf/components/mbedtls /Users/zainnasseer/development/esp/esp-idf/components/nvs_flash /Users/zainnasseer/development/esp/esp-idf/components/nvs_sec_provider /Users/zainnasseer/development/esp/esp-idf/components/openthread /Users/zainnasseer/development/esp/esp-idf/components/partition_table /Users/zainnasseer/development/esp/esp-idf/components/protobuf-c /Users/zainnasseer/development/esp/esp-idf/components/protocomm /Users/zainnasseer/development/esp/esp-idf/components/pthread /Users/zainnasseer/development/esp/esp-idf/components/riscv /Users/zainnasseer/development/esp/esp-idf/components/rt /Users/zainnasseer/development/esp/esp-idf/components/sdmmc /Users/zainnasseer/development/esp/esp-idf/components/soc /Users/zainnasseer/development/esp/esp-idf/components/spi_flash /Users/zainnasseer/development/esp/esp-idf/components/spiffs /Users/zainnasseer/development/esp/esp-idf/components/tcp_transport /Users/zainnasseer/development/esp/esp-idf/components/ulp /Users/zainnasseer/development/esp/esp-idf/components/unity /Users/zainnasseer/development/esp/esp-idf/components/vfs /Users/zainnasseer/development/esp/esp-idf/components/wear_levelling /Users/zainnasseer/development/esp/esp-idf/components/wpa_supplicant
-- Configuring done (7.8s)
-- Generating done (0.5s)
-- Build files have been written to: /Users/zainnasseer/development/esp/wifi_repeater/build
Executing action: all (aliases: build)
Running ninja in directory /Users/zainnasseer/development/esp/wifi_repeater/build
Executing "ninja all"...
[1/1059] Generating project_elf_src_esp32c5.c
[2/1059] Preprocessing linker script /Users/zainnasseer/development/esp/esp-idf/components/esp_system/ld/esp32c5/memory.ld.in -> /Users/zainnasseer/development/esp/wifi_repeater/build/esp-idf/esp_system/ld/memory.ld
[3/1059] Preprocessing linker script /Users/zainnasseer/development/esp/esp-idf/components/esp_system/ld/esp32c5/sections.ld.in -> /Users/zainnasseer/development/esp/wifi_repeater/build/esp-idf/esp_system/ld/sections.ld.in
[4/1059] cd /Users/zainnasseer/development/esp/wifi_repeater/build/esp-idf/main && /Users/zainnasseer/.espressif/python_env/idf6.1_py3.14_env/bin/python /Users/zainnasseer/development/esp/esp-idf/components/spiffs/spiffsgen.py 0x40000 /Users/zainnasseer/development/esp/wifi_repeater/main/www /Users/zainnasseer/development/esp/wifi_repeater/build/www.bin --page-size=256 --obj-name-len=32 --meta-len=4 --use-magic --use-magic-len
[5/1059] Generating ../../partition_table/partition-table.bin
Partition table binary generated. Contents:
*******************************************************************************
# ESP-IDF Partition Table
# Name, Type, SubType, Offset, Size, Flags
nvs,data,nvs,0x9000,24K,
phy_init,data,phy,0xf000,4K,
factory,app,factory,0x10000,1M,
www,data,spiffs,0x110000,256K,
*******************************************************************************
[6/1059] Building C object esp-idf/esp_http_server/CMakeFiles/__idf_esp_http_server.dir/src/httpd_crypto_mbedtls.c.obj
[7/1059] Building C object esp-idf/esp_http_server/CMakeFiles/__idf_esp_http_server.dir/src/httpd_ws.c.obj
[8/1059] Building C object esp-idf/esp_http_server/CMakeFiles/__idf_esp_http_server.dir/src/util/ctrl_sock.c.obj
[9/1059] Building C object esp-idf/esp_http_server/CMakeFiles/__idf_esp_http_server.dir/src/httpd_uri.c.obj
[10/1059] Building C object esp-idf/esp_http_server/CMakeFiles/__idf_esp_http_server.dir/src/httpd_sess.c.obj
[11/1059] Building C object esp-idf/esp_http_server/CMakeFiles/__idf_esp_http_server.dir/src/httpd_main.c.obj
[12/1059] Building C object esp-idf/esp_http_client/CMakeFiles/__idf_esp_http_client.dir/lib/http_auth.c.obj
[13/1059] Building C object esp-idf/esp_http_client/CMakeFiles/__idf_esp_http_client.dir/lib/http_header.c.obj
[14/1059] Building C object esp-idf/esp_http_client/CMakeFiles/__idf_esp_http_client.dir/lib/http_crypto_mbedtls.c.obj
[15/1059] Building C object esp-idf/esp_http_server/CMakeFiles/__idf_esp_http_server.dir/src/httpd_txrx.c.obj
[16/1059] Building C object esp-idf/esp_http_client/CMakeFiles/__idf_esp_http_client.dir/lib/http_utils.c.obj
[17/1059] Building C object esp-idf/esp_http_server/CMakeFiles/__idf_esp_http_server.dir/src/httpd_parse.c.obj
[18/1059] Building C object esp-idf/esp_https_ota/CMakeFiles/__idf_esp_https_ota.dir/src/esp_https_ota.c.obj
[19/1059] Building C object esp-idf/tcp_transport/CMakeFiles/__idf_tcp_transport.dir/transport_internal.c.obj
[20/1059] Building C object esp-idf/tcp_transport/CMakeFiles/__idf_tcp_transport.dir/transport_socks_proxy.c.obj
[21/1059] Linking C static library esp-idf/esp_https_ota/libesp_https_ota.a
[22/1059] Building C object esp-idf/tcp_transport/CMakeFiles/__idf_tcp_transport.dir/transport.c.obj
[23/1059] Linking C static library esp-idf/esp_http_server/libesp_http_server.a
[24/1059] Building C object esp-idf/tcp_transport/CMakeFiles/__idf_tcp_transport.dir/transport_ssl.c.obj
[25/1059] Building C object esp-idf/esp_driver_i2s/CMakeFiles/__idf_esp_driver_i2s.dir/i2s_etm.c.obj
[26/1059] Building C object esp-idf/esp_driver_i2s/CMakeFiles/__idf_esp_driver_i2s.dir/i2s_platform.c.obj
[27/1059] Building C object esp-idf/esp_driver_i2s/CMakeFiles/__idf_esp_driver_i2s.dir/i2s_std.c.obj
[28/1059] Building C object esp-idf/esp_driver_i2s/CMakeFiles/__idf_esp_driver_i2s.dir/i2s_tdm.c.obj
[29/1059] Building C object esp-idf/esp_adc/CMakeFiles/__idf_esp_adc.dir/adc_cali.c.obj
[30/1059] Building C object esp-idf/esp_adc/CMakeFiles/__idf_esp_adc.dir/adc_common.c.obj
[31/1059] Building C object esp-idf/esp_adc/CMakeFiles/__idf_esp_adc.dir/adc_cali_curve_fitting.c.obj
[32/1059] Building C object esp-idf/esp_adc/CMakeFiles/__idf_esp_adc.dir/adc_oneshot.c.obj
[33/1059] Building C object esp-idf/esp_driver_i2s/CMakeFiles/__idf_esp_driver_i2s.dir/i2s_pdm.c.obj
[34/1059] Building C object esp-idf/esp_driver_i2s/CMakeFiles/__idf_esp_driver_i2s.dir/i2s_common.c.obj
[35/1059] Building C object esp-idf/esp_http_client/CMakeFiles/__idf_esp_http_client.dir/esp_http_client.c.obj
[36/1059] Building C object esp-idf/esp_adc/CMakeFiles/__idf_esp_adc.dir/gdma/adc_dma.c.obj
[37/1059] Building C object esp-idf/esp_adc/CMakeFiles/__idf_esp_adc.dir/esp32c5/curve_fitting_coefficients.c.obj
[38/1059] Linking C static library esp-idf/esp_http_client/libesp_http_client.a
[39/1059] Building C object esp-idf/esp-tls/CMakeFiles/__idf_esp-tls.dir/esp_tls_platform_port.c.obj
[40/1059] Building C object esp-idf/esp_adc/CMakeFiles/__idf_esp_adc.dir/adc_monitor.c.obj
[41/1059] Building C object esp-idf/esp-tls/CMakeFiles/__idf_esp-tls.dir/esp-tls-crypto/esp_tls_crypto.c.obj
[42/1059] Building C object esp-idf/esp_adc/CMakeFiles/__idf_esp_adc.dir/adc_filter.c.obj
[43/1059] Building C object esp-idf/esp_adc/CMakeFiles/__idf_esp_adc.dir/adc_continuous.c.obj
[44/1059] Building C object esp-idf/tcp_transport/CMakeFiles/__idf_tcp_transport.dir/transport_ws.c.obj
[45/1059] Building C object esp-idf/esp-tls/CMakeFiles/__idf_esp-tls.dir/esp_tls_error_capture.c.obj
[46/1059] Building C object esp-idf/esp_gdbstub/CMakeFiles/__idf_esp_gdbstub.dir/src/port/riscv/gdbstub_riscv.c.obj
[47/1059] Linking C static library esp-idf/tcp_transport/libtcp_transport.a
[48/1059] Building C object esp-idf/esp_gdbstub/CMakeFiles/__idf_esp_gdbstub.dir/src/port/riscv/rv_decode.c.obj
[49/1059] Building C object esp-idf/esp_gdbstub/CMakeFiles/__idf_esp_gdbstub.dir/src/packet.c.obj
[50/1059] Building C object esp-idf/esp_gdbstub/CMakeFiles/__idf_esp_gdbstub.dir/src/port/riscv/target_xml.c.obj
[51/1059] Building C object esp-idf/esp_gdbstub/CMakeFiles/__idf_esp_gdbstub.dir/src/gdbstub_transport.c.obj
[52/1059] Linking C static library esp-idf/esp_driver_i2s/libesp_driver_i2s.a
[53/1059] Building C object esp-idf/esp_wifi/CMakeFiles/__idf_esp_wifi.dir/src/lib_printf.c.obj
[54/1059] Building C object esp-idf/esp_wifi/CMakeFiles/__idf_esp_wifi.dir/src/mesh_event.c.obj
[55/1059] Linking C static library esp-idf/esp_adc/libesp_adc.a
[56/1059] Building C object esp-idf/esp_wifi/CMakeFiles/__idf_esp_wifi.dir/src/smartconfig.c.obj
[57/1059] Building C object esp-idf/esp_gdbstub/CMakeFiles/__idf_esp_gdbstub.dir/src/gdbstub.c.obj
[58/1059] Building C object esp-idf/esp_wifi/CMakeFiles/__idf_esp_wifi.dir/src/wifi_init.c.obj
[59/1059] Building C object esp-idf/esp_wifi/CMakeFiles/__idf_esp_wifi.dir/src/wifi_default.c.obj
[60/1059] Building C object esp-idf/esp_wifi/CMakeFiles/__idf_esp_wifi.dir/src/wifi_netif.c.obj
[61/1059] Building C object esp-idf/esp_wifi/CMakeFiles/__idf_esp_wifi.dir/src/wifi_default_ap.c.obj
[62/1059] Building C object esp-idf/esp-tls/CMakeFiles/__idf_esp-tls.dir/esp_tls.c.obj
[63/1059] Building C object esp-idf/esp_wifi/CMakeFiles/__idf_esp_wifi.dir/regulatory/esp_wifi_regulatory.c.obj
[64/1059] Building C object esp-idf/esp_coex/CMakeFiles/__idf_esp_coex.dir/src/coexist.c.obj
[65/1059] Building C object esp-idf/esp_coex/CMakeFiles/__idf_esp_coex.dir/src/coexist_debug_diagram.c.obj
[66/1059] Building C object esp-idf/esp_coex/CMakeFiles/__idf_esp_coex.dir/src/lib_printf.c.obj
[67/1059] Building C object esp-idf/esp_coex/CMakeFiles/__idf_esp_coex.dir/src/coexist_debug.c.obj
[68/1059] Building C object esp-idf/esp_coex/CMakeFiles/__idf_esp_coex.dir/esp32c5/esp_coex_adapter.c.obj
[69/1059] Building C object esp-idf/esp_wifi/CMakeFiles/__idf_esp_wifi.dir/src/smartconfig_ack.c.obj
[70/1059] Building C object esp-idf/wpa_supplicant/CMakeFiles/__idf_wpa_supplicant.dir/port/os_xtensa.c.obj
[71/1059] Building C object esp-idf/esp-tls/CMakeFiles/__idf_esp-tls.dir/esp_tls_mbedtls.c.obj
[72/1059] Building C object esp-idf/wpa_supplicant/CMakeFiles/__idf_wpa_supplicant.dir/port/eloop.c.obj
[73/1059] Building C object esp-idf/esp_wifi/CMakeFiles/__idf_esp_wifi.dir/esp32c5/esp_adapter.c.obj
[74/1059] Linking C static library esp-idf/esp-tls/libesp-tls.a
[75/1059] Building C object esp-idf/wpa_supplicant/CMakeFiles/__idf_wpa_supplicant.dir/src/ap/ieee802_1x.c.obj
[76/1059] Building C object esp-idf/wpa_supplicant/CMakeFiles/__idf_wpa_supplicant.dir/src/ap/ap_config.c.obj
[77/1059] Building C object esp-idf/wpa_supplicant/CMakeFiles/__idf_wpa_supplicant.dir/src/ap/sta_info.c.obj
[78/1059] Building C object esp-idf/wpa_supplicant/CMakeFiles/__idf_wpa_supplicant.dir/src/ap/wpa_auth_ie.c.obj
[79/1059] Building C object esp-idf/wpa_supplicant/CMakeFiles/__idf_wpa_supplicant.dir/src/ap/pmksa_cache_auth.c.obj
[80/1059] Building C object esp-idf/wpa_supplicant/CMakeFiles/__idf_wpa_supplicant.dir/src/ap/comeback_token.c.obj
[81/1059] Building C object esp-idf/wpa_supplicant/CMakeFiles/__idf_wpa_supplicant.dir/src/utils/bitfield.c.obj
[82/1059] Building C object esp-idf/wpa_supplicant/CMakeFiles/__idf_wpa_supplicant.dir/src/common/dragonfly.c.obj
[83/1059] Building C object esp-idf/http_parser/CMakeFiles/__idf_http_parser.dir/http_parser.c.obj
[84/1059] Building C object esp-idf/wpa_supplicant/CMakeFiles/__idf_wpa_supplicant.dir/src/crypto/sha256-kdf.c.obj
[85/1059] Building C object esp-idf/wpa_supplicant/CMakeFiles/__idf_wpa_supplicant.dir/src/ap/ieee802_11.c.obj
[86/1059] Building C object esp-idf/wpa_supplicant/CMakeFiles/__idf_wpa_supplicant.dir/src/crypto/aes-siv.c.obj
[87/1059] Linking C static library esp-idf/http_parser/libhttp_parser.a
[88/1059] Linking C static library esp-idf/esp_gdbstub/libesp_gdbstub.a
[89/1059] Building C object esp-idf/wpa_supplicant/CMakeFiles/__idf_wpa_supplicant.dir/src/crypto/crypto_ops.c.obj
[90/1059] Building C object esp-idf/wpa_supplicant/CMakeFiles/__idf_wpa_supplicant.dir/src/crypto/aes-gcm.c.obj
[91/1059] Building C object esp-idf/wpa_supplicant/CMakeFiles/__idf_wpa_supplicant.dir/src/crypto/dh_groups.c.obj
[92/1059] Building C object esp-idf/wpa_supplicant/CMakeFiles/__idf_wpa_supplicant.dir/src/crypto/dh_group5.c.obj
[93/1059] Linking C static library esp-idf/esp_wifi/libesp_wifi.a
[94/1059] Building C object esp-idf/wpa_supplicant/CMakeFiles/__idf_wpa_supplicant.dir/src/crypto/ms_funcs.c.obj
[95/1059] Building C object esp-idf/wpa_supplicant/CMakeFiles/__idf_wpa_supplicant.dir/src/common/wpa_common.c.obj
[96/1059] Building C object esp-idf/wpa_supplicant/CMakeFiles/__idf_wpa_supplicant.dir/src/crypto/ccmp.c.obj
[97/1059] Building C object esp-idf/wpa_supplicant/CMakeFiles/__idf_wpa_supplicant.dir/src/crypto/sha384-tlsprf.c.obj
[98/1059] Building C object esp-idf/wpa_supplicant/CMakeFiles/__idf_wpa_supplicant.dir/src/crypto/sha1-tlsprf.c.obj
[99/1059] Building C object esp-idf/wpa_supplicant/CMakeFiles/__idf_wpa_supplicant.dir/src/crypto/sha384-prf.c.obj
[100/1059] Building C object esp-idf/wpa_supplicant/CMakeFiles/__idf_wpa_supplicant.dir/src/crypto/sha256-tlsprf.c.obj
[101/1059] Building C object esp-idf/wpa_supplicant/CMakeFiles/__idf_wpa_supplicant.dir/src/crypto/sha256-prf.c.obj
[102/1059] Building C object esp-idf/wpa_supplicant/CMakeFiles/__idf_wpa_supplicant.dir/src/crypto/sha1-prf.c.obj
[103/1059] Building C object esp-idf/wpa_supplicant/CMakeFiles/__idf_wpa_supplicant.dir/src/ap/wpa_auth.c.obj
[104/1059] Building C object esp-idf/wpa_supplicant/CMakeFiles/__idf_wpa_supplicant.dir/src/eap_common/eap_wsc_common.c.obj
[105/1059] Building C object esp-idf/wpa_supplicant/CMakeFiles/__idf_wpa_supplicant.dir/src/crypto/sha1-tprf.c.obj
[106/1059] Building C object esp-idf/wpa_supplicant/CMakeFiles/__idf_wpa_supplicant.dir/src/crypto/md4-internal.c.obj
[107/1059] Building C object esp-idf/wpa_supplicant/CMakeFiles/__idf_wpa_supplicant.dir/src/eap_peer/chap.c.obj
[108/1059] Building C object esp-idf/wpa_supplicant/CMakeFiles/__idf_wpa_supplicant.dir/src/eap_peer/eap_common.c.obj
[109/1059] Building C object esp-idf/wpa_supplicant/CMakeFiles/__idf_wpa_supplicant.dir/src/common/sae.c.obj
[110/1059] Building C object esp-idf/wpa_supplicant/CMakeFiles/__idf_wpa_supplicant.dir/src/eap_peer/eap_peap_common.c.obj
[111/1059] Building C object esp-idf/wpa_supplicant/CMakeFiles/__idf_wpa_supplicant.dir/src/common/ieee802_11_common.c.obj
[112/1059] Building C object esp-idf/wpa_supplicant/CMakeFiles/__idf_wpa_supplicant.dir/src/eap_peer/eap_mschapv2.c.obj
[113/1059] Building C object esp-idf/wpa_supplicant/CMakeFiles/__idf_wpa_supplicant.dir/src/eap_peer/eap_tls.c.obj
[114/1059] Building C object esp-idf/wpa_supplicant/CMakeFiles/__idf_wpa_supplicant.dir/src/eap_peer/mschapv2.c.obj
[115/1059] Building C object esp-idf/wpa_supplicant/CMakeFiles/__idf_wpa_supplicant.dir/src/eap_peer/eap.c.obj
[116/1059] Building C object esp-idf/wpa_supplicant/CMakeFiles/__idf_wpa_supplicant.dir/src/eap_peer/eap_tls_common.c.obj
[117/1059] Building C object esp-idf/wpa_supplicant/CMakeFiles/__idf_wpa_supplicant.dir/src/eap_peer/eap_fast_common.c.obj
[118/1059] Building C object esp-idf/wpa_supplicant/CMakeFiles/__idf_wpa_supplicant.dir/src/eap_peer/eap_peap.c.obj
[119/1059] Building C object esp-idf/wpa_supplicant/CMakeFiles/__idf_wpa_supplicant.dir/src/rsn_supp/pmksa_cache.c.obj
[120/1059] Building C object esp-idf/wpa_supplicant/CMakeFiles/__idf_wpa_supplicant.dir/src/eap_peer/eap_ttls.c.obj
[121/1059] Building C object esp-idf/wpa_supplicant/CMakeFiles/__idf_wpa_supplicant.dir/src/rsn_supp/wpa_ie.c.obj
[122/1059] Building C object esp-idf/wpa_supplicant/CMakeFiles/__idf_wpa_supplicant.dir/src/utils/base64.c.obj
[123/1059] Building C object esp-idf/wpa_supplicant/CMakeFiles/__idf_wpa_supplicant.dir/src/eap_peer/eap_fast_pac.c.obj
[124/1059] Building C object esp-idf/wpa_supplicant/CMakeFiles/__idf_wpa_supplicant.dir/src/utils/uuid.c.obj
[125/1059] Building C object esp-idf/wpa_supplicant/CMakeFiles/__idf_wpa_supplicant.dir/src/utils/ext_password.c.obj
[126/1059] Building C object esp-idf/wpa_supplicant/CMakeFiles/__idf_wpa_supplicant.dir/src/utils/common.c.obj
[127/1059] Building C object esp-idf/wpa_supplicant/CMakeFiles/__idf_wpa_supplicant.dir/src/utils/wpa_debug.c.obj
[128/1059] Building C object esp-idf/wpa_supplicant/CMakeFiles/__idf_wpa_supplicant.dir/src/utils/wpabuf.c.obj
[129/1059] Building C object esp-idf/wpa_supplicant/CMakeFiles/__idf_wpa_supplicant.dir/src/wps/wps_attr_process.c.obj
[130/1059] Building C object esp-idf/wpa_supplicant/CMakeFiles/__idf_wpa_supplicant.dir/src/utils/json.c.obj
[131/1059] Building C object esp-idf/wpa_supplicant/CMakeFiles/__idf_wpa_supplicant.dir/src/wps/wps.c.obj
[132/1059] Building C object esp-idf/wpa_supplicant/CMakeFiles/__idf_wpa_supplicant.dir/src/wps/wps_attr_build.c.obj
[133/1059] Building C object esp-idf/wpa_supplicant/CMakeFiles/__idf_wpa_supplicant.dir/src/wps/wps_attr_parse.c.obj
[134/1059] Building C object esp-idf/wpa_supplicant/CMakeFiles/__idf_wpa_supplicant.dir/src/eap_peer/eap_fast.c.obj
[135/1059] Building C object esp-idf/wpa_supplicant/CMakeFiles/__idf_wpa_supplicant.dir/src/wps/wps_common.c.obj
[136/1059] Building C object esp-idf/wpa_supplicant/CMakeFiles/__idf_wpa_supplicant.dir/src/wps/wps_dev_attr.c.obj
[137/1059] Building C object esp-idf/wpa_supplicant/CMakeFiles/__idf_wpa_supplicant.dir/src/rsn_supp/wpa.c.obj
[138/1059] Building C object esp-idf/wpa_supplicant/CMakeFiles/__idf_wpa_supplicant.dir/esp_supplicant/src/esp_wpa2_api_port.c.obj
[139/1059] Building C object esp-idf/wpa_supplicant/CMakeFiles/__idf_wpa_supplicant.dir/src/wps/wps_enrollee.c.obj
[140/1059] Building C object esp-idf/wpa_supplicant/CMakeFiles/__idf_wpa_supplicant.dir/esp_supplicant/src/esp_wpas_glue.c.obj
[141/1059] Building C object esp-idf/wpa_supplicant/CMakeFiles/__idf_wpa_supplicant.dir/src/common/sae_pk.c.obj
[142/1059] Building C object esp-idf/wpa_supplicant/CMakeFiles/__idf_wpa_supplicant.dir/esp_supplicant/src/esp_common.c.obj
[143/1059] Building C object esp-idf/wpa_supplicant/CMakeFiles/__idf_wpa_supplicant.dir/esp_supplicant/src/esp_wpa_main.c.obj
[144/1059] Building C object esp-idf/wpa_supplicant/CMakeFiles/__idf_wpa_supplicant.dir/esp_supplicant/src/esp_owe.c.obj
[145/1059] Building C object esp-idf/wpa_supplicant/CMakeFiles/__idf_wpa_supplicant.dir/esp_supplicant/src/esp_eap_client.c.obj
[146/1059] Building C object esp-idf/wpa_supplicant/CMakeFiles/__idf_wpa_supplicant.dir/esp_supplicant/src/crypto/fastpsk.c.obj
[147/1059] Building C object esp-idf/wpa_supplicant/CMakeFiles/__idf_wpa_supplicant.dir/esp_supplicant/src/esp_wpa3.c.obj
[148/1059] Building C object esp-idf/wpa_supplicant/CMakeFiles/__idf_wpa_supplicant.dir/esp_supplicant/src/esp_hostap.c.obj
[149/1059] Building C object esp-idf/wpa_supplicant/CMakeFiles/__idf_wpa_supplicant.dir/esp_supplicant/src/crypto/crypto_mbedtls-bignum.c.obj
[150/1059] Building C object esp-idf/wpa_supplicant/CMakeFiles/__idf_wpa_supplicant.dir/esp_supplicant/src/crypto/crypto_mbedtls.c.obj
[151/1059] Building C object esp-idf/wpa_supplicant/CMakeFiles/__idf_wpa_supplicant.dir/esp_supplicant/src/crypto/crypto_mbedtls-rsa.c.obj
[152/1059] Building C object esp-idf/wpa_supplicant/CMakeFiles/__idf_wpa_supplicant.dir/src/crypto/rc4.c.obj
[153/1059] Building C object esp-idf/wpa_supplicant/CMakeFiles/__idf_wpa_supplicant.dir/esp_supplicant/src/esp_wps.c.obj
[154/1059] Linking C static library esp-idf/esp_coex/libesp_coex.a
[155/1059] Building C object esp-idf/wpa_supplicant/CMakeFiles/__idf_wpa_supplicant.dir/src/crypto/des-internal.c.obj
[156/1059] Building C object esp-idf/esp_netif/CMakeFiles/__idf_esp_netif.dir/esp_netif_defaults.c.obj
[157/1059] Building C object esp-idf/wpa_supplicant/CMakeFiles/__idf_wpa_supplicant.dir/src/crypto/aes-unwrap.c.obj
[158/1059] Building C object esp-idf/esp_netif/CMakeFiles/__idf_esp_netif.dir/esp_netif_objects.c.obj
[159/1059] Building C object esp-idf/wpa_supplicant/CMakeFiles/__idf_wpa_supplicant.dir/esp_supplicant/src/crypto/tls_mbedtls.c.obj
[160/1059] Building C object esp-idf/esp_netif/CMakeFiles/__idf_esp_netif.dir/esp_netif_handlers.c.obj
[161/1059] Building C object esp-idf/wpa_supplicant/CMakeFiles/__idf_wpa_supplicant.dir/src/crypto/aes-wrap.c.obj
[162/1059] Building C object esp-idf/wpa_supplicant/CMakeFiles/__idf_wpa_supplicant.dir/esp_supplicant/src/crypto/fastpbkdf2.c.obj
[163/1059] Building C object esp-idf/wpa_supplicant/CMakeFiles/__idf_wpa_supplicant.dir/src/crypto/aes-ccm.c.obj
[164/1059] Building C object esp-idf/esp_netif/CMakeFiles/__idf_esp_netif.dir/lwip/esp_netif_lwip_defaults.c.obj
[165/1059] Building C object esp-idf/esp_netif/CMakeFiles/__idf_esp_netif.dir/lwip/netif/esp_pbuf_ref.c.obj
[166/1059] Building C object esp-idf/esp_netif/CMakeFiles/__idf_esp_netif.dir/lwip/netif/ethernetif.c.obj
[167/1059] Building C object esp-idf/lwip/CMakeFiles/__idf_lwip.dir/lwip/src/api/err.c.obj
[168/1059] Building C object esp-idf/esp_netif/CMakeFiles/__idf_esp_netif.dir/lwip/netif/wlanif.c.obj
[169/1059] Building C object esp-idf/wpa_supplicant/CMakeFiles/__idf_wpa_supplicant.dir/esp_supplicant/src/crypto/crypto_mbedtls-ec.c.obj
[170/1059] Building C object esp-idf/lwip/CMakeFiles/__idf_lwip.dir/apps/sntp/sntp.c.obj
[171/1059] Building C object esp-idf/esp_netif/CMakeFiles/__idf_esp_netif.dir/lwip/esp_netif_sntp.c.obj
[172/1059] Building C object esp-idf/lwip/CMakeFiles/__idf_lwip.dir/lwip/src/api/if_api.c.obj
[173/1059] Building C object esp-idf/lwip/CMakeFiles/__idf_lwip.dir/lwip/src/api/netbuf.c.obj
[174/1059] Building C object esp-idf/lwip/CMakeFiles/__idf_lwip.dir/lwip/src/api/netifapi.c.obj
[175/1059] Building C object esp-idf/lwip/CMakeFiles/__idf_lwip.dir/lwip/src/api/tcpip.c.obj
[176/1059] Building C object esp-idf/lwip/CMakeFiles/__idf_lwip.dir/lwip/src/api/api_lib.c.obj
[177/1059] Building C object esp-idf/lwip/CMakeFiles/__idf_lwip.dir/lwip/src/api/netdb.c.obj
[178/1059] Building C object esp-idf/lwip/CMakeFiles/__idf_lwip.dir/lwip/src/apps/sntp/sntp.c.obj
[179/1059] Building C object esp-idf/lwip/CMakeFiles/__idf_lwip.dir/lwip/src/apps/netbiosns/netbiosns.c.obj
[180/1059] Building C object esp-idf/lwip/CMakeFiles/__idf_lwip.dir/lwip/src/core/def.c.obj
[181/1059] Linking C static library esp-idf/wpa_supplicant/libwpa_supplicant.a
[182/1059] Building C object esp-idf/lwip/CMakeFiles/__idf_lwip.dir/lwip/src/core/init.c.obj
[183/1059] Building C object esp-idf/lwip/CMakeFiles/__idf_lwip.dir/lwip/src/core/inet_chksum.c.obj
[184/1059] Building C object esp-idf/lwip/CMakeFiles/__idf_lwip.dir/lwip/src/core/mem.c.obj
[185/1059] Building C object esp-idf/lwip/CMakeFiles/__idf_lwip.dir/lwip/src/core/ip.c.obj
[186/1059] Building C object esp-idf/lwip/CMakeFiles/__idf_lwip.dir/lwip/src/core/memp.c.obj
[187/1059] Building C object esp-idf/lwip/CMakeFiles/__idf_lwip.dir/lwip/src/api/api_msg.c.obj
[188/1059] Building C object esp-idf/lwip/CMakeFiles/__idf_lwip.dir/lwip/src/core/sys.c.obj
[189/1059] Building C object esp-idf/lwip/CMakeFiles/__idf_lwip.dir/lwip/src/core/stats.c.obj
[190/1059] Building C object esp-idf/lwip/CMakeFiles/__idf_lwip.dir/lwip/src/core/dns.c.obj
[191/1059] Building C object esp-idf/lwip/CMakeFiles/__idf_lwip.dir/lwip/src/core/raw.c.obj
[192/1059] Building C object esp-idf/lwip/CMakeFiles/__idf_lwip.dir/lwip/src/core/timeouts.c.obj
[193/1059] Building C object esp-idf/lwip/CMakeFiles/__idf_lwip.dir/lwip/src/core/pbuf.c.obj
[194/1059] Building C object esp-idf/lwip/CMakeFiles/__idf_lwip.dir/lwip/src/core/ipv4/autoip.c.obj
[195/1059] Building C object esp-idf/lwip/CMakeFiles/__idf_lwip.dir/lwip/src/core/netif.c.obj
[196/1059] Building C object esp-idf/lwip/CMakeFiles/__idf_lwip.dir/lwip/src/core/tcp_out.c.obj
[197/1059] Building C object esp-idf/lwip/CMakeFiles/__idf_lwip.dir/lwip/src/core/tcp_in.c.obj
[198/1059] Building C object esp-idf/lwip/CMakeFiles/__idf_lwip.dir/lwip/src/core/udp.c.obj
[199/1059] Building C object esp-idf/lwip/CMakeFiles/__idf_lwip.dir/lwip/src/core/ipv4/icmp.c.obj
[200/1059] Building C object esp-idf/esp_netif/CMakeFiles/__idf_esp_netif.dir/lwip/esp_netif_lwip.c.obj
[201/1059] Building C object esp-idf/lwip/CMakeFiles/__idf_lwip.dir/lwip/src/core/ipv4/ip4_napt.c.obj
[202/1059] Building C object esp-idf/lwip/CMakeFiles/__idf_lwip.dir/lwip/src/core/tcp.c.obj
[203/1059] Building C object esp-idf/lwip/CMakeFiles/__idf_lwip.dir/lwip/src/core/ipv6/dhcp6.c.obj
[204/1059] Building C object esp-idf/lwip/CMakeFiles/__idf_lwip.dir/lwip/src/api/sockets.c.obj
[205/1059] Building C object esp-idf/lwip/CMakeFiles/__idf_lwip.dir/lwip/src/core/ipv4/ip4_addr.c.obj
[206/1059] Building C object esp-idf/lwip/CMakeFiles/__idf_lwip.dir/lwip/src/core/ipv4/ip4_frag.c.obj
[207/1059] Building C object esp-idf/lwip/CMakeFiles/__idf_lwip.dir/lwip/src/core/ipv4/igmp.c.obj
[208/1059] Building C object esp-idf/lwip/CMakeFiles/__idf_lwip.dir/lwip/src/core/ipv4/etharp.c.obj
[209/1059] Building C object esp-idf/lwip/CMakeFiles/__idf_lwip.dir/lwip/src/core/ipv6/ethip6.c.obj
[210/1059] Building C object esp-idf/lwip/CMakeFiles/__idf_lwip.dir/lwip/src/core/ipv6/inet6.c.obj
[211/1059] Building C object esp-idf/lwip/CMakeFiles/__idf_lwip.dir/lwip/src/core/ipv6/icmp6.c.obj
[212/1059] Building C object esp-idf/lwip/CMakeFiles/__idf_lwip.dir/lwip/src/core/ipv4/dhcp.c.obj
[213/1059] Building C object esp-idf/lwip/CMakeFiles/__idf_lwip.dir/lwip/src/core/ipv4/ip4.c.obj
[214/1059] Building C object esp-idf/lwip/CMakeFiles/__idf_lwip.dir/lwip/src/netif/bridgeif.c.obj
[215/1059] Building C object esp-idf/lwip/CMakeFiles/__idf_lwip.dir/lwip/src/core/ipv6/ip6_frag.c.obj
[216/1059] Building C object esp-idf/lwip/CMakeFiles/__idf_lwip.dir/lwip/src/core/ipv6/ip6_addr.c.obj
[217/1059] Building C object esp-idf/lwip/CMakeFiles/__idf_lwip.dir/lwip/src/core/ipv6/mld6.c.obj
[218/1059] Building C object esp-idf/lwip/CMakeFiles/__idf_lwip.dir/lwip/src/core/ipv6/ip6.c.obj
[219/1059] Building C object esp-idf/lwip/CMakeFiles/__idf_lwip.dir/lwip/src/netif/ethernet.c.obj
[220/1059] Building C object esp-idf/lwip/CMakeFiles/__idf_lwip.dir/lwip/src/netif/ppp/auth.c.obj
[221/1059] Building C object esp-idf/lwip/CMakeFiles/__idf_lwip.dir/lwip/src/netif/bridgeif_fdb.c.obj
[222/1059] Building C object esp-idf/lwip/CMakeFiles/__idf_lwip.dir/lwip/src/netif/ppp/chap-new.c.obj
[223/1059] Building C object esp-idf/lwip/CMakeFiles/__idf_lwip.dir/lwip/src/netif/ppp/ccp.c.obj
[224/1059] Building C object esp-idf/lwip/CMakeFiles/__idf_lwip.dir/lwip/src/netif/ppp/chap-md5.c.obj
[225/1059] Building C object esp-idf/lwip/CMakeFiles/__idf_lwip.dir/lwip/src/netif/ppp/demand.c.obj
[226/1059] Building C object esp-idf/lwip/CMakeFiles/__idf_lwip.dir/lwip/src/netif/ppp/eap.c.obj
[227/1059] Building C object esp-idf/lwip/CMakeFiles/__idf_lwip.dir/lwip/src/netif/ppp/ecp.c.obj
[228/1059] Building C object esp-idf/lwip/CMakeFiles/__idf_lwip.dir/lwip/src/netif/ppp/chap_ms.c.obj
[229/1059] Building C object esp-idf/lwip/CMakeFiles/__idf_lwip.dir/lwip/src/netif/slipif.c.obj
[230/1059] Building C object esp-idf/lwip/CMakeFiles/__idf_lwip.dir/lwip/src/netif/ppp/ipv6cp.c.obj
[231/1059] Building C object esp-idf/lwip/CMakeFiles/__idf_lwip.dir/lwip/src/netif/ppp/ipcp.c.obj
[232/1059] Building C object esp-idf/lwip/CMakeFiles/__idf_lwip.dir/lwip/src/netif/ppp/eui64.c.obj
[233/1059] Building C object esp-idf/lwip/CMakeFiles/__idf_lwip.dir/lwip/src/netif/ppp/fsm.c.obj
[234/1059] Building C object esp-idf/lwip/CMakeFiles/__idf_lwip.dir/lwip/src/netif/ppp/magic.c.obj
[235/1059] Building C object esp-idf/lwip/CMakeFiles/__idf_lwip.dir/lwip/src/netif/ppp/mppe.c.obj
[236/1059] Building C object esp-idf/lwip/CMakeFiles/__idf_lwip.dir/lwip/src/netif/ppp/lcp.c.obj
[237/1059] Building C object esp-idf/lwip/CMakeFiles/__idf_lwip.dir/lwip/src/netif/ppp/ppp.c.obj
[238/1059] Building C object esp-idf/lwip/CMakeFiles/__idf_lwip.dir/lwip/src/netif/ppp/pppapi.c.obj
[239/1059] Building C object esp-idf/lwip/CMakeFiles/__idf_lwip.dir/lwip/src/netif/ppp/multilink.c.obj
[240/1059] Building C object esp-idf/lwip/CMakeFiles/__idf_lwip.dir/lwip/src/netif/ppp/pppoe.c.obj
[241/1059] Building C object esp-idf/lwip/CMakeFiles/__idf_lwip.dir/lwip/src/netif/ppp/pppol2tp.c.obj
[242/1059] Building C object esp-idf/lwip/CMakeFiles/__idf_lwip.dir/lwip/src/netif/ppp/pppcrypt.c.obj
[243/1059] Building C object esp-idf/lwip/CMakeFiles/__idf_lwip.dir/lwip/src/netif/ppp/upap.c.obj
[244/1059] Building C object esp-idf/lwip/CMakeFiles/__idf_lwip.dir/lwip/src/netif/ppp/utils.c.obj
[245/1059] Building C object esp-idf/lwip/CMakeFiles/__idf_lwip.dir/lwip/src/netif/ppp/pppos.c.obj
[246/1059] Building C object esp-idf/lwip/CMakeFiles/__idf_lwip.dir/lwip/src/netif/ppp/vj.c.obj
[247/1059] Building C object esp-idf/lwip/CMakeFiles/__idf_lwip.dir/port/if_index.c.obj
[248/1059] Building C object esp-idf/lwip/CMakeFiles/__idf_lwip.dir/port/hooks/tcp_isn_default.c.obj
[249/1059] Building C object esp-idf/lwip/CMakeFiles/__idf_lwip.dir/port/sockets_ext.c.obj
[250/1059] Building C object esp-idf/lwip/CMakeFiles/__idf_lwip.dir/port/hooks/lwip_default_hooks.c.obj
[251/1059] Building C object esp-idf/lwip/CMakeFiles/__idf_lwip.dir/lwip/src/core/ipv6/nd6.c.obj
[252/1059] Building C object esp-idf/lwip/CMakeFiles/__idf_lwip.dir/port/esp32xx/vfs_lwip.c.obj
[253/1059] Building C object esp-idf/lwip/CMakeFiles/__idf_lwip.dir/port/freertos/sys_arch.c.obj
[254/1059] Building C object esp-idf/lwip/CMakeFiles/__idf_lwip.dir/port/acd_dhcp_check.c.obj
[255/1059] Building C object esp-idf/lwip/CMakeFiles/__idf_lwip.dir/lwip/src/netif/ppp/polarssl/arc4.c.obj
[256/1059] Building C object esp-idf/lwip/CMakeFiles/__idf_lwip.dir/port/debug/lwip_debug.c.obj
[257/1059] Building C object esp-idf/lwip/CMakeFiles/__idf_lwip.dir/apps/ping/ping_sock.c.obj
[258/1059] Building C object esp-idf/lwip/CMakeFiles/__idf_lwip.dir/lwip/src/netif/ppp/polarssl/des.c.obj
[259/1059] Building C object esp-idf/lwip/CMakeFiles/__idf_lwip.dir/lwip/src/netif/ppp/polarssl/md4.c.obj
[260/1059] Building C object esp-idf/lwip/CMakeFiles/__idf_lwip.dir/lwip/src/netif/ppp/polarssl/sha1.c.obj
[261/1059] Building C object esp-idf/lwip/CMakeFiles/__idf_lwip.dir/lwip/src/netif/ppp/polarssl/md5.c.obj
[262/1059] Linking C static library esp-idf/esp_netif/libesp_netif.a
[263/1059] Building C object esp-idf/esp_phy/CMakeFiles/__idf_esp_phy.dir/src/lib_printf.c.obj
[264/1059] Building C object esp-idf/esp_phy/CMakeFiles/__idf_esp_phy.dir/src/phy_override.c.obj
[265/1059] Building C object esp-idf/esp_driver_usb_serial_jtag/CMakeFiles/__idf_esp_driver_usb_serial_jtag.dir/src/usb_serial_jtag_connection_monitor.c.obj
[266/1059] Building C object esp-idf/vfs/CMakeFiles/__idf_vfs.dir/nullfs.c.obj
[267/1059] Building C object esp-idf/vfs/CMakeFiles/__idf_vfs.dir/vfs_eventfd.c.obj
[268/1059] Building C object esp-idf/esp_driver_usb_serial_jtag/CMakeFiles/__idf_esp_driver_usb_serial_jtag.dir/src/usb_serial_jtag.c.obj
[269/1059] Building C object esp-idf/lwip/CMakeFiles/__idf_lwip.dir/apps/dhcpserver/dhcpserver.c.obj
[270/1059] Building C object esp-idf/esp_phy/CMakeFiles/__idf_esp_phy.dir/esp32c5/phy_init_data.c.obj
[271/1059] Building C object esp-idf/esp_phy/CMakeFiles/__idf_esp_phy.dir/src/btbb_init.c.obj
[272/1059] Building C object esp-idf/esp_phy/CMakeFiles/__idf_esp_phy.dir/src/phy_common.c.obj
[273/1059] Building C object esp-idf/esp_driver_usb_serial_jtag/CMakeFiles/__idf_esp_driver_usb_serial_jtag.dir/src/usb_serial_jtag_vfs.c.obj
[274/1059] Building C object esp-idf/vfs/CMakeFiles/__idf_vfs.dir/vfs_semihost.c.obj
[275/1059] Building C object esp-idf/esp_phy/CMakeFiles/__idf_esp_phy.dir/src/phy_init.c.obj
[276/1059] Linking C static library esp-idf/lwip/liblwip.a
[277/1059] Building C object esp-idf/vfs/CMakeFiles/__idf_vfs.dir/vfs.c.obj
[278/1059] Linking C static library esp-idf/vfs/libvfs.a
[279/1059] Linking C static library esp-idf/esp_driver_usb_serial_jtag/libesp_driver_usb_serial_jtag.a
[280/1059] Building CXX object esp-idf/nvs_flash/CMakeFiles/__idf_nvs_flash.dir/src/nvs_partition.cpp.obj
[281/1059] Building CXX object esp-idf/nvs_flash/CMakeFiles/__idf_nvs_flash.dir/src/nvs_partition_lookup.cpp.obj
[282/1059] Building CXX object esp-idf/nvs_flash/CMakeFiles/__idf_nvs_flash.dir/src/nvs_cxx_api.cpp.obj
[283/1059] Building CXX object esp-idf/nvs_flash/CMakeFiles/__idf_nvs_flash.dir/src/nvs_item_hash_list.cpp.obj
[284/1059] Building CXX object esp-idf/nvs_flash/CMakeFiles/__idf_nvs_flash.dir/src/nvs_platform.cpp.obj
[285/1059] Building CXX object esp-idf/nvs_flash/CMakeFiles/__idf_nvs_flash.dir/src/nvs_pagemanager.cpp.obj
[286/1059] Building C object esp-idf/nvs_flash/CMakeFiles/__idf_nvs_flash.dir/src/nvs_bootloader.c.obj
[287/1059] Building C object esp-idf/nvs_flash/CMakeFiles/__idf_nvs_flash.dir/src/nvs_bootloader_aes.c.obj
[288/1059] Building CXX object esp-idf/nvs_flash/CMakeFiles/__idf_nvs_flash.dir/src/nvs_page.cpp.obj
[289/1059] Building C object esp-idf/nvs_flash/CMakeFiles/__idf_nvs_flash.dir/src/nvs_bootloader_xts_aes.c.obj
[290/1059] Building CXX object esp-idf/nvs_flash/CMakeFiles/__idf_nvs_flash.dir/src/nvs_handle_locked.cpp.obj
[291/1059] Linking C static library esp-idf/esp_phy/libesp_phy.a
[292/1059] Building CXX object esp-idf/nvs_flash/CMakeFiles/__idf_nvs_flash.dir/src/nvs_handle_simple.cpp.obj
[293/1059] Building C object esp-idf/esp_event/CMakeFiles/__idf_esp_event.dir/default_event_loop.c.obj
[294/1059] Building C object esp-idf/nvs_sec_provider/CMakeFiles/__idf_nvs_sec_provider.dir/nvs_sec_provider.c.obj
[295/1059] Building C object esp-idf/esp_event/CMakeFiles/__idf_esp_event.dir/esp_event_private.c.obj
[296/1059] Building CXX object esp-idf/nvs_flash/CMakeFiles/__idf_nvs_flash.dir/src/nvs_storage.cpp.obj
[297/1059] Building CXX object esp-idf/nvs_flash/CMakeFiles/__idf_nvs_flash.dir/src/nvs_api.cpp.obj
[298/1059] Building C object esp-idf/esp_driver_uart/CMakeFiles/__idf_esp_driver_uart.dir/src/uart_wakeup.c.obj
[299/1059] Building C object esp-idf/esp_event/CMakeFiles/__idf_esp_event.dir/esp_event.c.obj
[300/1059] Building C object esp-idf/esp_timer/CMakeFiles/__idf_esp_timer.dir/src/esp_timer_init.c.obj
[301/1059] Building C object esp-idf/esp_timer/CMakeFiles/__idf_esp_timer.dir/src/ets_timer_legacy.c.obj
[302/1059] Building C object esp-idf/esp_driver_uart/CMakeFiles/__idf_esp_driver_uart.dir/src/uart_vfs.c.obj
[303/1059] Building C object esp-idf/esp_timer/CMakeFiles/__idf_esp_timer.dir/src/esp_timer.c.obj
[304/1059] Building C object esp-idf/esp_driver_uart/CMakeFiles/__idf_esp_driver_uart.dir/src/uhci.c.obj
[305/1059] Building C object esp-idf/esp_timer/CMakeFiles/__idf_esp_timer.dir/src/system_time.c.obj
[306/1059] Building C object esp-idf/esp_timer/CMakeFiles/__idf_esp_timer.dir/src/esp_timer_impl_common.c.obj
[307/1059] Building C object esp-idf/esp_timer/CMakeFiles/__idf_esp_timer.dir/src/esp_timer_etm.c.obj
[308/1059] Building C object esp-idf/esp_timer/CMakeFiles/__idf_esp_timer.dir/src/esp_timer_impl_systimer.c.obj
[309/1059] Building CXX object esp-idf/cxx/CMakeFiles/__idf_cxx.dir/cxx_exception_stubs.cpp.obj
[310/1059] Building C object esp-idf/esp_ringbuf/CMakeFiles/__idf_esp_ringbuf.dir/ringbuf.c.obj
[311/1059] Building CXX object esp-idf/cxx/CMakeFiles/__idf_cxx.dir/cxx_init.cpp.obj
[312/1059] Building C object esp-idf/pthread/CMakeFiles/__idf_pthread.dir/pthread_local_storage.c.obj
[313/1059] Building CXX object esp-idf/nvs_flash/CMakeFiles/__idf_nvs_flash.dir/src/nvs_types.cpp.obj
[314/1059] Building C object esp-idf/pthread/CMakeFiles/__idf_pthread.dir/pthread_cond_var.c.obj
[315/1059] Building C object esp-idf/pthread/CMakeFiles/__idf_pthread.dir/pthread_semaphore.c.obj
[316/1059] Building C object esp-idf/pthread/CMakeFiles/__idf_pthread.dir/pthread_rwlock.c.obj
[317/1059] Building C object esp-idf/pthread/CMakeFiles/__idf_pthread.dir/pthread.c.obj
[318/1059] Building C object esp-idf/esp_libc/CMakeFiles/__idf_esp_libc.dir/src/init.c.obj
[319/1059] Building C object esp-idf/esp_libc/CMakeFiles/__idf_esp_libc.dir/src/abort.c.obj
[320/1059] Building C object esp-idf/esp_libc/CMakeFiles/__idf_esp_libc.dir/src/heap.c.obj
[321/1059] Building C object esp-idf/esp_libc/CMakeFiles/__idf_esp_libc.dir/src/assert.c.obj
[322/1059] Building C object esp-idf/esp_libc/CMakeFiles/__idf_esp_libc.dir/src/poll.c.obj
[323/1059] Building C object esp-idf/esp_libc/CMakeFiles/__idf_esp_libc.dir/src/locks.c.obj
[324/1059] Building C object esp-idf/esp_libc/CMakeFiles/__idf_esp_libc.dir/src/termios.c.obj
[325/1059] Building C object esp-idf/esp_libc/CMakeFiles/__idf_esp_libc.dir/src/getentropy.c.obj
[326/1059] Building CXX object esp-idf/nvs_flash/CMakeFiles/__idf_nvs_flash.dir/src/nvs_partition_manager.cpp.obj
[327/1059] Building C object esp-idf/esp_libc/CMakeFiles/__idf_esp_libc.dir/src/pthread.c.obj
[328/1059] Building C object esp-idf/esp_libc/CMakeFiles/__idf_esp_libc.dir/src/random.c.obj
[329/1059] Building C object esp-idf/esp_libc/CMakeFiles/__idf_esp_libc.dir/src/realpath.c.obj
[330/1059] Building C object esp-idf/esp_libc/CMakeFiles/__idf_esp_libc.dir/src/stdatomic.c.obj
[331/1059] Building C object esp-idf/esp_libc/CMakeFiles/__idf_esp_libc.dir/src/sysconf.c.obj
[332/1059] Building C object esp-idf/esp_libc/CMakeFiles/__idf_esp_libc.dir/src/syscalls.c.obj
[333/1059] Building C object esp-idf/esp_libc/CMakeFiles/__idf_esp_libc.dir/src/scandir.c.obj
[334/1059] Building C object esp-idf/esp_libc/CMakeFiles/__idf_esp_libc.dir/src/reent_syscalls.c.obj
[335/1059] Building C object esp-idf/esp_libc/CMakeFiles/__idf_esp_libc.dir/src/time.c.obj
[336/1059] Building C object esp-idf/esp_libc/CMakeFiles/__idf_esp_libc.dir/src/port/riscv/memmove.c.obj
[337/1059] Building C object esp-idf/esp_libc/CMakeFiles/__idf_esp_libc.dir/src/port/riscv/memcpy.c.obj
[338/1059] Building C object esp-idf/esp_libc/CMakeFiles/__idf_esp_libc.dir/src/port/esp_time_impl.c.obj
[339/1059] Building C object esp-idf/esp_libc/CMakeFiles/__idf_esp_libc.dir/src/port/riscv/strcpy.c.obj
[340/1059] Building C object esp-idf/esp_libc/CMakeFiles/__idf_esp_libc.dir/src/string/strncpy.c.obj
[341/1059] Building C object esp-idf/esp_libc/CMakeFiles/__idf_esp_libc.dir/src/string/memcmp.c.obj
[342/1059] Building C object esp-idf/esp_libc/CMakeFiles/__idf_esp_libc.dir/src/string/strncmp.c.obj
[343/1059] Building ASM object esp-idf/esp_libc/CMakeFiles/__idf_esp_libc.dir/src/port/riscv/strcmp.S.obj
[344/1059] Building CXX object esp-idf/cxx/CMakeFiles/__idf_cxx.dir/cxx_guards.cpp.obj
[345/1059] Building C object esp-idf/esp_libc/CMakeFiles/__idf_esp_libc.dir/src/flockfile.c.obj
[346/1059] Building C object esp-idf/esp_libc/CMakeFiles/__idf_esp_libc.dir/src/reent_init.c.obj
[347/1059] Building C object esp-idf/esp_libc/CMakeFiles/__idf_esp_libc.dir/src/newlib_init.c.obj
[348/1059] Building C object esp-idf/freertos/CMakeFiles/__idf_freertos.dir/heap_idf.c.obj
[349/1059] Building C object esp-idf/freertos/CMakeFiles/__idf_freertos.dir/FreeRTOS-Kernel/list.c.obj
[350/1059] Building C object esp-idf/freertos/CMakeFiles/__idf_freertos.dir/app_startup.c.obj
[351/1059] Building C object esp-idf/freertos/CMakeFiles/__idf_freertos.dir/port_systick.c.obj
[352/1059] Building C object esp-idf/freertos/CMakeFiles/__idf_freertos.dir/port_common.c.obj
[353/1059] Building ASM object esp-idf/freertos/CMakeFiles/__idf_freertos.dir/FreeRTOS-Kernel/portable/riscv/portasm.S.obj
[354/1059] Building C object esp-idf/esp_driver_uart/CMakeFiles/__idf_esp_driver_uart.dir/src/uart.c.obj
[355/1059] Building C object esp-idf/freertos/CMakeFiles/__idf_freertos.dir/FreeRTOS-Kernel/portable/riscv/port.c.obj
[356/1059] Building C object esp-idf/freertos/CMakeFiles/__idf_freertos.dir/esp_additions/idf_additions_event_groups.c.obj
[357/1059] Building C object esp-idf/freertos/CMakeFiles/__idf_freertos.dir/FreeRTOS-Kernel/event_groups.c.obj
[358/1059] Building C object esp-idf/freertos/CMakeFiles/__idf_freertos.dir/FreeRTOS-Kernel/timers.c.obj
[359/1059] Building C object esp-idf/freertos/CMakeFiles/__idf_freertos.dir/esp_additions/idf_additions.c.obj
[360/1059] Building C object esp-idf/esp_hw_support/CMakeFiles/__idf_esp_hw_support.dir/port/esp32c5/esp_cpu_intr.c.obj
[361/1059] Building C object esp-idf/esp_hw_support/CMakeFiles/__idf_esp_hw_support.dir/cpu.c.obj
[362/1059] Building CXX object esp-idf/nvs_flash/CMakeFiles/__idf_nvs_flash.dir/src/nvs_encrypted_partition.cpp.obj
[363/1059] Building C object esp-idf/esp_hw_support/CMakeFiles/__idf_esp_hw_support.dir/esp_memory_utils.c.obj
[364/1059] Building C object esp-idf/esp_hw_support/CMakeFiles/__idf_esp_hw_support.dir/port/esp32c5/cpu_region_protect.c.obj
[365/1059] Building C object esp-idf/freertos/CMakeFiles/__idf_freertos.dir/FreeRTOS-Kernel/stream_buffer.c.obj
[366/1059] Building C object esp-idf/esp_hw_support/CMakeFiles/__idf_esp_hw_support.dir/revision.c.obj
[367/1059] Linking C static library esp-idf/nvs_flash/libnvs_flash.a
[368/1059] Building C object esp-idf/esp_hw_support/CMakeFiles/__idf_esp_hw_support.dir/esp_clk.c.obj
[369/1059] Building C object esp-idf/esp_hw_support/CMakeFiles/__idf_esp_hw_support.dir/hw_random.c.obj
[370/1059] Linking C static library esp-idf/nvs_sec_provider/libnvs_sec_provider.a
[371/1059] Building C object esp-idf/freertos/CMakeFiles/__idf_freertos.dir/FreeRTOS-Kernel/queue.c.obj
[372/1059] Building C object esp-idf/esp_hw_support/CMakeFiles/__idf_esp_hw_support.dir/mac_addr.c.obj
[373/1059] Building C object esp-idf/esp_hw_support/CMakeFiles/__idf_esp_hw_support.dir/periph_ctrl.c.obj
[374/1059] Building C object esp-idf/esp_hw_support/CMakeFiles/__idf_esp_hw_support.dir/esp_gpio_reserve.c.obj
[375/1059] Building C object esp-idf/esp_hw_support/CMakeFiles/__idf_esp_hw_support.dir/clk_ctrl_os.c.obj
[376/1059] Linking C static library esp-idf/esp_event/libesp_event.a
[377/1059] Building C object esp-idf/esp_hw_support/CMakeFiles/__idf_esp_hw_support.dir/rtc_module.c.obj
[378/1059] Building C object esp-idf/esp_hw_support/CMakeFiles/__idf_esp_hw_support.dir/regi2c_ctrl.c.obj
[379/1059] Linking C static library esp-idf/esp_driver_uart/libesp_driver_uart.a
[380/1059] Building C object esp-idf/esp_hw_support/CMakeFiles/__idf_esp_hw_support.dir/sar_tsens_ctrl.c.obj
[381/1059] Linking C static library esp-idf/esp_ringbuf/libesp_ringbuf.a
[382/1059] Building C object esp-idf/esp_hw_support/CMakeFiles/__idf_esp_hw_support.dir/dma/esp_dma_utils.c.obj
[383/1059] Building C object esp-idf/esp_hw_support/CMakeFiles/__idf_esp_hw_support.dir/intr_alloc.c.obj
[384/1059] Building C object esp-idf/esp_hw_support/CMakeFiles/__idf_esp_hw_support.dir/dma/gdma_link.c.obj
[385/1059] Building C object esp-idf/esp_hw_support/CMakeFiles/__idf_esp_hw_support.dir/port/esp32c5/esp_clk_tree.c.obj
[386/1059] Linking C static library esp-idf/esp_timer/libesp_timer.a
[387/1059] Building C object esp-idf/esp_hw_support/CMakeFiles/__idf_esp_hw_support.dir/clk_utils.c.obj
[388/1059] Building C object esp-idf/esp_hw_support/CMakeFiles/__idf_esp_hw_support.dir/port/esp32c5/io_mux.c.obj
[389/1059] Building C object esp-idf/esp_hw_support/CMakeFiles/__idf_esp_hw_support.dir/spi_bus_lock.c.obj
[390/1059] Linking C static library esp-idf/cxx/libcxx.a
[391/1059] Building C object esp-idf/esp_hw_support/CMakeFiles/__idf_esp_hw_support.dir/pmu_share_hw.c.obj
[392/1059] Building C object esp-idf/esp_hw_support/CMakeFiles/__idf_esp_hw_support.dir/port/esp_clk_tree_common.c.obj
[393/1059] Linking C static library esp-idf/pthread/libpthread.a
[394/1059] Building C object esp-idf/esp_hw_support/CMakeFiles/__idf_esp_hw_support.dir/sleep_mspi.c.obj
[395/1059] Building C object esp-idf/esp_hw_support/CMakeFiles/__idf_esp_hw_support.dir/sleep_modem.c.obj
[396/1059] Building C object esp-idf/esp_hw_support/CMakeFiles/__idf_esp_hw_support.dir/sleep_usb.c.obj
[397/1059] Building C object esp-idf/esp_hw_support/CMakeFiles/__idf_esp_hw_support.dir/sleep_console.c.obj
[398/1059] Building C object esp-idf/esp_hw_support/CMakeFiles/__idf_esp_hw_support.dir/spi_share_hw_ctrl.c.obj
[399/1059] Building C object esp-idf/freertos/CMakeFiles/__idf_freertos.dir/FreeRTOS-Kernel/tasks.c.obj
[400/1059] Linking C static library esp-idf/esp_libc/libesp_libc.a
[401/1059] Building C object esp-idf/esp_hw_support/CMakeFiles/__idf_esp_hw_support.dir/adc_share_hw_ctrl.c.obj
[402/1059] Building C object esp-idf/esp_hw_support/CMakeFiles/__idf_esp_hw_support.dir/sleep_event.c.obj
[403/1059] Building C object esp-idf/esp_hw_support/CMakeFiles/__idf_esp_hw_support.dir/sleep_system_peripheral.c.obj
[404/1059] Building C object esp-idf/esp_hw_support/CMakeFiles/__idf_esp_hw_support.dir/dma/esp_async_memcpy.c.obj
[405/1059] Building C object esp-idf/esp_hw_support/CMakeFiles/__idf_esp_hw_support.dir/dma/gdma_sleep_retention.c.obj
[406/1059] Building C object esp-idf/esp_hw_support/CMakeFiles/__idf_esp_hw_support.dir/port/esp32c5/systimer.c.obj
[407/1059] Building C object esp-idf/esp_hw_support/CMakeFiles/__idf_esp_hw_support.dir/dma/gdma_etm.c.obj
[408/1059] Building C object esp-idf/esp_hw_support/CMakeFiles/__idf_esp_hw_support.dir/port/pau_regdma.c.obj
[409/1059] Building C object esp-idf/esp_hw_support/CMakeFiles/__idf_esp_hw_support.dir/sleep_retention.c.obj
[410/1059] Building C object esp-idf/esp_hw_support/CMakeFiles/__idf_esp_hw_support.dir/dma/async_memcpy_gdma.c.obj
[411/1059] Building C object esp-idf/esp_hw_support/CMakeFiles/__idf_esp_hw_support.dir/etm/esp_etm.c.obj
[412/1059] Building C object esp-idf/esp_hw_support/CMakeFiles/__idf_esp_hw_support.dir/sleep_gpio.c.obj
[413/1059] Building C object esp-idf/esp_hw_support/CMakeFiles/__idf_esp_hw_support.dir/dma/gdma.c.obj
[414/1059] Building C object esp-idf/esp_hw_support/CMakeFiles/__idf_esp_hw_support.dir/mspi_timing_tuning/mspi_timing_tuning.c.obj
[415/1059] Building C object esp-idf/esp_hw_support/CMakeFiles/__idf_esp_hw_support.dir/sleep_wake_stub.c.obj
[416/1059] Building C object esp-idf/esp_hw_support/CMakeFiles/__idf_esp_hw_support.dir/modem_clock.c.obj
[417/1059] Building C object esp-idf/esp_hw_support/CMakeFiles/__idf_esp_hw_support.dir/port/esp32c5/rtc_clk_init.c.obj
[418/1059] Building C object esp-idf/esp_hw_support/CMakeFiles/__idf_esp_hw_support.dir/port/regdma_link.c.obj
[419/1059] Building C object esp-idf/esp_hw_support/CMakeFiles/__idf_esp_hw_support.dir/port/esp32c5/rtc_time.c.obj
[420/1059] Building C object esp-idf/esp_hw_support/CMakeFiles/__idf_esp_hw_support.dir/power_supply/brownout.c.obj
[421/1059] Building C object esp-idf/esp_hw_support/CMakeFiles/__idf_esp_hw_support.dir/port/esp32c5/pmu_param.c.obj
[422/1059] Building C object esp-idf/esp_hw_support/CMakeFiles/__idf_esp_hw_support.dir/port/esp32c5/chip_info.c.obj
[423/1059] Building C object esp-idf/esp_hw_support/CMakeFiles/__idf_esp_hw_support.dir/port/esp32c5/pmu_init.c.obj
[424/1059] Building C object esp-idf/esp_hw_support/CMakeFiles/__idf_esp_hw_support.dir/esp_clock_output.c.obj
[425/1059] Building C object esp-idf/esp_hw_support/CMakeFiles/__idf_esp_hw_support.dir/mspi_timing_tuning/tuning_scheme_impl/mspi_timing_by_mspi_delay.c.obj
[426/1059] Building ASM object esp-idf/esp_hw_support/CMakeFiles/__idf_esp_hw_support.dir/lowpower/port/esp32c5/sleep_cpu_asm.S.obj
[427/1059] Building C object esp-idf/esp_hw_support/CMakeFiles/__idf_esp_hw_support.dir/lowpower/port/esp32c5/sleep_cpu_dynamic.c.obj
[428/1059] Building C object esp-idf/esp_hw_support/CMakeFiles/__idf_esp_hw_support.dir/port/esp32c5/ocode_init.c.obj
[429/1059] Building C object esp-idf/esp_hw_support/CMakeFiles/__idf_esp_hw_support.dir/mspi_timing_tuning/port/esp32c5/mspi_timing_config.c.obj
[430/1059] Building C object esp-idf/esp_hw_support/CMakeFiles/__idf_esp_hw_support.dir/lowpower/port/esp32c5/sleep_clock.c.obj
[431/1059] Building C object esp-idf/esp_hw_support/CMakeFiles/__idf_esp_hw_support.dir/lowpower/port/esp32c5/sleep_modem_state.c.obj
[432/1059] Linking C static library esp-idf/freertos/libfreertos.a
[433/1059] Building C object esp-idf/esp_hal_usb/CMakeFiles/__idf_esp_hal_usb.dir/usb_serial_jtag_hal.c.obj
[434/1059] Building C object esp-idf/esp_hal_dma/CMakeFiles/__idf_esp_hal_dma.dir/esp32c5/gdma_periph.c.obj
[435/1059] Building C object esp-idf/esp_hal_dma/CMakeFiles/__idf_esp_hal_dma.dir/gdma_hal_top.c.obj
[436/1059] Building C object esp-idf/esp_hw_support/CMakeFiles/__idf_esp_hw_support.dir/port/esp32c5/rtc_clk.c.obj
[437/1059] Building C object esp-idf/esp_hw_support/CMakeFiles/__idf_esp_hw_support.dir/lowpower/port/esp32c5/sleep_cpu.c.obj
[438/1059] Building C object esp-idf/esp_hw_support/CMakeFiles/__idf_esp_hw_support.dir/port/esp32c5/sar_periph_ctrl.c.obj
[439/1059] Building C object esp-idf/soc/CMakeFiles/__idf_soc.dir/esp32c5/interrupts.c.obj
[440/1059] Building C object esp-idf/soc/CMakeFiles/__idf_soc.dir/lldesc.c.obj
[441/1059] Building C object esp-idf/soc/CMakeFiles/__idf_soc.dir/dport_access_common.c.obj
[442/1059] Building C object esp-idf/soc/CMakeFiles/__idf_soc.dir/esp32c5/gpio_periph.c.obj
[443/1059] Building C object esp-idf/soc/CMakeFiles/__idf_soc.dir/esp32c5/uart_periph.c.obj
[444/1059] Building C object esp-idf/soc/CMakeFiles/__idf_soc.dir/esp32c5/adc_periph.c.obj
[445/1059] Building C object esp-idf/soc/CMakeFiles/__idf_soc.dir/esp32c5/ana_cmpr_periph.c.obj
[446/1059] Building C object esp-idf/esp_hw_support/CMakeFiles/__idf_esp_hw_support.dir/port/esp32c5/pmu_sleep.c.obj
[447/1059] Building C object esp-idf/soc/CMakeFiles/__idf_soc.dir/esp32c5/dedic_gpio_periph.c.obj
[448/1059] Building C object esp-idf/soc/CMakeFiles/__idf_soc.dir/esp32c5/ledc_periph.c.obj
[449/1059] Building C object esp-idf/soc/CMakeFiles/__idf_soc.dir/esp32c5/sdm_periph.c.obj
[450/1059] Building C object esp-idf/soc/CMakeFiles/__idf_soc.dir/esp32c5/spi_periph.c.obj
[451/1059] Building C object esp-idf/esp_hal_dma/CMakeFiles/__idf_esp_hal_dma.dir/gdma_hal_ahb_v2.c.obj
[452/1059] Building C object esp-idf/soc/CMakeFiles/__idf_soc.dir/esp32c5/mpi_periph.c.obj
[453/1059] Building C object esp-idf/soc/CMakeFiles/__idf_soc.dir/esp32c5/twai_periph.c.obj
[454/1059] Building C object esp-idf/soc/CMakeFiles/__idf_soc.dir/esp32c5/ieee802154_periph.c.obj
[455/1059] Building C object esp-idf/soc/CMakeFiles/__idf_soc.dir/esp32c5/temperature_sensor_periph.c.obj
[456/1059] Building C object esp-idf/soc/CMakeFiles/__idf_soc.dir/esp32c5/rtc_io_periph.c.obj
[457/1059] Building C object esp-idf/soc/CMakeFiles/__idf_soc.dir/esp32c5/power_supply_periph.c.obj
[458/1059] Building C object esp-idf/esp_hw_support/CMakeFiles/__idf_esp_hw_support.dir/sleep_modes.c.obj
[459/1059] Building C object esp-idf/soc/CMakeFiles/__idf_soc.dir/esp32c5/sdio_slave_periph.c.obj
[460/1059] Building C object esp-idf/soc/CMakeFiles/__idf_soc.dir/esp32c5/system_retention_periph.c.obj
[461/1059] Building C object esp-idf/heap/CMakeFiles/__idf_heap.dir/port/esp32c5/memory_layout.c.obj
[462/1059] Building C object esp-idf/heap/CMakeFiles/__idf_heap.dir/multi_heap.c.obj
[463/1059] Building C object esp-idf/log/CMakeFiles/__idf_log.dir/src/os/log_timestamp.c.obj
[464/1059] Building C object esp-idf/heap/CMakeFiles/__idf_heap.dir/port/memory_layout_utils.c.obj
[465/1059] Building C object esp-idf/heap/CMakeFiles/__idf_heap.dir/heap_caps_base.c.obj
[466/1059] Building C object esp-idf/log/CMakeFiles/__idf_log.dir/src/os/log_lock.c.obj
[467/1059] Building C object esp-idf/log/CMakeFiles/__idf_log.dir/src/util.c.obj
[468/1059] Building C object esp-idf/log/CMakeFiles/__idf_log.dir/src/buffer/log_buffers.c.obj
[469/1059] Building C object esp-idf/log/CMakeFiles/__idf_log.dir/src/log_format_text.c.obj
[470/1059] Building C object esp-idf/log/CMakeFiles/__idf_log.dir/src/log_timestamp_common.c.obj
[471/1059] Building C object esp-idf/log/CMakeFiles/__idf_log.dir/src/log.c.obj
[472/1059] Building C object esp-idf/log/CMakeFiles/__idf_log.dir/src/log_print.c.obj
[473/1059] Building C object esp-idf/log/CMakeFiles/__idf_log.dir/src/os/util.c.obj
[474/1059] Linking C static library esp-idf/esp_hw_support/libesp_hw_support.a
[475/1059] Building C object esp-idf/log/CMakeFiles/__idf_log.dir/src/os/log_write.c.obj
[476/1059] Building C object esp-idf/log/CMakeFiles/__idf_log.dir/src/log_level/log_level.c.obj
[477/1059] Linking C static library esp-idf/esp_hal_usb/libesp_hal_usb.a
[478/1059] Building C object esp-idf/log/CMakeFiles/__idf_log.dir/src/log_level/tag_log_level/tag_log_level.c.obj
[479/1059] Building C object esp-idf/heap/CMakeFiles/__idf_heap.dir/heap_caps_init.c.obj
[480/1059] Building C object esp-idf/log/CMakeFiles/__idf_log.dir/src/log_level/tag_log_level/cache/log_binary_heap.c.obj
[481/1059] Building C object esp-idf/hal/CMakeFiles/__idf_hal.dir/hal_utils.c.obj
[482/1059] Building C object esp-idf/log/CMakeFiles/__idf_log.dir/src/log_level/tag_log_level/linked_list/log_linked_list.c.obj
[483/1059] Linking C static library esp-idf/esp_hal_dma/libesp_hal_dma.a
[484/1059] Building C object esp-idf/hal/CMakeFiles/__idf_hal.dir/efuse_hal.c.obj
[485/1059] Building C object esp-idf/hal/CMakeFiles/__idf_hal.dir/lp_timer_hal.c.obj
[486/1059] Building C object esp-idf/hal/CMakeFiles/__idf_hal.dir/color_hal.c.obj
[487/1059] Building C object esp-idf/hal/CMakeFiles/__idf_hal.dir/huk_hal.c.obj
[488/1059] Building C object esp-idf/heap/CMakeFiles/__idf_heap.dir/heap_caps.c.obj
[489/1059] Building C object esp-idf/hal/CMakeFiles/__idf_hal.dir/esp32c5/efuse_hal.c.obj
[490/1059] Linking C static library esp-idf/soc/libsoc.a
[491/1059] Linking C static library esp-idf/heap/libheap.a
[492/1059] Building C object esp-idf/hal/CMakeFiles/__idf_hal.dir/gpio_hal.c.obj
[493/1059] Building C object esp-idf/hal/CMakeFiles/__idf_hal.dir/mmu_hal.c.obj
[494/1059] Building C object esp-idf/hal/CMakeFiles/__idf_hal.dir/uart_hal_iram.c.obj
[495/1059] Building C object esp-idf/hal/CMakeFiles/__idf_hal.dir/key_mgr_hal.c.obj
[496/1059] Building C object esp-idf/hal/CMakeFiles/__idf_hal.dir/cache_hal.c.obj
[497/1059] Building C object esp-idf/hal/CMakeFiles/__idf_hal.dir/ledc_hal.c.obj
[498/1059] Building C object esp-idf/hal/CMakeFiles/__idf_hal.dir/rtc_io_hal.c.obj
[499/1059] Building C object esp-idf/hal/CMakeFiles/__idf_hal.dir/esp32c5/clk_tree_hal.c.obj
[500/1059] Building C object esp-idf/hal/CMakeFiles/__idf_hal.dir/sdm_hal.c.obj
[501/1059] Building C object esp-idf/hal/CMakeFiles/__idf_hal.dir/esp32c5/etm_periph.c.obj
[502/1059] Building C object esp-idf/hal/CMakeFiles/__idf_hal.dir/ledc_hal_iram.c.obj
[503/1059] Building C object esp-idf/hal/CMakeFiles/__idf_hal.dir/uhci_hal.c.obj
[504/1059] Building C object esp-idf/hal/CMakeFiles/__idf_hal.dir/etm_hal.c.obj
[505/1059] Building C object esp-idf/hal/CMakeFiles/__idf_hal.dir/uart_hal.c.obj
[506/1059] Building C object esp-idf/hal/CMakeFiles/__idf_hal.dir/adc_hal_common.c.obj
[507/1059] Building C object esp-idf/hal/CMakeFiles/__idf_hal.dir/adc_oneshot_hal.c.obj
[508/1059] Building C object esp-idf/hal/CMakeFiles/__idf_hal.dir/sha_hal.c.obj
[509/1059] Building C object esp-idf/hal/CMakeFiles/__idf_hal.dir/mpi_hal.c.obj
[510/1059] Building C object esp-idf/hal/CMakeFiles/__idf_hal.dir/aes_hal.c.obj
[511/1059] Building C object esp-idf/hal/CMakeFiles/__idf_hal.dir/ecc_hal.c.obj
[512/1059] Building C object esp-idf/hal/CMakeFiles/__idf_hal.dir/brownout_hal.c.obj
[513/1059] Building C object esp-idf/hal/CMakeFiles/__idf_hal.dir/adc_hal.c.obj
[514/1059] Building C object esp-idf/hal/CMakeFiles/__idf_hal.dir/esp32c5/pau_hal.c.obj
[515/1059] Building C object esp-idf/hal/CMakeFiles/__idf_hal.dir/ecdsa_hal.c.obj
[516/1059] Building C object esp-idf/hal/CMakeFiles/__idf_hal.dir/esp32c5/modem_clock_hal.c.obj
[517/1059] Building C object esp-idf/hal/CMakeFiles/__idf_hal.dir/spi_slave_hal.c.obj
[518/1059] Building C object esp-idf/hal/CMakeFiles/__idf_hal.dir/esp32c5/pmu_hal.c.obj
[519/1059] Building C object esp-idf/hal/CMakeFiles/__idf_hal.dir/twai_hal_v2.c.obj
[520/1059] Building C object esp-idf/hal/CMakeFiles/__idf_hal.dir/spi_hal.c.obj
[521/1059] Building C object esp-idf/hal/CMakeFiles/__idf_hal.dir/spi_slave_hal_iram.c.obj
[522/1059] Building C object esp-idf/hal/CMakeFiles/__idf_hal.dir/ds_hal.c.obj
[523/1059] Building C object esp-idf/esp_rom/CMakeFiles/__idf_esp_rom.dir/patches/esp_rom_crc.c.obj
[524/1059] Building C object esp-idf/hal/CMakeFiles/__idf_hal.dir/hmac_hal.c.obj
[525/1059] Linking C static library esp-idf/log/liblog.a
[526/1059] Building C object esp-idf/esp_rom/CMakeFiles/__idf_esp_rom.dir/patches/esp_rom_sys.c.obj
[527/1059] Building C object esp-idf/esp_rom/CMakeFiles/__idf_esp_rom.dir/patches/esp_rom_print.c.obj
[528/1059] Building C object esp-idf/hal/CMakeFiles/__idf_hal.dir/temperature_sensor_hal.c.obj
[529/1059] Building C object esp-idf/hal/CMakeFiles/__idf_hal.dir/spi_slave_hd_hal.c.obj
[530/1059] Building C object esp-idf/esp_rom/CMakeFiles/__idf_esp_rom.dir/patches/esp_rom_efuse.c.obj
[531/1059] Building C object esp-idf/esp_rom/CMakeFiles/__idf_esp_rom.dir/patches/esp_rom_gpio.c.obj
[532/1059] Building C object esp-idf/hal/CMakeFiles/__idf_hal.dir/spi_hal_iram.c.obj
[533/1059] Building C object esp-idf/esp_rom/CMakeFiles/__idf_esp_rom.dir/patches/esp_rom_spiflash.c.obj
[534/1059] Building C object esp-idf/esp_rom/CMakeFiles/__idf_esp_rom.dir/patches/esp_rom_hp_regi2c_esp32c5.c.obj
[535/1059] Building C object esp-idf/esp_rom/CMakeFiles/__idf_esp_rom.dir/patches/esp_rom_multi_heap.c.obj
[536/1059] Building C object esp-idf/esp_rom/CMakeFiles/__idf_esp_rom.dir/patches/esp_rom_serial_output.c.obj
[537/1059] Building C object esp-idf/esp_rom/CMakeFiles/__idf_esp_rom.dir/patches/esp_rom_tlsf.c.obj
[538/1059] Building C object esp-idf/esp_rom/CMakeFiles/__idf_esp_rom.dir/patches/esp_rom_systimer.c.obj
[539/1059] Building C object esp-idf/esp_system/CMakeFiles/__idf_esp_system.dir/esp_ipc.c.obj
[540/1059] Building C object esp-idf/esp_system/CMakeFiles/__idf_esp_system.dir/esp_err.c.obj
[541/1059] Building C object esp-idf/hal/CMakeFiles/__idf_hal.dir/apm_hal.c.obj
[542/1059] Building C object esp-idf/hal/CMakeFiles/__idf_hal.dir/sdio_slave_hal.c.obj
[543/1059] Building C object esp-idf/esp_system/CMakeFiles/__idf_esp_system.dir/crosscore_int.c.obj
[544/1059] Building C object esp-idf/esp_system/CMakeFiles/__idf_esp_system.dir/freertos_hooks.c.obj
[545/1059] Building C object esp-idf/esp_system/CMakeFiles/__idf_esp_system.dir/int_wdt.c.obj
[546/1059] Building C object esp-idf/esp_system/CMakeFiles/__idf_esp_system.dir/startup.c.obj
[547/1059] Building C object esp-idf/esp_system/CMakeFiles/__idf_esp_system.dir/stack_check.c.obj
[548/1059] Building C object esp-idf/esp_system/CMakeFiles/__idf_esp_system.dir/system_time.c.obj
[549/1059] Building C object esp-idf/esp_system/CMakeFiles/__idf_esp_system.dir/esp_system.c.obj
[550/1059] Linking C static library esp-idf/hal/libhal.a
[551/1059] Building C object esp-idf/esp_system/CMakeFiles/__idf_esp_system.dir/ubsan.c.obj
[552/1059] Building C object esp-idf/esp_system/CMakeFiles/__idf_esp_system.dir/xt_wdt.c.obj
[553/1059] Building C object esp-idf/esp_system/CMakeFiles/__idf_esp_system.dir/panic.c.obj
[554/1059] Building C object esp-idf/esp_system/CMakeFiles/__idf_esp_system.dir/hw_stack_guard.c.obj
[555/1059] Building C object esp-idf/esp_system/CMakeFiles/__idf_esp_system.dir/systick_etm.c.obj
[556/1059] Linking C static library esp-idf/esp_rom/libesp_rom.a
[557/1059] Building C object esp-idf/esp_system/CMakeFiles/__idf_esp_system.dir/port/panic_handler.c.obj
[558/1059] Building C object esp-idf/esp_system/CMakeFiles/__idf_esp_system.dir/task_wdt/task_wdt_impl_timergroup.c.obj
[559/1059] Building C object esp-idf/esp_common/CMakeFiles/__idf_esp_common.dir/src/esp_err_to_name.c.obj
[560/1059] Building C object esp-idf/esp_system/CMakeFiles/__idf_esp_system.dir/port/arch/riscv/expression_with_stack.c.obj
[561/1059] Building C object esp-idf/esp_system/CMakeFiles/__idf_esp_system.dir/port/arch/riscv/panic_arch.c.obj
[562/1059] Building C object esp-idf/esp_system/CMakeFiles/__idf_esp_system.dir/port/arch/riscv/debug_helpers.c.obj
[563/1059] Building C object esp-idf/esp_system/CMakeFiles/__idf_esp_system.dir/task_wdt/task_wdt.c.obj
[564/1059] Building C object esp-idf/esp_system/CMakeFiles/__idf_esp_system.dir/port/esp_system_chip.c.obj
[565/1059] Building C object esp-idf/esp_system/CMakeFiles/__idf_esp_system.dir/port/arch/riscv/debug_stubs.c.obj
[566/1059] Linking C static library esp-idf/esp_common/libesp_common.a
[567/1059] Building C object esp-idf/esp_system/CMakeFiles/__idf_esp_system.dir/port/image_process.c.obj
[568/1059] Building C object esp-idf/esp_hal_parlio/CMakeFiles/__idf_esp_hal_parlio.dir/esp32c5/parlio_periph.c.obj
[569/1059] Building C object esp-idf/esp_system/CMakeFiles/__idf_esp_system.dir/port/soc/esp32c5/reset_reason.c.obj
[570/1059] Building C object esp-idf/esp_hal_parlio/CMakeFiles/__idf_esp_hal_parlio.dir/parlio_hal.c.obj
[571/1059] Building C object esp-idf/esp_system/CMakeFiles/__idf_esp_system.dir/port/soc/esp32c5/cache_err_int.c.obj
[572/1059] Building C object esp-idf/esp_system/CMakeFiles/__idf_esp_system.dir/startup_funcs.c.obj
[573/1059] Building C object esp-idf/esp_hal_rmt/CMakeFiles/__idf_esp_hal_rmt.dir/esp32c5/rmt_periph.c.obj
[574/1059] Building C object esp-idf/esp_hal_pcnt/CMakeFiles/__idf_esp_hal_pcnt.dir/pcnt_hal.c.obj
[575/1059] Building C object esp-idf/esp_hal_pcnt/CMakeFiles/__idf_esp_hal_pcnt.dir/esp32c5/pcnt_periph.c.obj
[576/1059] Building C object esp-idf/esp_hal_rmt/CMakeFiles/__idf_esp_hal_rmt.dir/rmt_hal.c.obj
[577/1059] Building C object esp-idf/esp_hal_mcpwm/CMakeFiles/__idf_esp_hal_mcpwm.dir/esp32c5/mcpwm_periph.c.obj
[578/1059] Building C object esp-idf/esp_hal_mcpwm/CMakeFiles/__idf_esp_hal_mcpwm.dir/mcpwm_hal.c.obj
[579/1059] Building C object esp-idf/esp_hal_i2s/CMakeFiles/__idf_esp_hal_i2s.dir/esp32c5/i2s_periph.c.obj
[580/1059] Building C object esp-idf/esp_system/CMakeFiles/__idf_esp_system.dir/port/soc/esp32c5/system_internal.c.obj
[581/1059] Building C object esp-idf/esp_hal_i2c/CMakeFiles/__idf_esp_hal_i2c.dir/esp32c5/i2c_periph.c.obj
[582/1059] Building C object esp-idf/esp_hal_i2c/CMakeFiles/__idf_esp_hal_i2c.dir/i2c_hal_iram.c.obj
[583/1059] Building C object esp-idf/spi_flash/CMakeFiles/__idf_spi_flash.dir/flash_brownout_hook.c.obj
[584/1059] Building C object esp-idf/esp_hal_i2c/CMakeFiles/__idf_esp_hal_i2c.dir/i2c_hal.c.obj
[585/1059] Building C object esp-idf/spi_flash/CMakeFiles/__idf_spi_flash.dir/spi_flash_chip_drivers.c.obj
[586/1059] Building C object esp-idf/spi_flash/CMakeFiles/__idf_spi_flash.dir/spi_flash_chip_gd.c.obj
[587/1059] Building C object esp-idf/spi_flash/CMakeFiles/__idf_spi_flash.dir/spi_flash_chip_issi.c.obj
[588/1059] Building C object esp-idf/spi_flash/CMakeFiles/__idf_spi_flash.dir/spi_flash_chip_boya.c.obj
[589/1059] Building C object esp-idf/spi_flash/CMakeFiles/__idf_spi_flash.dir/spi_flash_chip_th.c.obj
[590/1059] Building C object esp-idf/spi_flash/CMakeFiles/__idf_spi_flash.dir/spi_flash_chip_winbond.c.obj
[591/1059] Building C object esp-idf/esp_hal_i2s/CMakeFiles/__idf_esp_hal_i2s.dir/i2s_hal.c.obj
[592/1059] Building C object esp-idf/esp_system/CMakeFiles/__idf_esp_system.dir/port/cpu_start.c.obj
[593/1059] Building C object esp-idf/spi_flash/CMakeFiles/__idf_spi_flash.dir/spi_flash_chip_mxic.c.obj
[594/1059] Building C object esp-idf/spi_flash/CMakeFiles/__idf_spi_flash.dir/memspi_host_driver.c.obj
[595/1059] Building C object esp-idf/spi_flash/CMakeFiles/__idf_spi_flash.dir/flash_mmap.c.obj
[596/1059] Building C object esp-idf/spi_flash/CMakeFiles/__idf_spi_flash.dir/spi_flash_chip_mxic_opi.c.obj
[597/1059] Building C object esp-idf/spi_flash/CMakeFiles/__idf_spi_flash.dir/cache_utils.c.obj
[598/1059] Building C object esp-idf/spi_flash/CMakeFiles/__idf_spi_flash.dir/spi_flash_chip_generic.c.obj
[599/1059] Building C object esp-idf/spi_flash/CMakeFiles/__idf_spi_flash.dir/spi_flash_os_func_noos.c.obj
[600/1059] Building C object esp-idf/spi_flash/CMakeFiles/__idf_spi_flash.dir/spi_flash_wrap.c.obj
[601/1059] Building C object esp-idf/esp_mm/CMakeFiles/__idf_esp_mm.dir/port/esp32c5/ext_mem_layout.c.obj
[602/1059] Building C object esp-idf/spi_flash/CMakeFiles/__idf_spi_flash.dir/flash_ops.c.obj
[603/1059] Building C object esp-idf/esp_mm/CMakeFiles/__idf_esp_mm.dir/heap_align_hw.c.obj
[604/1059] Building C object esp-idf/esp_mm/CMakeFiles/__idf_esp_mm.dir/esp_cache_utils.c.obj
[605/1059] Building C object esp-idf/esp_mm/CMakeFiles/__idf_esp_mm.dir/esp_cache_msync.c.obj
[606/1059] Building C object esp-idf/bootloader_support/CMakeFiles/__idf_bootloader_support.dir/src/bootloader_clock_init.c.obj
[607/1059] Building C object esp-idf/spi_flash/CMakeFiles/__idf_spi_flash.dir/esp_flash_spi_init.c.obj
[608/1059] Building C object esp-idf/spi_flash/CMakeFiles/__idf_spi_flash.dir/spi_flash_os_func_app.c.obj
[609/1059] Building C object esp-idf/bootloader_support/CMakeFiles/__idf_bootloader_support.dir/src/bootloader_mem.c.obj
[610/1059] Building C object esp-idf/bootloader_support/CMakeFiles/__idf_bootloader_support.dir/src/bootloader_random.c.obj
[611/1059] Building C object esp-idf/bootloader_support/CMakeFiles/__idf_bootloader_support.dir/src/bootloader_efuse.c.obj
[612/1059] Building C object esp-idf/bootloader_support/CMakeFiles/__idf_bootloader_support.dir/src/bootloader_common.c.obj
[613/1059] Building C object esp-idf/bootloader_support/CMakeFiles/__idf_bootloader_support.dir/src/flash_encrypt.c.obj
[614/1059] Building C object esp-idf/esp_mm/CMakeFiles/__idf_esp_mm.dir/esp_mmu_map.c.obj
[615/1059] Building C object esp-idf/bootloader_support/CMakeFiles/__idf_bootloader_support.dir/src/secure_boot.c.obj
[616/1059] Building C object esp-idf/bootloader_support/CMakeFiles/__idf_bootloader_support.dir/src/bootloader_common_loader.c.obj
[617/1059] Building C object esp-idf/spi_flash/CMakeFiles/__idf_spi_flash.dir/esp_flash_api.c.obj
[618/1059] Building C object esp-idf/bootloader_support/CMakeFiles/__idf_bootloader_support.dir/src/bootloader_random_esp32c5.c.obj
[619/1059] Building C object esp-idf/esp_system/CMakeFiles/__idf_esp_system.dir/port/soc/esp32c5/clk.c.obj
[620/1059] Building C object esp-idf/bootloader_support/CMakeFiles/__idf_bootloader_support.dir/src/flash_partitions.c.obj
[621/1059] Building C object esp-idf/bootloader_support/CMakeFiles/__idf_bootloader_support.dir/src/esp32c5/secure_boot_secure_features.c.obj
[622/1059] Building C object esp-idf/esp_hal_wdt/CMakeFiles/__idf_esp_hal_wdt.dir/esp32c5/mwdt_periph.c.obj
[623/1059] Building C object esp-idf/bootloader_support/CMakeFiles/__idf_bootloader_support.dir/bootloader_flash/src/flash_qio_mode.c.obj
[624/1059] Linking C static library esp-idf/esp_system/libesp_system.a
[625/1059] Building C object esp-idf/esp_hal_wdt/CMakeFiles/__idf_esp_hal_wdt.dir/rom_patch.c.obj
[626/1059] Building C object esp-idf/bootloader_support/CMakeFiles/__idf_bootloader_support.dir/bootloader_flash/src/bootloader_flash.c.obj
[627/1059] Building C object esp-idf/esp_hal_timg/CMakeFiles/__idf_esp_hal_timg.dir/esp32c5/timer_periph.c.obj
[628/1059] Building C object esp-idf/esp_hal_timg/CMakeFiles/__idf_esp_hal_timg.dir/timer_hal.c.obj
[629/1059] Building C object esp-idf/bootloader_support/CMakeFiles/__idf_bootloader_support.dir/src/bootloader_sha.c.obj
[630/1059] Building C object esp-idf/mbedtls/mbedtls/library/CMakeFiles/mbedtls.dir/debug.c.obj
[631/1059] Linking C static library esp-idf/esp_hal_parlio/libesp_hal_parlio.a
[632/1059] Building C object esp-idf/mbedtls/mbedtls/library/CMakeFiles/mbedtls.dir/mps_reader.c.obj
[633/1059] Building C object esp-idf/mbedtls/mbedtls/library/CMakeFiles/mbedtls.dir/mps_trace.c.obj
[634/1059] Linking C static library esp-idf/esp_hal_rmt/libesp_hal_rmt.a
[635/1059] Building C object esp-idf/bootloader_support/CMakeFiles/__idf_bootloader_support.dir/bootloader_flash/src/bootloader_flash_config_esp32c5.c.obj
[636/1059] Building C object esp-idf/mbedtls/mbedtls/library/CMakeFiles/mbedtls.dir/ssl_cookie.c.obj
[637/1059] Linking C static library esp-idf/esp_hal_pcnt/libesp_hal_pcnt.a
[638/1059] Linking C static library esp-idf/esp_hal_mcpwm/libesp_hal_mcpwm.a
[639/1059] Building C object esp-idf/mbedtls/mbedtls/library/CMakeFiles/mbedtls.dir/ssl_ciphersuites.c.obj
[640/1059] Building C object esp-idf/mbedtls/mbedtls/library/CMakeFiles/mbedtls.dir/ssl_debug_helpers_generated.c.obj
[641/1059] Building C object esp-idf/mbedtls/mbedtls/library/CMakeFiles/mbedtls.dir/ssl_cache.c.obj
[642/1059] Linking C static library esp-idf/esp_hal_i2s/libesp_hal_i2s.a
[643/1059] Building C object esp-idf/mbedtls/mbedtls/library/CMakeFiles/mbedtls.dir/ssl_client.c.obj
[644/1059] Building C object esp-idf/mbedtls/mbedtls/library/CMakeFiles/mbedtls.dir/ssl_tls13_keys.c.obj
[645/1059] Linking C static library esp-idf/esp_hal_i2c/libesp_hal_i2c.a
[646/1059] Building C object esp-idf/bootloader_support/CMakeFiles/__idf_bootloader_support.dir/src/esp_image_format.c.obj
[647/1059] Building C object esp-idf/mbedtls/mbedtls/library/CMakeFiles/mbedtls.dir/ssl_ticket.c.obj
[648/1059] Building C object esp-idf/mbedtls/mbedtls/library/CMakeFiles/mbedtls.dir/ssl_tls13_server.c.obj
[649/1059] Building C object esp-idf/mbedtls/mbedtls/library/CMakeFiles/mbedtls.dir/ssl_tls13_client.c.obj
[650/1059] Building C object esp-idf/bootloader_support/CMakeFiles/__idf_bootloader_support.dir/src/bootloader_utility.c.obj
[651/1059] Linking C static library esp-idf/spi_flash/libspi_flash.a
[652/1059] Building C object esp-idf/mbedtls/mbedtls/library/CMakeFiles/mbedtls.dir/ssl_tls13_generic.c.obj
[653/1059] Linking C static library esp-idf/esp_mm/libesp_mm.a
[654/1059] Building C object esp-idf/mbedtls/mbedtls/library/CMakeFiles/mbedtls.dir/Users/zainnasseer/development/esp/esp-idf/components/mbedtls/port/esp_platform_time.c.obj
[655/1059] Building C object esp-idf/mbedtls/mbedtls/library/CMakeFiles/mbedtls.dir/Users/zainnasseer/development/esp/esp-idf/components/mbedtls/port/mbedtls_debug.c.obj
[656/1059] Building C object esp-idf/mbedtls/mbedtls/library/CMakeFiles/mbedtls.dir/ssl_tls12_client.c.obj
[657/1059] Building C object esp-idf/mbedtls/mbedtls/library/CMakeFiles/mbedx509.dir/x509_create.c.obj
[658/1059] Linking C static library esp-idf/bootloader_support/libbootloader_support.a
[659/1059] Building C object esp-idf/mbedtls/mbedtls/library/CMakeFiles/mbedtls.dir/ssl_msg.c.obj
[660/1059] Building C object esp-idf/mbedtls/mbedtls/library/CMakeFiles/mbedx509.dir/pkcs7.c.obj
[661/1059] Building C object esp-idf/mbedtls/mbedtls/library/CMakeFiles/mbedtls.dir/Users/zainnasseer/development/esp/esp-idf/components/mbedtls/port/net_sockets.c.obj
[662/1059] Linking C static library esp-idf/esp_hal_wdt/libesp_hal_wdt.a
[663/1059] Building C object esp-idf/mbedtls/mbedtls/library/CMakeFiles/mbedx509.dir/x509write_crt.c.obj
[664/1059] Building C object esp-idf/mbedtls/mbedtls/library/CMakeFiles/mbedx509.dir/x509write.c.obj
[665/1059] Linking C static library esp-idf/esp_hal_timg/libesp_hal_timg.a
[666/1059] Building C object esp-idf/mbedtls/mbedtls/library/CMakeFiles/mbedtls.dir/ssl_tls12_server.c.obj
[667/1059] Building C object esp-idf/mbedtls/mbedtls/library/CMakeFiles/mbedx509.dir/x509_crl.c.obj
[668/1059] Building C object esp-idf/mbedtls/mbedtls/library/CMakeFiles/mbedx509.dir/x509write_csr.c.obj
[669/1059] Building C object esp-idf/mbedtls/mbedtls/library/CMakeFiles/mbedcrypto.dir/aesni.c.obj
[670/1059] Building C object esp-idf/mbedtls/mbedtls/library/CMakeFiles/mbedcrypto.dir/aesce.c.obj
[671/1059] Building C object esp-idf/mbedtls/mbedtls/library/CMakeFiles/mbedx509.dir/x509_csr.c.obj
[672/1059] Building C object esp-idf/mbedtls/mbedtls/library/CMakeFiles/mbedcrypto.dir/aes.c.obj
[673/1059] Building C object esp-idf/mbedtls/mbedtls/library/CMakeFiles/mbedcrypto.dir/asn1parse.c.obj
[674/1059] Building C object esp-idf/mbedtls/mbedtls/library/CMakeFiles/mbedcrypto.dir/asn1write.c.obj
[675/1059] Building C object esp-idf/mbedtls/mbedtls/library/CMakeFiles/mbedcrypto.dir/base64.c.obj
[676/1059] Building C object esp-idf/mbedtls/mbedtls/library/CMakeFiles/mbedx509.dir/x509.c.obj
[677/1059] Building C object esp-idf/mbedtls/mbedtls/library/CMakeFiles/mbedcrypto.dir/aria.c.obj
[678/1059] Building C object esp-idf/mbedtls/mbedtls/library/CMakeFiles/mbedcrypto.dir/bignum_mod_raw.c.obj
[679/1059] Building C object esp-idf/mbedtls/mbedtls/library/CMakeFiles/mbedcrypto.dir/bignum_mod.c.obj
[680/1059] Building C object esp-idf/mbedtls/mbedtls/library/CMakeFiles/mbedcrypto.dir/block_cipher.c.obj
[681/1059] Building C object esp-idf/mbedtls/mbedtls/library/CMakeFiles/mbedcrypto.dir/chacha20.c.obj
[682/1059] Building C object esp-idf/mbedtls/mbedtls/library/CMakeFiles/mbedcrypto.dir/camellia.c.obj
[683/1059] Building C object esp-idf/mbedtls/mbedtls/library/CMakeFiles/mbedcrypto.dir/chachapoly.c.obj
[684/1059] Building C object esp-idf/mbedtls/mbedtls/library/CMakeFiles/mbedcrypto.dir/bignum_core.c.obj
[685/1059] Building C object esp-idf/mbedtls/mbedtls/library/CMakeFiles/mbedcrypto.dir/cipher_wrap.c.obj
[686/1059] Building C object esp-idf/mbedtls/mbedtls/library/CMakeFiles/mbedcrypto.dir/constant_time.c.obj
[687/1059] Building C object esp-idf/mbedtls/mbedtls/library/CMakeFiles/mbedcrypto.dir/des.c.obj
[688/1059] Building C object esp-idf/mbedtls/mbedtls/library/CMakeFiles/mbedcrypto.dir/ccm.c.obj
[689/1059] Building C object esp-idf/mbedtls/mbedtls/library/CMakeFiles/mbedcrypto.dir/ctr_drbg.c.obj
[690/1059] Building C object esp-idf/mbedtls/mbedtls/library/CMakeFiles/mbedtls.dir/ssl_tls.c.obj
[691/1059] Building C object esp-idf/mbedtls/mbedtls/library/CMakeFiles/mbedcrypto.dir/ecdh.c.obj
[692/1059] Building C object esp-idf/mbedtls/mbedtls/library/CMakeFiles/mbedcrypto.dir/cmac.c.obj
[693/1059] Building C object esp-idf/mbedtls/mbedtls/library/CMakeFiles/mbedcrypto.dir/ecjpake.c.obj
[694/1059] Building C object esp-idf/mbedtls/mbedtls/library/CMakeFiles/mbedcrypto.dir/dhm.c.obj
[695/1059] Building C object esp-idf/mbedtls/mbedtls/library/CMakeFiles/mbedcrypto.dir/cipher.c.obj
[696/1059] Linking CXX static library esp-idf/mbedtls/mbedtls/library/libmbedtls.a
[697/1059] Building C object esp-idf/mbedtls/mbedtls/library/CMakeFiles/mbedcrypto.dir/ecp_curves_new.c.obj
[698/1059] Building C object esp-idf/mbedtls/mbedtls/library/CMakeFiles/mbedcrypto.dir/entropy_poll.c.obj
[699/1059] Building C object esp-idf/mbedtls/mbedtls/library/CMakeFiles/mbedcrypto.dir/ecdsa.c.obj
[700/1059] Building C object esp-idf/mbedtls/mbedtls/library/CMakeFiles/mbedcrypto.dir/hkdf.c.obj
[701/1059] Building C object esp-idf/mbedtls/mbedtls/library/CMakeFiles/mbedcrypto.dir/bignum.c.obj
[702/1059] Building C object esp-idf/mbedtls/mbedtls/library/CMakeFiles/mbedcrypto.dir/entropy.c.obj
[703/1059] Building C object esp-idf/mbedtls/mbedtls/library/CMakeFiles/mbedcrypto.dir/lmots.c.obj
[704/1059] Building C object esp-idf/mbedtls/mbedtls/library/CMakeFiles/mbedcrypto.dir/lms.c.obj
[705/1059] Building C object esp-idf/mbedtls/mbedtls/library/CMakeFiles/mbedx509.dir/x509_crt.c.obj
[706/1059] Building C object esp-idf/mbedtls/mbedtls/library/CMakeFiles/mbedcrypto.dir/hmac_drbg.c.obj
[707/1059] Building C object esp-idf/mbedtls/mbedtls/library/CMakeFiles/mbedcrypto.dir/memory_buffer_alloc.c.obj
[708/1059] Building C object esp-idf/mbedtls/mbedtls/library/CMakeFiles/mbedcrypto.dir/error.c.obj
[709/1059] Building C object esp-idf/mbedtls/mbedtls/library/CMakeFiles/mbedcrypto.dir/gcm.c.obj
[710/1059] Building C object esp-idf/mbedtls/mbedtls/library/CMakeFiles/mbedcrypto.dir/nist_kw.c.obj
[711/1059] Building C object esp-idf/mbedtls/mbedtls/library/CMakeFiles/mbedcrypto.dir/padlock.c.obj
[712/1059] Building C object esp-idf/mbedtls/mbedtls/library/CMakeFiles/mbedcrypto.dir/md5.c.obj
[713/1059] Building C object esp-idf/mbedtls/mbedtls/library/CMakeFiles/mbedcrypto.dir/pk_ecc.c.obj
[714/1059] Building C object esp-idf/mbedtls/mbedtls/library/CMakeFiles/mbedcrypto.dir/ecp_curves.c.obj
[715/1059] Building C object esp-idf/mbedtls/mbedtls/library/CMakeFiles/mbedcrypto.dir/pk_wrap.c.obj
[716/1059] Building C object esp-idf/mbedtls/mbedtls/library/CMakeFiles/mbedcrypto.dir/pem.c.obj
[717/1059] Building C object esp-idf/mbedtls/mbedtls/library/CMakeFiles/mbedcrypto.dir/pkcs12.c.obj
[718/1059] Building C object esp-idf/mbedtls/mbedtls/library/CMakeFiles/mbedcrypto.dir/poly1305.c.obj
[719/1059] Building C object esp-idf/mbedtls/mbedtls/library/CMakeFiles/mbedcrypto.dir/oid.c.obj
[720/1059] Building C object esp-idf/mbedtls/mbedtls/library/CMakeFiles/mbedcrypto.dir/md.c.obj
[721/1059] Building C object esp-idf/mbedtls/mbedtls/library/CMakeFiles/mbedcrypto.dir/platform.c.obj
[722/1059] Building C object esp-idf/mbedtls/mbedtls/library/CMakeFiles/mbedcrypto.dir/platform_util.c.obj
[723/1059] Building C object esp-idf/mbedtls/mbedtls/library/CMakeFiles/mbedcrypto.dir/pkcs5.c.obj
[724/1059] Building C object esp-idf/mbedtls/mbedtls/library/CMakeFiles/mbedcrypto.dir/pk.c.obj
[725/1059] Building C object esp-idf/mbedtls/mbedtls/library/CMakeFiles/mbedcrypto.dir/psa_crypto_client.c.obj
[726/1059] Building C object esp-idf/mbedtls/mbedtls/library/CMakeFiles/mbedcrypto.dir/pkwrite.c.obj
[727/1059] Building C object esp-idf/mbedtls/mbedtls/library/CMakeFiles/mbedcrypto.dir/psa_crypto_aead.c.obj
[728/1059] Building C object esp-idf/mbedtls/mbedtls/library/CMakeFiles/mbedcrypto.dir/psa_crypto_driver_wrappers_no_static.c.obj
[729/1059] Building C object esp-idf/mbedtls/mbedtls/library/CMakeFiles/mbedcrypto.dir/psa_crypto_ecp.c.obj
[730/1059] Building C object esp-idf/mbedtls/mbedtls/library/CMakeFiles/mbedcrypto.dir/psa_crypto_hash.c.obj
[731/1059] Building C object esp-idf/mbedtls/mbedtls/library/CMakeFiles/mbedcrypto.dir/psa_crypto_cipher.c.obj
[732/1059] Building C object esp-idf/mbedtls/mbedtls/library/CMakeFiles/mbedcrypto.dir/psa_crypto_pake.c.obj
[733/1059] Building C object esp-idf/mbedtls/mbedtls/library/CMakeFiles/mbedcrypto.dir/ecp.c.obj
[734/1059] Building C object esp-idf/mbedtls/mbedtls/library/CMakeFiles/mbedcrypto.dir/psa_crypto_se.c.obj
[735/1059] Building C object esp-idf/mbedtls/mbedtls/library/CMakeFiles/mbedcrypto.dir/pkparse.c.obj
[736/1059] Building C object esp-idf/mbedtls/mbedtls/library/CMakeFiles/mbedcrypto.dir/psa_crypto_ffdh.c.obj
[737/1059] Building C object esp-idf/mbedtls/mbedtls/library/CMakeFiles/mbedcrypto.dir/ripemd160.c.obj
[738/1059] Building C object esp-idf/mbedtls/mbedtls/library/CMakeFiles/mbedcrypto.dir/psa_crypto_rsa.c.obj
[739/1059] Building C object esp-idf/mbedtls/mbedtls/library/CMakeFiles/mbedcrypto.dir/psa_crypto_mac.c.obj
[740/1059] Building C object esp-idf/mbedtls/mbedtls/library/CMakeFiles/mbedcrypto.dir/psa_its_file.c.obj
[741/1059] Building C object esp-idf/mbedtls/mbedtls/library/CMakeFiles/mbedcrypto.dir/psa_crypto_storage.c.obj
[742/1059] Building C object esp-idf/mbedtls/mbedtls/library/CMakeFiles/mbedcrypto.dir/psa_util.c.obj
[743/1059] Building C object esp-idf/mbedtls/mbedtls/library/CMakeFiles/mbedcrypto.dir/sha1.c.obj
[744/1059] Building C object esp-idf/mbedtls/mbedtls/library/CMakeFiles/mbedcrypto.dir/sha256.c.obj
[745/1059] Building C object esp-idf/mbedtls/mbedtls/library/CMakeFiles/mbedcrypto.dir/rsa_alt_helpers.c.obj
[746/1059] Building C object esp-idf/mbedtls/mbedtls/library/CMakeFiles/mbedcrypto.dir/sha512.c.obj
[747/1059] Building C object esp-idf/mbedtls/mbedtls/library/CMakeFiles/mbedcrypto.dir/psa_crypto_slot_management.c.obj
[748/1059] Building C object esp-idf/mbedtls/mbedtls/library/CMakeFiles/mbedcrypto.dir/threading.c.obj
[749/1059] Building C object esp-idf/mbedtls/mbedtls/library/CMakeFiles/mbedcrypto.dir/timing.c.obj
[750/1059] Building C object esp-idf/mbedtls/mbedtls/library/CMakeFiles/mbedcrypto.dir/version.c.obj
[751/1059] Building C object esp-idf/mbedtls/mbedtls/library/CMakeFiles/mbedcrypto.dir/version_features.c.obj
[752/1059] Building C object esp-idf/mbedtls/mbedtls/library/CMakeFiles/mbedcrypto.dir/Users/zainnasseer/development/esp/esp-idf/components/mbedtls/port/sha/core/esp_sha_gdma_impl.c.obj
[753/1059] Building C object esp-idf/mbedtls/mbedtls/library/CMakeFiles/mbedcrypto.dir/Users/zainnasseer/development/esp/esp-idf/components/mbedtls/port/aes/dma/esp_aes_gdma_impl.c.obj
[754/1059] Building C object esp-idf/mbedtls/mbedtls/library/CMakeFiles/mbedcrypto.dir/Users/zainnasseer/development/esp/esp-idf/components/mbedtls/port/esp_hardware.c.obj
[755/1059] Building C object esp-idf/mbedtls/mbedtls/library/CMakeFiles/mbedcrypto.dir/Users/zainnasseer/development/esp/esp-idf/components/mbedtls/port/esp_mem.c.obj
[756/1059] Building C object esp-idf/mbedtls/mbedtls/library/CMakeFiles/mbedcrypto.dir/Users/zainnasseer/development/esp/esp-idf/components/mbedtls/port/esp_timing.c.obj
[757/1059] Building C object esp-idf/mbedtls/mbedtls/library/CMakeFiles/mbedcrypto.dir/Users/zainnasseer/development/esp/esp-idf/components/mbedtls/port/crypto_shared_gdma/esp_crypto_shared_gdma.c.obj
[758/1059] Building C object esp-idf/mbedtls/mbedtls/library/CMakeFiles/mbedcrypto.dir/Users/zainnasseer/development/esp/esp-idf/components/mbedtls/port/aes/esp_aes_xts.c.obj
[759/1059] Building C object esp-idf/mbedtls/mbedtls/library/CMakeFiles/mbedcrypto.dir/Users/zainnasseer/development/esp/esp-idf/components/mbedtls/port/aes/esp_aes_common.c.obj
[760/1059] Building C object esp-idf/mbedtls/mbedtls/library/CMakeFiles/mbedcrypto.dir/sha3.c.obj
[761/1059] Building C object esp-idf/mbedtls/mbedtls/library/CMakeFiles/mbedcrypto.dir/Users/zainnasseer/development/esp/esp-idf/components/mbedtls/port/sha/esp_sha.c.obj
[762/1059] Building C object esp-idf/mbedtls/mbedtls/library/CMakeFiles/mbedcrypto.dir/Users/zainnasseer/development/esp/esp-idf/components/mbedtls/port/aes/esp_aes.c.obj
[763/1059] Building C object esp-idf/mbedtls/mbedtls/library/CMakeFiles/mbedcrypto.dir/Users/zainnasseer/development/esp/esp-idf/components/mbedtls/port/esp_hmac_pbkdf2.c.obj
[764/1059] Building C object esp-idf/mbedtls/mbedtls/library/CMakeFiles/mbedcrypto.dir/Users/zainnasseer/development/esp/esp-idf/components/mbedtls/port/aes/dma/esp_aes_dma_core.c.obj
[765/1059] Building C object esp-idf/mbedtls/mbedtls/library/CMakeFiles/mbedcrypto.dir/Users/zainnasseer/development/esp/esp-idf/components/mbedtls/port/esp_ds/esp_rsa_dec_alt.c.obj
[766/1059] Building C object esp-idf/mbedtls/mbedtls/library/CMakeFiles/mbedcrypto.dir/Users/zainnasseer/development/esp/esp-idf/components/mbedtls/port/esp_ds/esp_rsa_sign_alt.c.obj
[767/1059] Building C object esp-idf/mbedtls/mbedtls/library/CMakeFiles/mbedcrypto.dir/Users/zainnasseer/development/esp/esp-idf/components/mbedtls/port/esp_ds/esp_ds_common.c.obj
[768/1059] Building C object esp-idf/mbedtls/mbedtls/library/CMakeFiles/mbedcrypto.dir/Users/zainnasseer/development/esp/esp-idf/components/mbedtls/port/bignum/bignum_alt.c.obj
[769/1059] Building C object esp-idf/mbedtls/mbedtls/library/CMakeFiles/mbedcrypto.dir/Users/zainnasseer/development/esp/esp-idf/components/mbedtls/port/bignum/esp_bignum.c.obj
[770/1059] Building C object esp-idf/mbedtls/mbedtls/library/CMakeFiles/mbedcrypto.dir/Users/zainnasseer/development/esp/esp-idf/components/mbedtls/port/sha/core/esp_sha256.c.obj
[771/1059] Building C object esp-idf/mbedtls/mbedtls/library/CMakeFiles/mbedcrypto.dir/Users/zainnasseer/development/esp/esp-idf/components/mbedtls/port/sha/core/esp_sha1.c.obj
[772/1059] Building C object esp-idf/mbedtls/mbedtls/library/CMakeFiles/mbedcrypto.dir/Users/zainnasseer/development/esp/esp-idf/components/mbedtls/port/ecc/esp_ecc.c.obj
[773/1059] Building C object esp-idf/mbedtls/mbedtls/library/CMakeFiles/mbedcrypto.dir/Users/zainnasseer/development/esp/esp-idf/components/mbedtls/port/sha/core/esp_sha512.c.obj
[774/1059] Building C object esp-idf/mbedtls/mbedtls/library/CMakeFiles/mbedcrypto.dir/Users/zainnasseer/development/esp/esp-idf/components/mbedtls/port/sha/core/sha.c.obj
[775/1059] Building C object esp-idf/mbedtls/mbedtls/library/CMakeFiles/mbedcrypto.dir/Users/zainnasseer/development/esp/esp-idf/components/mbedtls/port/ecc/ecc_alt.c.obj
[776/1059] Building C object esp-idf/mbedtls/mbedtls/library/CMakeFiles/mbedcrypto.dir/Users/zainnasseer/development/esp/esp-idf/components/mbedtls/port/md/esp_md.c.obj
[777/1059] Building C object esp-idf/mbedtls/mbedtls/library/CMakeFiles/mbedcrypto.dir/Users/zainnasseer/development/esp/esp-idf/components/mbedtls/port/aes/esp_aes_gcm.c.obj
[778/1059] Building C object esp-idf/mbedtls/mbedtls/library/CMakeFiles/mbedcrypto.dir/rsa.c.obj
[779/1059] Linking CXX static library esp-idf/mbedtls/mbedtls/library/libmbedx509.a
[780/1059] Building C object esp-idf/mbedtls/mbedtls/3rdparty/p256-m/CMakeFiles/p256m.dir/p256-m_driver_entrypoints.c.obj
[781/1059] Building C object esp-idf/mbedtls/mbedtls/library/CMakeFiles/mbedcrypto.dir/Users/zainnasseer/development/esp/esp-idf/components/mbedtls/port/ecdsa/ecdsa_alt.c.obj
[782/1059] Building C object esp-idf/mbedtls/mbedtls/3rdparty/everest/CMakeFiles/everest.dir/library/x25519.c.obj
[783/1059] Building C object esp-idf/mbedtls/mbedtls/3rdparty/everest/CMakeFiles/everest.dir/library/everest.c.obj
[784/1059] Creating directories for 'bootloader'
[785/1059] Building C object esp-idf/mbedtls/mbedtls/3rdparty/p256-m/CMakeFiles/p256m.dir/p256-m/p256-m.c.obj
[786/1059] No download step for 'bootloader'
[787/1059] Building C object esp-idf/mbedtls/mbedtls/3rdparty/everest/CMakeFiles/everest.dir/library/Hacl_Curve25519_joined.c.obj
[788/1059] No update step for 'bootloader'
[789/1059] No patch step for 'bootloader'
[790/1059] Building C object esp-idf/mbedtls/mbedtls/library/CMakeFiles/mbedcrypto.dir/psa_crypto.c.obj
[791/1059] Linking CXX static library esp-idf/mbedtls/mbedtls/library/libmbedcrypto.a
[792/1059] Linking CXX static library esp-idf/mbedtls/mbedtls/3rdparty/p256-m/libp256m.a
[793/1059] Linking CXX static library esp-idf/mbedtls/mbedtls/3rdparty/everest/libeverest.a
[794/1059] Generating x509_crt_bundle
[795/1059] Generating ../../x509_crt_bundle.S
[796/1059] Building ASM object esp-idf/mbedtls/CMakeFiles/__idf_mbedtls.dir/__/__/x509_crt_bundle.S.obj
[797/1059] Building C object esp-idf/esp_pm/CMakeFiles/__idf_esp_pm.dir/pm_trace.c.obj
[798/1059] Building C object esp-idf/esp_pm/CMakeFiles/__idf_esp_pm.dir/pm_locks.c.obj
[799/1059] Building C object esp-idf/esp_driver_gpio/CMakeFiles/__idf_esp_driver_gpio.dir/src/gpio_glitch_filter_ops.c.obj
[800/1059] Building C object esp-idf/esp_driver_gpio/CMakeFiles/__idf_esp_driver_gpio.dir/src/dedic_gpio.c.obj
[801/1059] Building C object esp-idf/mbedtls/CMakeFiles/__idf_mbedtls.dir/esp_crt_bundle/esp_crt_bundle.c.obj
[802/1059] Building C object esp-idf/esp_pm/CMakeFiles/__idf_esp_pm.dir/pm_impl.c.obj
[803/1059] Building C object esp-idf/esp_driver_gpio/CMakeFiles/__idf_esp_driver_gpio.dir/src/rtc_io.c.obj
[804/1059] Linking C static library esp-idf/mbedtls/libmbedtls.a
[805/1059] Building C object esp-idf/esp_driver_gpio/CMakeFiles/__idf_esp_driver_gpio.dir/src/gpio_pin_glitch_filter.c.obj
[806/1059] Building C object esp-idf/esp_security/CMakeFiles/__idf_esp_security.dir/src/init.c.obj
[807/1059] Building C object esp-idf/esp_driver_gpio/CMakeFiles/__idf_esp_driver_gpio.dir/src/gpio_flex_glitch_filter.c.obj
[808/1059] Building C object esp-idf/esp_security/CMakeFiles/__idf_esp_security.dir/src/esp_hmac.c.obj
[809/1059] Linking C static library esp-idf/esp_pm/libesp_pm.a
[810/1059] Building C object esp-idf/esp_security/CMakeFiles/__idf_esp_security.dir/src/esp_crypto_lock.c.obj
[811/1059] Building C object esp-idf/esp_security/CMakeFiles/__idf_esp_security.dir/src/esp_dpa_protection.c.obj
[812/1059] Building C object esp-idf/esp_driver_gpio/CMakeFiles/__idf_esp_driver_gpio.dir/src/gpio_etm.c.obj
[813/1059] Building C object esp-idf/efuse/CMakeFiles/__idf_efuse.dir/esp32c5/esp_efuse_table.c.obj
[814/1059] Building C object esp-idf/esp_security/CMakeFiles/__idf_esp_security.dir/src/esp_ds.c.obj
[815/1059] Building C object esp-idf/efuse/CMakeFiles/__idf_efuse.dir/esp32c5/esp_efuse_fields.c.obj
[816/1059] Building C object esp-idf/efuse/CMakeFiles/__idf_efuse.dir/esp32c5/esp_efuse_rtc_calib.c.obj
[817/1059] Building C object esp-idf/efuse/CMakeFiles/__idf_efuse.dir/esp32c5/esp_efuse_utility.c.obj
[818/1059] Building C object esp-idf/esp_security/CMakeFiles/__idf_esp_security.dir/src/esp_crypto_periph_clk.c.obj
[819/1059] Building C object esp-idf/efuse/CMakeFiles/__idf_efuse.dir/src/esp_efuse_fields.c.obj
[820/1059] Building C object esp-idf/esp_security/CMakeFiles/__idf_esp_security.dir/src/esp_key_mgr.c.obj
[821/1059] Building C object esp-idf/efuse/CMakeFiles/__idf_efuse.dir/src/esp_efuse_startup.c.obj
[822/1059] Building C object esp-idf/esp_partition/CMakeFiles/__idf_esp_partition.dir/partition_target.c.obj
[823/1059] Building C object esp-idf/efuse/CMakeFiles/__idf_efuse.dir/src/efuse_controller/keys/with_key_purposes/esp_efuse_api_key.c.obj
[824/1059] Building C object esp-idf/esp_bootloader_format/CMakeFiles/__idf_esp_bootloader_format.dir/esp_bootloader_desc.c.obj
[825/1059] Building C object esp-idf/efuse/CMakeFiles/__idf_efuse.dir/src/esp_efuse_api.c.obj
[826/1059] Building C object esp-idf/efuse/CMakeFiles/__idf_efuse.dir/src/esp_efuse_utility.c.obj
[827/1059] Building C object esp-idf/esp_app_format/CMakeFiles/__idf_esp_app_format.dir/esp_app_desc.c.obj
[828/1059] Building C object esp-idf/esp_hal_mspi/CMakeFiles/__idf_esp_hal_mspi.dir/spi_flash_encrypt_hal_iram.c.obj
[829/1059] Building C object esp-idf/esp_driver_gpio/CMakeFiles/__idf_esp_driver_gpio.dir/src/gpio.c.obj
[830/1059] Building C object esp-idf/esp_stdio/CMakeFiles/__idf_esp_stdio.dir/stdio_simple.c.obj
[831/1059] Linking C static library esp-idf/esp_driver_gpio/libesp_driver_gpio.a
[832/1059] Building C object esp-idf/esp_stdio/CMakeFiles/__idf_esp_stdio.dir/stdio_vfs.c.obj
[833/1059] Building C object esp-idf/esp_stdio/CMakeFiles/__idf_esp_stdio.dir/stdio_syscalls_simple.c.obj
[834/1059] Building C object esp-idf/esp_partition/CMakeFiles/__idf_esp_partition.dir/partition.c.obj
[835/1059] Building C object esp-idf/riscv/CMakeFiles/__idf_riscv.dir/instruction_decode.c.obj
[836/1059] Linking C static library esp-idf/esp_security/libesp_security.a
[837/1059] Building ASM object esp-idf/riscv/CMakeFiles/__idf_riscv.dir/vectors.S.obj
[838/1059] Building C object esp-idf/riscv/CMakeFiles/__idf_riscv.dir/interrupt.c.obj
[839/1059] Building ASM object esp-idf/riscv/CMakeFiles/__idf_riscv.dir/vectors_clic.S.obj
[840/1059] Linking C static library esp-idf/efuse/libefuse.a
[841/1059] Building C object esp-idf/riscv/CMakeFiles/__idf_riscv.dir/rv_utils.c.obj
[842/1059] Building C object esp-idf/riscv/CMakeFiles/__idf_riscv.dir/interrupt_clic.c.obj
[843/1059] Linking C static library esp-idf/esp_partition/libesp_partition.a
[844/1059] Building C object esp-idf/esp_hal_mspi/CMakeFiles/__idf_esp_hal_mspi.dir/spi_flash_hal_gpspi.c.obj
[845/1059] Building C object esp-idf/esp_hal_mspi/CMakeFiles/__idf_esp_hal_mspi.dir/spi_flash_hal.c.obj
[846/1059] Building C object esp-idf/esp_hal_mspi/CMakeFiles/__idf_esp_hal_mspi.dir/spi_flash_hal_iram.c.obj
[847/1059] Building C object esp-idf/console/CMakeFiles/__idf_console.dir/split_argv.c.obj
[848/1059] Building C object esp-idf/console/CMakeFiles/__idf_console.dir/esp_console_repl_internal.c.obj
[849/1059] Building C object esp-idf/app_update/CMakeFiles/__idf_app_update.dir/esp_ota_ops.c.obj
[850/1059] Building C object esp-idf/console/CMakeFiles/__idf_console.dir/esp_console_common.c.obj
[851/1059] Linking C static library esp-idf/app_update/libapp_update.a
[852/1059] Building C object esp-idf/console/CMakeFiles/__idf_console.dir/commands.c.obj
[853/1059] Linking C static library esp-idf/esp_bootloader_format/libesp_bootloader_format.a
[854/1059] Building C object esp-idf/console/CMakeFiles/__idf_console.dir/argtable3/arg_cmd.c.obj
[855/1059] Linking C static library esp-idf/esp_app_format/libesp_app_format.a
[856/1059] Building C object esp-idf/console/CMakeFiles/__idf_console.dir/esp_console_repl_chip.c.obj
[857/1059] Building C object esp-idf/esp_driver_spi/CMakeFiles/__idf_esp_driver_spi.dir/src/gpspi/spi_slave.c.obj
[858/1059] Linking C static library esp-idf/esp_hal_mspi/libesp_hal_mspi.a
[859/1059] Building C object esp-idf/esp_driver_spi/CMakeFiles/__idf_esp_driver_spi.dir/src/gpspi/spi_slave_hd.c.obj
[860/1059] Building C object esp-idf/console/CMakeFiles/__idf_console.dir/argtable3/arg_dbl.c.obj
[861/1059] Building C object esp-idf/esp_driver_spi/CMakeFiles/__idf_esp_driver_spi.dir/src/gpspi/spi_common.c.obj
[862/1059] Linking C static library esp-idf/esp_stdio/libesp_stdio.a
[863/1059] Building C object esp-idf/console/CMakeFiles/__idf_console.dir/argtable3/arg_dstr.c.obj
[864/1059] Building C object esp-idf/console/CMakeFiles/__idf_console.dir/argtable3/arg_end.c.obj
[865/1059] Building C object esp-idf/console/CMakeFiles/__idf_console.dir/argtable3/arg_date.c.obj
[866/1059] Linking C static library esp-idf/riscv/libriscv.a
[867/1059] Building C object esp-idf/console/CMakeFiles/__idf_console.dir/argtable3/arg_int.c.obj
[868/1059] Building C object esp-idf/console/CMakeFiles/__idf_console.dir/argtable3/arg_file.c.obj
[869/1059] Building C object esp-idf/console/CMakeFiles/__idf_console.dir/argtable3/arg_hashtable.c.obj
[870/1059] Building C object esp-idf/console/CMakeFiles/__idf_console.dir/argtable3/arg_lit.c.obj
[871/1059] Building C object esp-idf/console/CMakeFiles/__idf_console.dir/argtable3/arg_str.c.obj
[872/1059] Building C object esp-idf/console/CMakeFiles/__idf_console.dir/argtable3/arg_rem.c.obj
[873/1059] Building C object esp-idf/esp_driver_spi/CMakeFiles/__idf_esp_driver_spi.dir/src/gpspi/spi_master.c.obj
[874/1059] Building C object esp-idf/console/CMakeFiles/__idf_console.dir/linenoise/linenoise.c.obj
[875/1059] Building C object esp-idf/esp_driver_bitscrambler/CMakeFiles/__idf_esp_driver_bitscrambler.dir/src/bitscrambler_esp32c5.c.obj
[876/1059] Building C object esp-idf/console/CMakeFiles/__idf_console.dir/argtable3/arg_utils.c.obj
[877/1059] Building C object esp-idf/esp_driver_bitscrambler/CMakeFiles/__idf_esp_driver_bitscrambler.dir/src/bitscrambler.c.obj
[878/1059] Building C object esp-idf/console/CMakeFiles/__idf_console.dir/argtable3/arg_rex.c.obj
[879/1059] Building C object esp-idf/esp_driver_bitscrambler/CMakeFiles/__idf_esp_driver_bitscrambler.dir/src/bitscrambler_loopback.c.obj
[880/1059] Building C object esp-idf/sdmmc/CMakeFiles/__idf_sdmmc.dir/sdmmc_init.c.obj
[881/1059] Building C object esp-idf/sdmmc/CMakeFiles/__idf_sdmmc.dir/sdmmc_mmc.c.obj
[882/1059] Building C object esp-idf/console/CMakeFiles/__idf_console.dir/argtable3/argtable3.c.obj
[883/1059] Building C object esp-idf/sdmmc/CMakeFiles/__idf_sdmmc.dir/sd_pwr_ctrl/sd_pwr_ctrl.c.obj
[884/1059] Linking C static library esp-idf/esp_driver_spi/libesp_driver_spi.a
[885/1059] Building C object esp-idf/sdmmc/CMakeFiles/__idf_sdmmc.dir/sdmmc_blockdev.c.obj
[886/1059] Building C object esp-idf/sdmmc/CMakeFiles/__idf_sdmmc.dir/sdmmc_common.c.obj
[887/1059] Building C object esp-idf/unity/CMakeFiles/__idf_unity.dir/unity_compat.c.obj
[888/1059] Building C object esp-idf/sdmmc/CMakeFiles/__idf_sdmmc.dir/sdmmc_io.c.obj
[889/1059] Building C object esp-idf/sdmmc/CMakeFiles/__idf_sdmmc.dir/sdmmc_cmd.c.obj
[890/1059] Building C object esp-idf/unity/CMakeFiles/__idf_unity.dir/unity_utils_freertos.c.obj
[891/1059] Building C object esp-idf/unity/CMakeFiles/__idf_unity.dir/unity_runner.c.obj
[892/1059] Linking C static library esp-idf/esp_driver_bitscrambler/libesp_driver_bitscrambler.a
[893/1059] Building C object esp-idf/unity/CMakeFiles/__idf_unity.dir/unity_utils_memory.c.obj
[894/1059] Building C object esp-idf/unity/CMakeFiles/__idf_unity.dir/port/esp/unity_utils_memory_esp.c.obj
[895/1059] Building C object esp-idf/unity/CMakeFiles/__idf_unity.dir/unity_port_esp32.c.obj
[896/1059] Building C object esp-idf/sdmmc/CMakeFiles/__idf_sdmmc.dir/sdmmc_sd.c.obj
[897/1059] Linking C static library esp-idf/console/libconsole.a
[898/1059] Building C object esp-idf/unity/CMakeFiles/__idf_unity.dir/unity_utils_cache.c.obj
[899/1059] Building C object esp-idf/esp_driver_parlio/CMakeFiles/__idf_esp_driver_parlio.dir/src/parlio_common.c.obj
[900/1059] Building C object esp-idf/unity/CMakeFiles/__idf_unity.dir/unity/src/unity.c.obj
[901/1059] Building C object esp-idf/esp_driver_parlio/CMakeFiles/__idf_esp_driver_parlio.dir/src/parlio_bitscrambler.c.obj
[902/1059] Linking C static library esp-idf/sdmmc/libsdmmc.a
[903/1059] Building C object esp-idf/esp_driver_i2c/CMakeFiles/__idf_esp_driver_i2c.dir/i2c_common.c.obj
[904/1059] Building C object esp-idf/esp_driver_i2c/CMakeFiles/__idf_esp_driver_i2c.dir/i2c_slave.c.obj
[905/1059] Building C object esp-idf/esp_driver_sdspi/CMakeFiles/__idf_esp_driver_sdspi.dir/src/sdspi_crc.c.obj
[906/1059] Building C object esp-idf/esp_driver_sd_intf/CMakeFiles/__idf_esp_driver_sd_intf.dir/sd_host.c.obj
[907/1059] Building C object esp-idf/protocomm/CMakeFiles/__idf_protocomm.dir/proto-c/constants.pb-c.c.obj
[908/1059] Building C object esp-idf/protobuf-c/CMakeFiles/__idf_protobuf-c.dir/protobuf-c/protobuf-c/protobuf-c.c.obj
[909/1059] Building C object esp-idf/esp_driver_sdspi/CMakeFiles/__idf_esp_driver_sdspi.dir/src/sdspi_transaction.c.obj
[910/1059] Linking C static library esp-idf/protobuf-c/libprotobuf-c.a
[911/1059] Building C object esp-idf/esp_driver_parlio/CMakeFiles/__idf_esp_driver_parlio.dir/src/parlio_tx.c.obj
[912/1059] Building C object esp-idf/protocomm/CMakeFiles/__idf_protocomm.dir/proto-c/sec0.pb-c.c.obj
[913/1059] Building C object esp-idf/protocomm/CMakeFiles/__idf_protocomm.dir/proto-c/sec1.pb-c.c.obj
[914/1059] Building C object esp-idf/esp_driver_sdspi/CMakeFiles/__idf_esp_driver_sdspi.dir/src/sdspi_host.c.obj
[915/1059] Building C object esp-idf/protocomm/CMakeFiles/__idf_protocomm.dir/proto-c/session.pb-c.c.obj
[916/1059] Building C object esp-idf/protocomm/CMakeFiles/__idf_protocomm.dir/src/common/protocomm.c.obj
[917/1059] Building C object esp-idf/protocomm/CMakeFiles/__idf_protocomm.dir/proto-c/sec2.pb-c.c.obj
[918/1059] Building C object esp-idf/esp_https_server/CMakeFiles/__idf_esp_https_server.dir/src/https_server.c.obj
[919/1059] Building C object esp-idf/esp_driver_parlio/CMakeFiles/__idf_esp_driver_parlio.dir/src/parlio_rx.c.obj
[920/1059] Building CXX object esp-idf/wear_levelling/CMakeFiles/__idf_wear_levelling.dir/Partition.cpp.obj
[921/1059] Building C object esp-idf/protocomm/CMakeFiles/__idf_protocomm.dir/src/transports/protocomm_console.c.obj
[922/1059] Building CXX object esp-idf/wear_levelling/CMakeFiles/__idf_wear_levelling.dir/SPI_Flash.cpp.obj
[923/1059] Building C object esp-idf/protocomm/CMakeFiles/__idf_protocomm.dir/src/crypto/srp6a/esp_srp_mpi.c.obj
[924/1059] Building C object esp-idf/protocomm/CMakeFiles/__idf_protocomm.dir/src/transports/protocomm_httpd.c.obj
[925/1059] Building CXX object esp-idf/wear_levelling/CMakeFiles/__idf_wear_levelling.dir/crc32.cpp.obj
[926/1059] Building C object esp-idf/esp_driver_i2c/CMakeFiles/__idf_esp_driver_i2c.dir/i2c_master.c.obj
[927/1059] Building CXX object esp-idf/wear_levelling/CMakeFiles/__idf_wear_levelling.dir/WL_Ext_Perf.cpp.obj
[928/1059] Building C object esp-idf/protocomm/CMakeFiles/__idf_protocomm.dir/src/crypto/srp6a/esp_srp.c.obj
[929/1059] Building C object esp-idf/spiffs/CMakeFiles/__idf_spiffs.dir/spiffs_api.c.obj
[930/1059] Building CXX object esp-idf/wear_levelling/CMakeFiles/__idf_wear_levelling.dir/WL_Ext_Safe.cpp.obj
[931/1059] Building CXX object esp-idf/wear_levelling/CMakeFiles/__idf_wear_levelling.dir/wear_levelling.cpp.obj
[932/1059] Building C object esp-idf/protocomm/CMakeFiles/__idf_protocomm.dir/src/security/security2.c.obj
[933/1059] Building C object esp-idf/spiffs/CMakeFiles/__idf_spiffs.dir/spiffs/src/spiffs_cache.c.obj
[934/1059] Building C object esp-idf/spiffs/CMakeFiles/__idf_spiffs.dir/spiffs/src/spiffs_gc.c.obj
[935/1059] Building C object esp-idf/spiffs/CMakeFiles/__idf_spiffs.dir/spiffs/src/spiffs_check.c.obj
[936/1059] Building C object esp-idf/esp_driver_gptimer/CMakeFiles/__idf_esp_driver_gptimer.dir/src/gptimer_common.c.obj
[937/1059] Building C object esp-idf/espressif__cjson/CMakeFiles/__idf_espressif__cjson.dir/cJSON/cJSON_Utils.c.obj
[938/1059] Building C object esp-idf/esp_driver_gptimer/CMakeFiles/__idf_esp_driver_gptimer.dir/src/gptimer.c.obj
[939/1059] Building CXX object esp-idf/wear_levelling/CMakeFiles/__idf_wear_levelling.dir/WL_Flash.cpp.obj
[940/1059] Linking C static library esp-idf/unity/libunity.a
[941/1059] Building C object esp-idf/cmock/CMakeFiles/__idf_cmock.dir/CMock/src/cmock.c.obj
[942/1059] Building C object esp-idf/esp_driver_gptimer/CMakeFiles/__idf_esp_driver_gptimer.dir/src/gptimer_etm.c.obj
[943/1059] Building C object esp-idf/esp_driver_ana_cmpr/CMakeFiles/__idf_esp_driver_ana_cmpr.dir/ana_cmpr_etm.c.obj
[944/1059] Building C object esp-idf/spiffs/CMakeFiles/__idf_spiffs.dir/esp_spiffs.c.obj
[945/1059] Building C object esp-idf/esp_driver_cam/CMakeFiles/__idf_esp_driver_cam.dir/dvp_share_ctrl.c.obj
[946/1059] Building C object esp-idf/spiffs/CMakeFiles/__idf_spiffs.dir/spiffs/src/spiffs_hydrogen.c.obj
[947/1059] Linking C static library esp-idf/esp_driver_i2c/libesp_driver_i2c.a
[948/1059] Building C object esp-idf/esp_driver_cam/CMakeFiles/__idf_esp_driver_cam.dir/esp_cam_ctlr.c.obj
[949/1059] Building C object esp-idf/spiffs/CMakeFiles/__idf_spiffs.dir/spiffs/src/spiffs_nucleus.c.obj
[950/1059] Building C object esp-idf/espressif__cjson/CMakeFiles/__idf_espressif__cjson.dir/cJSON/cJSON.c.obj
[951/1059] Building C object esp-idf/esp_driver_ana_cmpr/CMakeFiles/__idf_esp_driver_ana_cmpr.dir/ana_cmpr.c.obj
[952/1059] Building C object esp-idf/esp_driver_ledc/CMakeFiles/__idf_esp_driver_ledc.dir/src/ledc_etm.c.obj
[953/1059] Building C object esp-idf/esp_driver_mcpwm/CMakeFiles/__idf_esp_driver_mcpwm.dir/src/mcpwm_com.c.obj
[954/1059] Building C object esp-idf/esp_driver_mcpwm/CMakeFiles/__idf_esp_driver_mcpwm.dir/src/mcpwm_cmpr.c.obj
[955/1059] Building C object esp-idf/esp_driver_mcpwm/CMakeFiles/__idf_esp_driver_mcpwm.dir/src/mcpwm_fault.c.obj
[956/1059] Building C object esp-idf/esp_driver_mcpwm/CMakeFiles/__idf_esp_driver_mcpwm.dir/src/mcpwm_cap.c.obj
[957/1059] Building C object esp-idf/esp_driver_mcpwm/CMakeFiles/__idf_esp_driver_mcpwm.dir/src/mcpwm_sync.c.obj
[958/1059] Building C object esp-idf/esp_driver_mcpwm/CMakeFiles/__idf_esp_driver_mcpwm.dir/src/mcpwm_oper.c.obj
[959/1059] Linking C static library esp-idf/esp_driver_parlio/libesp_driver_parlio.a
[960/1059] Building C object esp-idf/esp_driver_mcpwm/CMakeFiles/__idf_esp_driver_mcpwm.dir/src/mcpwm_etm.c.obj
[961/1059] Building C object esp-idf/esp_driver_mcpwm/CMakeFiles/__idf_esp_driver_mcpwm.dir/src/mcpwm_gen.c.obj
[962/1059] Building C object esp-idf/esp_driver_rmt/CMakeFiles/__idf_esp_driver_rmt.dir/src/rmt_encoder.c.obj
[963/1059] Building C object esp-idf/esp_driver_mcpwm/CMakeFiles/__idf_esp_driver_mcpwm.dir/src/mcpwm_timer.c.obj
[964/1059] Building C object esp-idf/esp_driver_rmt/CMakeFiles/__idf_esp_driver_rmt.dir/src/rmt_encoder_bytes.c.obj
[965/1059] Building C object esp-idf/esp_driver_rmt/CMakeFiles/__idf_esp_driver_rmt.dir/src/rmt_encoder_copy.c.obj
[966/1059] Building C object esp-idf/esp_driver_rmt/CMakeFiles/__idf_esp_driver_rmt.dir/src/rmt_common.c.obj
[967/1059] Building C object esp-idf/esp_driver_rmt/CMakeFiles/__idf_esp_driver_rmt.dir/src/rmt_encoder_simple.c.obj
[968/1059] Linking C static library esp-idf/esp_driver_sd_intf/libesp_driver_sd_intf.a
[969/1059] Linking C static library esp-idf/esp_driver_sdspi/libesp_driver_sdspi.a
[970/1059] Building C object esp-idf/driver/CMakeFiles/__idf_driver.dir/i2c/i2c.c.obj
[971/1059] Building C object esp-idf/esp_driver_pcnt/CMakeFiles/__idf_esp_driver_pcnt.dir/src/pulse_cnt.c.obj
[972/1059] Building C object esp-idf/esp_driver_sdm/CMakeFiles/__idf_esp_driver_sdm.dir/src/sdm.c.obj
[973/1059] Building C object esp-idf/esp_driver_twai/CMakeFiles/__idf_esp_driver_twai.dir/esp_twai.c.obj
[974/1059] Building C object esp-idf/esp_driver_sdio/CMakeFiles/__idf_esp_driver_sdio.dir/src/sdio_slave.c.obj
[975/1059] Building C object esp-idf/esp_driver_tsens/CMakeFiles/__idf_esp_driver_tsens.dir/src/temperature_sensor.c.obj
[976/1059] Building C object esp-idf/esp_driver_ledc/CMakeFiles/__idf_esp_driver_ledc.dir/src/ledc.c.obj
[977/1059] Building C object esp-idf/esp_driver_rmt/CMakeFiles/__idf_esp_driver_rmt.dir/src/rmt_rx.c.obj
[978/1059] Building C object esp-idf/esp_hid/CMakeFiles/__idf_esp_hid.dir/src/esp_hidd.c.obj
[979/1059] Linking C static library esp-idf/esp_https_server/libesp_https_server.a
[980/1059] Building C object esp-idf/esp_eth/CMakeFiles/__idf_esp_eth.dir/src/esp_eth_netif_glue.c.obj
[981/1059] Building C object esp-idf/esp_lcd/CMakeFiles/__idf_esp_lcd.dir/src/esp_lcd_common.c.obj
[982/1059] Building C object esp-idf/esp_hid/CMakeFiles/__idf_esp_hid.dir/src/esp_hidh.c.obj
[983/1059] Building C object esp-idf/esp_hid/CMakeFiles/__idf_esp_hid.dir/src/esp_hid_common.c.obj
[984/1059] Building C object esp-idf/esp_driver_rmt/CMakeFiles/__idf_esp_driver_rmt.dir/src/rmt_tx.c.obj
[985/1059] Building C object esp-idf/esp_lcd/CMakeFiles/__idf_esp_lcd.dir/src/esp_lcd_panel_io.c.obj
[986/1059] Building C object esp-idf/esp_lcd/CMakeFiles/__idf_esp_lcd.dir/src/esp_lcd_panel_ops.c.obj
[987/1059] Building C object esp-idf/esp_driver_twai/CMakeFiles/__idf_esp_driver_twai.dir/esp_twai_onchip.c.obj
[988/1059] Building C object esp-idf/esp_lcd/CMakeFiles/__idf_esp_lcd.dir/src/esp_lcd_panel_ssd1306.c.obj
[989/1059] Building C object esp-idf/esp_eth/CMakeFiles/__idf_esp_eth.dir/src/esp_eth.c.obj
[990/1059] Linking C static library esp-idf/protocomm/libprotocomm.a
[991/1059] Building C object esp-idf/esp_lcd/CMakeFiles/__idf_esp_lcd.dir/i2c/esp_lcd_panel_io_i2c.c.obj
[992/1059] Building C object esp-idf/esp_lcd/CMakeFiles/__idf_esp_lcd.dir/src/esp_lcd_panel_st7789.c.obj
[993/1059] Building C object esp-idf/esp_eth/CMakeFiles/__idf_esp_eth.dir/src/phy/esp_eth_phy_802_3.c.obj
[994/1059] Linking C static library esp-idf/wear_levelling/libwear_levelling.a
[995/1059] Building C object esp-idf/fatfs/CMakeFiles/__idf_fatfs.dir/diskio/diskio.c.obj
[996/1059] Building C object esp-idf/esp_local_ctrl/CMakeFiles/__idf_esp_local_ctrl.dir/proto-c/esp_local_ctrl.pb-c.c.obj
[997/1059] Building C object esp-idf/esp_local_ctrl/CMakeFiles/__idf_esp_local_ctrl.dir/src/esp_local_ctrl_transport_httpd.c.obj
[998/1059] Building C object esp-idf/esp_local_ctrl/CMakeFiles/__idf_esp_local_ctrl.dir/src/esp_local_ctrl_handler.c.obj
[999/1059] Building C object esp-idf/esp_lcd/CMakeFiles/__idf_esp_lcd.dir/parl/esp_lcd_panel_io_parl.c.obj
[1000/1059] Building C object esp-idf/fatfs/CMakeFiles/__idf_fatfs.dir/diskio/diskio_rawflash.c.obj
[1001/1059] Building C object esp-idf/fatfs/CMakeFiles/__idf_fatfs.dir/diskio/diskio_wl.c.obj
[1002/1059] Building C object esp-idf/fatfs/CMakeFiles/__idf_fatfs.dir/port/freertos/ffsystem.c.obj
[1003/1059] Building C object esp-idf/esp_lcd/CMakeFiles/__idf_esp_lcd.dir/spi/esp_lcd_panel_io_spi.c.obj
[1004/1059] Building C object esp-idf/fatfs/CMakeFiles/__idf_fatfs.dir/diskio/diskio_sdmmc.c.obj
[1005/1059] Building C object esp-idf/esp_local_ctrl/CMakeFiles/__idf_esp_local_ctrl.dir/src/esp_local_ctrl.c.obj
[1006/1059] Building C object esp-idf/fatfs/CMakeFiles/__idf_fatfs.dir/src/ffunicode.c.obj
[1007/1059] Building C object esp-idf/ieee802154/CMakeFiles/__idf_ieee802154.dir/driver/esp_ieee802154_ack.c.obj
[1008/1059] Building C object esp-idf/ieee802154/CMakeFiles/__idf_ieee802154.dir/driver/esp_ieee802154_event.c.obj
[1009/1059] Building C object esp-idf/ieee802154/CMakeFiles/__idf_ieee802154.dir/esp_ieee802154.c.obj
[1010/1059] Building C object esp-idf/fatfs/CMakeFiles/__idf_fatfs.dir/vfs/vfs_fat_sdmmc.c.obj
[1011/1059] Building C object esp-idf/ieee802154/CMakeFiles/__idf_ieee802154.dir/driver/esp_ieee802154_frame.c.obj
[1012/1059] Building C object esp-idf/ieee802154/CMakeFiles/__idf_ieee802154.dir/driver/esp_ieee802154_sec.c.obj
[1013/1059] Building C object esp-idf/ieee802154/CMakeFiles/__idf_ieee802154.dir/driver/esp_ieee802154_util.c.obj
[1014/1059] Building C object esp-idf/ieee802154/CMakeFiles/__idf_ieee802154.dir/driver/esp_ieee802154_pib.c.obj
[1015/1059] Building C object esp-idf/fatfs/CMakeFiles/__idf_fatfs.dir/vfs/vfs_fat_spiflash.c.obj
[1016/1059] Linking C static library esp-idf/espressif__cjson/libespressif__cjson.a
[1017/1059] Linking C static library esp-idf/spiffs/libspiffs.a
[1018/1059] Building C object esp-idf/ieee802154/CMakeFiles/__idf_ieee802154.dir/driver/esp_ieee802154_timer.c.obj
[1019/1059] Building C object esp-idf/rt/CMakeFiles/__idf_rt.dir/FreeRTOS_POSIX_utils.c.obj
[1020/1059] Building C object esp-idf/main/CMakeFiles/__idf_main.dir/dns_log.c.obj
[1021/1059] Building C object esp-idf/rt/CMakeFiles/__idf_rt.dir/FreeRTOS_POSIX_mqueue.c.obj
[1022/1059] Building C object esp-idf/main/CMakeFiles/__idf_main.dir/ap_clients.c.obj
[1023/1059] Linking C static library esp-idf/esp_driver_gptimer/libesp_driver_gptimer.a
[1024/1059] Linking C static library esp-idf/cmock/libcmock.a
[1025/1059] Building C object esp-idf/ieee802154/CMakeFiles/__idf_ieee802154.dir/driver/esp_ieee802154_dev.c.obj
[1026/1059] Performing configure step for 'bootloader'
-- Found Git: /usr/bin/git (found version "2.50.1 (Apple Git-155)")
-- Component directory /Users/zainnasseer/development/esp/esp-idf/components/mqtt does not contain a CMakeLists.txt file. No component will be added
-- Minimal build - OFF
-- The C compiler identification is GNU 15.2.0
-- The CXX compiler identification is GNU 15.2.0
-- The ASM compiler identification is GNU
-- Found assembler: /Users/zainnasseer/.espressif/tools/riscv32-esp-elf/esp-15.2.0_20250929/riscv32-esp-elf/bin/riscv32-esp-elf-gcc
-- Detecting C compiler ABI info
-- Detecting C compiler ABI info - done
-- Check for working C compiler: /Users/zainnasseer/.espressif/tools/riscv32-esp-elf/esp-15.2.0_20250929/riscv32-esp-elf/bin/riscv32-esp-elf-gcc - skipped
-- Detecting C compile features
-- Detecting C compile features - done
-- Detecting CXX compiler ABI info
-- Detecting CXX compiler ABI info - done
-- Check for working CXX compiler: /Users/zainnasseer/.espressif/tools/riscv32-esp-elf/esp-15.2.0_20250929/riscv32-esp-elf/bin/riscv32-esp-elf-g++ - skipped
-- Detecting CXX compile features
-- Detecting CXX compile features - done
-- Building ESP-IDF components for target esp32c5
-- KCONFIG_REPORT_VERBOSITY not set, using default
-- Project sdkconfig file /Users/zainnasseer/development/esp/wifi_repeater/sdkconfig
info: Default value for ESP_PERIPH_CTRL_FUNC_IN_IRAM in sdkconfig is y but it is n according to Kconfig.
Using default value from sdkconfig (y).
info: Default value for GDMA_CTRL_FUNC_IN_IRAM in sdkconfig is y but it is n according to Kconfig.
Using default value from sdkconfig (y).
Configuration Report                                                            
 ────────────────────────────────────────────────────────────────────────────── 
   Parser Version: 1                                                            
   Verbosity: default                                                           
   Defaults policy: sdkconfig                                                   
   Status: Finished with notifications                                          
                                                                                
  Miscellaneous                                                                 
   ──────────────────────────────────────────────────────────────────────────   
    * Trying to set symbol PARTITION_TABLE_SINGLE_APP to n, but it is           
    currently selected by choice PARTITION_TABLE_TYPE. For setting it to n,     
    set another choice symbol to y instead.                                     
   ──────────────────────────────────────────────────────────────────────────   
  Default Value Mismatch                                                        
   ──────────────────────────────────────────────────────────────────────────   
    Using sdkconfig default values                                              
    Choice symbols with different default selection between sdkconfig and       
    Kconfig                                                                     
    LIBC_STDOUT_LINE_ENDING: Kconfig default selection: choice                  
    deselected, sdkconfig default selection: LIBC_STDOUT_LINE_ENDING_CRLF       
    LIBC_STDIN_LINE_ENDING: Kconfig default selection: choice deselected,       
    sdkconfig default selection: LIBC_STDIN_LINE_ENDING_CR                      
   ──────────────────────────────────────────────────────────────────────────   
 ────────────────────────────────────────────────────────────────────────────── 
-- Detecting C compiler ABI info
-- Detecting C compiler ABI info - done
-- Detecting CXX compiler ABI info
-- Detecting CXX compiler ABI info - done
-- Adding linker script /Users/zainnasseer/development/esp/esp-idf/components/riscv/ld/rom.api.ld
-- Adding linker script /Users/zainnasseer/development/esp/esp-idf/components/soc/esp32c5/ld/esp32c5.peripherals.ld
-- Bootloader project name: "bootloader" version: 1
-- Adding linker script /Users/zainnasseer/development/esp/esp-idf/components/esp_rom/esp32c5/ld/esp32c5.rom.ld
-- Adding linker script /Users/zainnasseer/development/esp/esp-idf/components/esp_rom/esp32c5/ld/esp32c5.rom.api.ld
-- Adding linker script /Users/zainnasseer/development/esp/esp-idf/components/esp_rom/esp32c5/ld/esp32c5.rom.rvfp.ld
-- Adding linker script /Users/zainnasseer/development/esp/esp-idf/components/esp_rom/esp32c5/ld/esp32c5.rom.wdt.ld
-- Adding linker script /Users/zainnasseer/development/esp/esp-idf/components/esp_rom/esp32c5/ld/esp32c5.rom.systimer.ld
-- Adding linker script /Users/zainnasseer/development/esp/esp-idf/components/esp_rom/esp32c5/ld/esp32c5.rom.version.ld
-- Adding linker script /Users/zainnasseer/development/esp/esp-idf/components/esp_rom/esp32c5/ld/esp32c5.rom.libc.ld
-- Adding linker script /Users/zainnasseer/development/esp/esp-idf/components/esp_rom/esp32c5/ld/esp32c5.rom.libc-suboptimal_for_misaligned_mem.ld
-- Adding linker script /Users/zainnasseer/development/esp/esp-idf/components/esp_rom/esp32c5/ld/esp32c5.rom.newlib.ld
-- Adding linker script /Users/zainnasseer/development/esp/esp-idf/components/bootloader/subproject/main/ld/esp32c5/bootloader.rom.ld
-- Components: bootloader bootloader_support efuse esp_app_format esp_bootloader_format esp_common esp_hal_dma esp_hal_mspi esp_hal_timg esp_hal_usb esp_hal_wdt esp_hw_support esp_libc esp_rom esp_security esp_stdio esp_system esp_tee esptool_py freertos hal log main micro-ecc partition_table riscv soc spi_flash
-- Component paths: /Users/zainnasseer/development/esp/esp-idf/components/bootloader /Users/zainnasseer/development/esp/esp-idf/components/bootloader_support /Users/zainnasseer/development/esp/esp-idf/components/efuse /Users/zainnasseer/development/esp/esp-idf/components/esp_app_format /Users/zainnasseer/development/esp/esp-idf/components/esp_bootloader_format /Users/zainnasseer/development/esp/esp-idf/components/esp_common /Users/zainnasseer/development/esp/esp-idf/components/esp_hal_dma /Users/zainnasseer/development/esp/esp-idf/components/esp_hal_mspi /Users/zainnasseer/development/esp/esp-idf/components/esp_hal_timg /Users/zainnasseer/development/esp/esp-idf/components/esp_hal_usb /Users/zainnasseer/development/esp/esp-idf/components/esp_hal_wdt /Users/zainnasseer/development/esp/esp-idf/components/esp_hw_support /Users/zainnasseer/development/esp/esp-idf/components/esp_libc /Users/zainnasseer/development/esp/esp-idf/components/esp_rom /Users/zainnasseer/development/esp/esp-idf/components/esp_security /Users/zainnasseer/development/esp/esp-idf/components/esp_stdio /Users/zainnasseer/development/esp/esp-idf/components/esp_system /Users/zainnasseer/development/esp/esp-idf/components/esp_tee /Users/zainnasseer/development/esp/esp-idf/components/esptool_py /Users/zainnasseer/development/esp/esp-idf/components/freertos /Users/zainnasseer/development/esp/esp-idf/components/hal /Users/zainnasseer/development/esp/esp-idf/components/log /Users/zainnasseer/development/esp/esp-idf/components/bootloader/subproject/main /Users/zainnasseer/development/esp/esp-idf/components/bootloader/subproject/components/micro-ecc /Users/zainnasseer/development/esp/esp-idf/components/partition_table /Users/zainnasseer/development/esp/esp-idf/components/riscv /Users/zainnasseer/development/esp/esp-idf/components/soc /Users/zainnasseer/development/esp/esp-idf/components/spi_flash
-- Adding linker script /Users/zainnasseer/development/esp/esp-idf/components/bootloader/subproject/main/ld/esp32c5/bootloader.ld.in
--   -> Preprocessing .in script: /Users/zainnasseer/development/esp/esp-idf/components/bootloader/subproject/main/ld/esp32c5/bootloader.ld.in
-- Configuring done (6.8s)
-- Generating done (0.3s)
-- Build files have been written to: /Users/zainnasseer/development/esp/wifi_repeater/build/bootloader
[1027/1059] Linking C static library esp-idf/driver/libdriver.a
[1028/1059] Linking C static library esp-idf/esp_driver_cam/libesp_driver_cam.a
[1029/1059] Linking C static library esp-idf/esp_driver_ana_cmpr/libesp_driver_ana_cmpr.a
[1030/1059] Building C object esp-idf/fatfs/CMakeFiles/__idf_fatfs.dir/vfs/vfs_fat.c.obj
[1031/1059] Linking C static library esp-idf/esp_driver_ledc/libesp_driver_ledc.a
[1032/1059] Building C object esp-idf/main/CMakeFiles/__idf_main.dir/main.c.obj
/Users/zainnasseer/development/esp/wifi_repeater/main/main.c:326:13: warning: 'nat_add_port_mapping' defined but not used [-Wunused-function]
  326 | static void nat_add_port_mapping(uint8_t proto, uint16_t ext_port, uint32_t int_ip, uint16_t int_port)
      |             ^~~~~~~~~~~~~~~~~~~~
/Users/zainnasseer/development/esp/wifi_repeater/main/main.c:278:13: warning: 'bandwidth_task' defined but not used [-Wunused-function]
  278 | static void bandwidth_task(void *arg)
      |             ^~~~~~~~~~~~~~
[1033/1059] Linking C static library esp-idf/esp_driver_pcnt/libesp_driver_pcnt.a
[1034/1059] Linking C static library esp-idf/esp_driver_mcpwm/libesp_driver_mcpwm.a
[1035/1059] Linking C static library esp-idf/esp_driver_sdm/libesp_driver_sdm.a
[1036/1059] Linking C static library esp-idf/esp_driver_sdio/libesp_driver_sdio.a
[1037/1059] Linking C static library esp-idf/esp_driver_rmt/libesp_driver_rmt.a
[1038/1059] Linking C static library esp-idf/esp_driver_tsens/libesp_driver_tsens.a
[1039/1059] Linking C static library esp-idf/esp_driver_twai/libesp_driver_twai.a
[1040/1059] Linking C static library esp-idf/esp_eth/libesp_eth.a
[1041/1059] Linking C static library esp-idf/esp_hid/libesp_hid.a
[1042/1059] Building C object esp-idf/main/CMakeFiles/__idf_main.dir/sys_monitor.c.obj
FAILED: [code=1] esp-idf/main/CMakeFiles/__idf_main.dir/sys_monitor.c.obj 
/Users/zainnasseer/.espressif/tools/riscv32-esp-elf/esp-15.2.0_20250929/riscv32-esp-elf/bin/riscv32-esp-elf-gcc -DESP_PLATFORM -DIDF_VER=\"683ddf8a-dirty\" -DSOC_MMU_PAGE_SIZE=CONFIG_MMU_PAGE_SIZE -DSOC_XTAL_FREQ_MHZ=CONFIG_XTAL_FREQ -D_GLIBCXX_HAVE_POSIX_SEMAPHORE -D_GLIBCXX_USE_POSIX_SEMAPHORE -D_GNU_SOURCE -D_POSIX_READER_WRITER_LOCKS -I/Users/zainnasseer/development/esp/wifi_repeater/build/config -I/Users/zainnasseer/development/esp/wifi_repeater/main -I/Users/zainnasseer/development/esp/esp-idf/components/esp_libc/platform_include -I/Users/zainnasseer/development/esp/esp-idf/components/freertos/config/include -I/Users/zainnasseer/development/esp/esp-idf/components/freertos/config/include/freertos -I/Users/zainnasseer/development/esp/esp-idf/components/freertos/config/riscv/include -I/Users/zainnasseer/development/esp/esp-idf/components/freertos/FreeRTOS-Kernel/include -I/Users/zainnasseer/development/esp/esp-idf/components/freertos/FreeRTOS-Kernel/portable/riscv/include -I/Users/zainnasseer/development/esp/esp-idf/components/freertos/FreeRTOS-Kernel/portable/riscv/include/freertos -I/Users/zainnasseer/development/esp/esp-idf/components/freertos/esp_additions/include -I/Users/zainnasseer/development/esp/esp-idf/components/esp_hw_support/include -I/Users/zainnasseer/development/esp/esp-idf/components/esp_hw_support/include/soc -I/Users/zainnasseer/development/esp/esp-idf/components/esp_hw_support/dma/include -I/Users/zainnasseer/development/esp/esp-idf/components/esp_hw_support/ldo/include -I/Users/zainnasseer/development/esp/esp-idf/components/esp_hw_support/debug_probe/include -I/Users/zainnasseer/development/esp/esp-idf/components/esp_hw_support/etm/include -I/Users/zainnasseer/development/esp/esp-idf/components/esp_hw_support/mspi_timing_tuning/include -I/Users/zainnasseer/development/esp/esp-idf/components/esp_hw_support/mspi_timing_tuning/tuning_scheme_impl/include -I/Users/zainnasseer/development/esp/esp-idf/components/esp_hw_support/power_supply/include -I/Users/zainnasseer/development/esp/esp-idf/components/esp_hw_support/modem/include -I/Users/zainnasseer/development/esp/esp-idf/components/esp_hw_support/port/esp32c5/. -I/Users/zainnasseer/development/esp/esp-idf/components/esp_hw_support/port/esp32c5/include -I/Users/zainnasseer/development/esp/esp-idf/components/esp_hw_support/port/esp32c5/private_include -I/Users/zainnasseer/development/esp/esp-idf/components/esp_hw_support/mspi_timing_tuning/port/esp32c5/. -I/Users/zainnasseer/development/esp/esp-idf/components/esp_hw_support/mspi_timing_tuning/port/esp32c5/include -I/Users/zainnasseer/development/esp/esp-idf/components/heap/include -I/Users/zainnasseer/development/esp/esp-idf/components/heap/tlsf -I/Users/zainnasseer/development/esp/esp-idf/components/log/include -I/Users/zainnasseer/development/esp/esp-idf/components/soc/include -I/Users/zainnasseer/development/esp/esp-idf/components/soc/esp32c5 -I/Users/zainnasseer/development/esp/esp-idf/components/soc/esp32c5/include -I/Users/zainnasseer/development/esp/esp-idf/components/soc/esp32c5/register -I/Users/zainnasseer/development/esp/esp-idf/components/hal/platform_port/include -I/Users/zainnasseer/development/esp/esp-idf/components/hal/esp32c5/include -I/Users/zainnasseer/development/esp/esp-idf/components/hal/include -I/Users/zainnasseer/development/esp/esp-idf/components/esp_rom/include -I/Users/zainnasseer/development/esp/esp-idf/components/esp_rom/esp32c5/include -I/Users/zainnasseer/development/esp/esp-idf/components/esp_rom/esp32c5/include/esp32c5 -I/Users/zainnasseer/development/esp/esp-idf/components/esp_rom/esp32c5 -I/Users/zainnasseer/development/esp/esp-idf/components/esp_common/include -I/Users/zainnasseer/development/esp/esp-idf/components/esp_system/include -I/Users/zainnasseer/development/esp/esp-idf/components/esp_system/port/soc -I/Users/zainnasseer/development/esp/esp-idf/components/esp_system/port/include/riscv -I/Users/zainnasseer/development/esp/esp-idf/components/esp_system/port/include/private -I/Users/zainnasseer/development/esp/esp-idf/components/esp_stdio/include -I/Users/zainnasseer/development/esp/esp-idf/components/riscv/include -I/Users/zainnasseer/development/esp/esp-idf/components/esp_hal_dma/include -I/Users/zainnasseer/development/esp/esp-idf/components/esp_hal_dma/esp32c5/include -I/Users/zainnasseer/development/esp/esp-idf/components/esp_hal_usb/include -I/Users/zainnasseer/development/esp/esp-idf/components/esp_hal_usb/esp32c5/include -I/Users/zainnasseer/development/esp/esp-idf/components/lwip/include -I/Users/zainnasseer/development/esp/esp-idf/components/lwip/include/apps -I/Users/zainnasseer/development/esp/esp-idf/components/lwip/lwip/src/include -I/Users/zainnasseer/development/esp/esp-idf/components/lwip/port/include -I/Users/zainnasseer/development/esp/esp-idf/components/lwip/port/freertos/include -I/Users/zainnasseer/development/esp/esp-idf/components/lwip/port/esp32xx/include -I/Users/zainnasseer/development/esp/esp-idf/components/lwip/port/esp32xx/include/arch -I/Users/zainnasseer/development/esp/esp-idf/components/lwip/port/esp32xx/include/sys -I/Users/zainnasseer/development/esp/esp-idf/components/esp_wifi/include -I/Users/zainnasseer/development/esp/esp-idf/components/esp_wifi/include/local -I/Users/zainnasseer/development/esp/esp-idf/components/esp_wifi/wifi_apps/include -I/Users/zainnasseer/development/esp/esp-idf/components/esp_wifi/wifi_apps/nan_app/include -I/Users/zainnasseer/development/esp/esp-idf/components/esp_event/include -I/Users/zainnasseer/development/esp/esp-idf/components/esp_phy/include -I/Users/zainnasseer/development/esp/esp-idf/components/esp_phy/esp32c5/include -I/Users/zainnasseer/development/esp/esp-idf/components/esp_netif/include -I/Users/zainnasseer/development/esp/esp-idf/components/nvs_flash/include -I/Users/zainnasseer/development/esp/esp-idf/components/esp_partition/include -I/Users/zainnasseer/development/esp/esp-idf/components/esp_blockdev/include -I/Users/zainnasseer/development/esp/esp-idf/components/esp_http_server/include -I/Users/zainnasseer/development/esp/esp-idf/components/http_parser -I/Users/zainnasseer/development/esp/wifi_repeater/managed_components/espressif__cjson/cJSON -I/Users/zainnasseer/development/esp/esp-idf/components/esp_timer/include -I/Users/zainnasseer/development/esp/esp-idf/components/esp_driver_gpio/include -I/Users/zainnasseer/development/esp/esp-idf/components/spiffs/include @"/Users/zainnasseer/development/esp/wifi_repeater/build/toolchain/cflags" -fdiagnostics-color=always -ffunction-sections -fdata-sections -Wall -Werror -Wno-error=unused-function -Wno-error=unused-variable -Wno-error=unused-but-set-variable -Wno-error=deprecated-declarations -Wextra -Wno-error=extra -Wno-unused-parameter -Wno-sign-compare -Wno-enum-conversion -gdwarf-4 -ggdb -Og -fno-shrink-wrap -fmacro-prefix-map=/Users/zainnasseer/development/esp/wifi_repeater=. -fmacro-prefix-map=/Users/zainnasseer/development/esp/esp-idf=/IDF -fstrict-volatile-bitfields -fno-jump-tables -fno-tree-switch-conversion -std=gnu23 -Wno-old-style-declaration -fzero-init-padding-bits=all -fno-malloc-dce -MD -MT esp-idf/main/CMakeFiles/__idf_main.dir/sys_monitor.c.obj -MF esp-idf/main/CMakeFiles/__idf_main.dir/sys_monitor.c.obj.d -o esp-idf/main/CMakeFiles/__idf_main.dir/sys_monitor.c.obj -c /Users/zainnasseer/development/esp/wifi_repeater/main/sys_monitor.c
/Users/zainnasseer/development/esp/wifi_repeater/main/sys_monitor.c: In function 'update_net_stats':
/Users/zainnasseer/development/esp/wifi_repeater/main/sys_monitor.c:213:31: error: implicit declaration of function 'esp_netif_get_netif_impl'; did you mean 'esp_netif_get_netif_impl_name'? [-Wimplicit-function-declaration]
  213 |         struct netif *netif = esp_netif_get_netif_impl(s_sta_netif);
      |                               ^~~~~~~~~~~~~~~~~~~~~~~~
      |                               esp_netif_get_netif_impl_name
/Users/zainnasseer/development/esp/wifi_repeater/main/sys_monitor.c:213:31: error: initialization of 'struct netif *' from 'int' makes pointer from integer without a cast [-Wint-conversion]
/Users/zainnasseer/development/esp/wifi_repeater/main/sys_monitor.c:215:38: error: 'struct netif' has no member named 'mib2_counters'
  215 |             current_tx_bytes += netif->mib2_counters.ifoutoctets;
      |                                      ^~
/Users/zainnasseer/development/esp/wifi_repeater/main/sys_monitor.c:216:38: error: 'struct netif' has no member named 'mib2_counters'
  216 |             current_rx_bytes += netif->mib2_counters.ifinoctets;
      |                                      ^~
/Users/zainnasseer/development/esp/wifi_repeater/main/sys_monitor.c:222:31: error: initialization of 'struct netif *' from 'int' makes pointer from integer without a cast [-Wint-conversion]
  222 |         struct netif *netif = esp_netif_get_netif_impl(s_ap_netif);
      |                               ^~~~~~~~~~~~~~~~~~~~~~~~
/Users/zainnasseer/development/esp/wifi_repeater/main/sys_monitor.c:224:38: error: 'struct netif' has no member named 'mib2_counters'
  224 |             current_tx_bytes += netif->mib2_counters.ifoutoctets;
      |                                      ^~
/Users/zainnasseer/development/esp/wifi_repeater/main/sys_monitor.c:225:38: error: 'struct netif' has no member named 'mib2_counters'
  225 |             current_rx_bytes += netif->mib2_counters.ifinoctets;
      |                                      ^~
[1043/1059] Linking C static library esp-idf/esp_lcd/libesp_lcd.a
[1044/1059] Linking C static library esp-idf/esp_local_ctrl/libesp_local_ctrl.a
[1045/1059] Building C object esp-idf/main/CMakeFiles/__idf_main.dir/web_server.c.obj
[1046/1059] Linking C static library esp-idf/ieee802154/libieee802154.a
[1047/1059] Linking C static library esp-idf/rt/librt.a
[1048/1059] Building C object esp-idf/main/CMakeFiles/__idf_main.dir/dns_proxy.c.obj
[1049/1059] Building C object esp-idf/fatfs/CMakeFiles/__idf_fatfs.dir/src/ff.c.obj
[1050/1059] Performing build step for 'bootloader'
[1/131] Building C object esp-idf/log/CMakeFiles/__idf_log.dir/src/noos/util.c.obj
[2/131] Building C object esp-idf/log/CMakeFiles/__idf_log.dir/src/util.c.obj
[3/131] Building C object esp-idf/log/CMakeFiles/__idf_log.dir/src/noos/log_timestamp.c.obj
[4/131] Building C object esp-idf/log/CMakeFiles/__idf_log.dir/src/noos/log_lock.c.obj
[5/131] Building C object esp-idf/log/CMakeFiles/__idf_log.dir/src/log_format_text.c.obj
[6/131] Building C object esp-idf/log/CMakeFiles/__idf_log.dir/src/log.c.obj
[7/131] Building C object esp-idf/log/CMakeFiles/__idf_log.dir/src/log_timestamp_common.c.obj
[8/131] Building C object esp-idf/esp_rom/CMakeFiles/__idf_esp_rom.dir/patches/esp_rom_crc.c.obj
[9/131] Building C object esp-idf/esp_rom/CMakeFiles/__idf_esp_rom.dir/patches/esp_rom_sys.c.obj
[10/131] Building C object esp-idf/log/CMakeFiles/__idf_log.dir/src/log_print.c.obj
[11/131] Building C object esp-idf/esp_rom/CMakeFiles/__idf_esp_rom.dir/patches/esp_rom_gpio.c.obj
[12/131] Building C object esp-idf/esp_rom/CMakeFiles/__idf_esp_rom.dir/patches/esp_rom_efuse.c.obj
[13/131] Building C object esp-idf/log/CMakeFiles/__idf_log.dir/src/buffer/log_buffers.c.obj
[14/131] Building C object esp-idf/esp_rom/CMakeFiles/__idf_esp_rom.dir/patches/esp_rom_systimer.c.obj
[15/131] Building C object esp-idf/esp_rom/CMakeFiles/__idf_esp_rom.dir/patches/esp_rom_serial_output.c.obj
[16/131] Building C object esp-idf/esp_common/CMakeFiles/__idf_esp_common.dir/src/esp_err_to_name.c.obj
[17/131] Building C object esp-idf/esp_hw_support/CMakeFiles/__idf_esp_hw_support.dir/esp_memory_utils.c.obj
[18/131] Building C object esp-idf/esp_hw_support/CMakeFiles/__idf_esp_hw_support.dir/port/esp32c5/esp_cpu_intr.c.obj
[19/131] Linking C static library esp-idf/log/liblog.a
[20/131] Building C object esp-idf/esp_rom/CMakeFiles/__idf_esp_rom.dir/patches/esp_rom_hp_regi2c_esp32c5.c.obj
[21/131] Building C object esp-idf/esp_rom/CMakeFiles/__idf_esp_rom.dir/patches/esp_rom_spiflash.c.obj
[22/131] Building C object esp-idf/esp_hw_support/CMakeFiles/__idf_esp_hw_support.dir/port/esp32c5/cpu_region_protect.c.obj
[23/131] Building C object esp-idf/esp_hw_support/CMakeFiles/__idf_esp_hw_support.dir/cpu.c.obj
[24/131] Building C object esp-idf/esp_hw_support/CMakeFiles/__idf_esp_hw_support.dir/port/esp32c5/chip_info.c.obj
[25/131] Building C object esp-idf/esp_rom/CMakeFiles/__idf_esp_rom.dir/patches/esp_rom_print.c.obj
[26/131] Building C object esp-idf/esp_system/CMakeFiles/__idf_esp_system.dir/esp_err.c.obj
[27/131] Building C object esp-idf/efuse/CMakeFiles/__idf_efuse.dir/esp32c5/esp_efuse_table.c.obj
[28/131] Building C object esp-idf/esp_hw_support/CMakeFiles/__idf_esp_hw_support.dir/port/esp32c5/pmu_param.c.obj
[29/131] Linking C static library esp-idf/esp_rom/libesp_rom.a
[30/131] Building C object esp-idf/esp_hw_support/CMakeFiles/__idf_esp_hw_support.dir/port/esp32c5/rtc_clk_init.c.obj
[31/131] Building C object esp-idf/esp_hw_support/CMakeFiles/__idf_esp_hw_support.dir/port/esp32c5/ocode_init.c.obj
[32/131] Building C object esp-idf/esp_hw_support/CMakeFiles/__idf_esp_hw_support.dir/port/esp32c5/pmu_init.c.obj
[33/131] Linking C static library esp-idf/esp_common/libesp_common.a
[34/131] Building C object esp-idf/efuse/CMakeFiles/__idf_efuse.dir/esp32c5/esp_efuse_fields.c.obj
[35/131] Building C object esp-idf/esp_hw_support/CMakeFiles/__idf_esp_hw_support.dir/port/esp32c5/rtc_time.c.obj
[36/131] Building C object esp-idf/efuse/CMakeFiles/__idf_efuse.dir/esp32c5/esp_efuse_rtc_calib.c.obj
[37/131] Building C object esp-idf/efuse/CMakeFiles/__idf_efuse.dir/esp32c5/esp_efuse_utility.c.obj
[38/131] Building C object esp-idf/bootloader_support/CMakeFiles/__idf_bootloader_support.dir/src/bootloader_clock_init.c.obj
[39/131] Building C object esp-idf/efuse/CMakeFiles/__idf_efuse.dir/src/esp_efuse_fields.c.obj
[40/131] Building C object esp-idf/efuse/CMakeFiles/__idf_efuse.dir/src/esp_efuse_api.c.obj
[41/131] Building C object esp-idf/bootloader_support/CMakeFiles/__idf_bootloader_support.dir/src/bootloader_mem.c.obj
[42/131] Building C object esp-idf/esp_hw_support/CMakeFiles/__idf_esp_hw_support.dir/port/esp32c5/pmu_sleep.c.obj
[43/131] Building C object esp-idf/bootloader_support/CMakeFiles/__idf_bootloader_support.dir/src/bootloader_random.c.obj
[44/131] Building C object esp-idf/esp_hw_support/CMakeFiles/__idf_esp_hw_support.dir/port/esp32c5/rtc_clk.c.obj
[45/131] Building C object esp-idf/bootloader_support/CMakeFiles/__idf_bootloader_support.dir/src/bootloader_efuse.c.obj
[46/131] Building C object esp-idf/efuse/CMakeFiles/__idf_efuse.dir/src/efuse_controller/keys/with_key_purposes/esp_efuse_api_key.c.obj
[47/131] Building C object esp-idf/bootloader_support/CMakeFiles/__idf_bootloader_support.dir/src/secure_boot.c.obj
[48/131] Linking C static library esp-idf/esp_hw_support/libesp_hw_support.a
[49/131] Building C object esp-idf/bootloader_support/CMakeFiles/__idf_bootloader_support.dir/src/flash_encrypt.c.obj
[50/131] Building C object esp-idf/efuse/CMakeFiles/__idf_efuse.dir/src/esp_efuse_utility.c.obj
[51/131] Linking C static library esp-idf/esp_system/libesp_system.a
[52/131] Building C object esp-idf/bootloader_support/CMakeFiles/__idf_bootloader_support.dir/src/bootloader_random_esp32c5.c.obj
[53/131] Building C object esp-idf/bootloader_support/CMakeFiles/__idf_bootloader_support.dir/src/bootloader_common_loader.c.obj
[54/131] Building C object esp-idf/bootloader_support/CMakeFiles/__idf_bootloader_support.dir/src/flash_partitions.c.obj
[55/131] Building C object esp-idf/bootloader_support/CMakeFiles/__idf_bootloader_support.dir/src/bootloader_common.c.obj
[56/131] Building C object esp-idf/bootloader_support/CMakeFiles/__idf_bootloader_support.dir/src/bootloader_sha.c.obj
[57/131] Building C object esp-idf/bootloader_support/CMakeFiles/__idf_bootloader_support.dir/src/bootloader_clock_loader.c.obj
[58/131] Building C object esp-idf/bootloader_support/CMakeFiles/__idf_bootloader_support.dir/src/bootloader_console_loader.c.obj
[59/131] Building C object esp-idf/bootloader_support/CMakeFiles/__idf_bootloader_support.dir/src/esp32c5/bootloader_soc.c.obj
[60/131] Building C object esp-idf/bootloader_support/CMakeFiles/__idf_bootloader_support.dir/bootloader_flash/src/flash_qio_mode.c.obj
[61/131] Building C object esp-idf/bootloader_support/CMakeFiles/__idf_bootloader_support.dir/src/bootloader_console.c.obj
[62/131] Linking C static library esp-idf/efuse/libefuse.a
[63/131] Building C object esp-idf/esp_security/CMakeFiles/__idf_esp_security.dir/src/esp_crypto_lock.c.obj
[64/131] Building C object esp-idf/bootloader_support/CMakeFiles/__idf_bootloader_support.dir/src/bootloader_panic.c.obj
[65/131] Building C object esp-idf/bootloader_support/CMakeFiles/__idf_bootloader_support.dir/bootloader_flash/src/bootloader_flash_config_esp32c5.c.obj
[66/131] Building C object esp-idf/esp_hal_wdt/CMakeFiles/__idf_esp_hal_wdt.dir/esp32c5/mwdt_periph.c.obj
[67/131] Building C object esp-idf/bootloader_support/CMakeFiles/__idf_bootloader_support.dir/src/bootloader_init.c.obj
[68/131] Building C object esp-idf/esp_security/CMakeFiles/__idf_esp_security.dir/src/esp_crypto_periph_clk.c.obj
[69/131] Building C object esp-idf/esp_hal_wdt/CMakeFiles/__idf_esp_hal_wdt.dir/rom_patch.c.obj
[70/131] Building C object esp-idf/bootloader_support/CMakeFiles/__idf_bootloader_support.dir/src/esp32c5/bootloader_esp32c5.c.obj
[71/131] Building C object esp-idf/esp_hal_timg/CMakeFiles/__idf_esp_hal_timg.dir/esp32c5/timer_periph.c.obj
[72/131] Building C object esp-idf/esp_hal_timg/CMakeFiles/__idf_esp_hal_timg.dir/timer_hal.c.obj
[73/131] Building C object esp-idf/esp_bootloader_format/CMakeFiles/__idf_esp_bootloader_format.dir/esp_bootloader_desc.c.obj
[74/131] Building C object esp-idf/esp_hal_dma/CMakeFiles/__idf_esp_hal_dma.dir/esp32c5/gdma_periph.c.obj
[75/131] Building C object esp-idf/esp_hal_usb/CMakeFiles/__idf_esp_hal_usb.dir/usb_serial_jtag_hal.c.obj
[76/131] Building C object esp-idf/esp_hal_dma/CMakeFiles/__idf_esp_hal_dma.dir/gdma_hal_top.c.obj
[77/131] Building C object esp-idf/esp_hal_dma/CMakeFiles/__idf_esp_hal_dma.dir/gdma_hal_ahb_v2.c.obj
[78/131] Building C object esp-idf/bootloader_support/CMakeFiles/__idf_bootloader_support.dir/bootloader_flash/src/bootloader_flash.c.obj
[79/131] Building C object esp-idf/soc/CMakeFiles/__idf_soc.dir/esp32c5/interrupts.c.obj
[80/131] Building C object esp-idf/soc/CMakeFiles/__idf_soc.dir/lldesc.c.obj
[81/131] Building C object esp-idf/esp_security/CMakeFiles/__idf_esp_security.dir/src/esp_key_mgr.c.obj
[82/131] Building C object esp-idf/soc/CMakeFiles/__idf_soc.dir/dport_access_common.c.obj
[83/131] Building C object esp-idf/soc/CMakeFiles/__idf_soc.dir/esp32c5/gpio_periph.c.obj
[84/131] Building C object esp-idf/soc/CMakeFiles/__idf_soc.dir/esp32c5/ana_cmpr_periph.c.obj
[85/131] Building C object esp-idf/soc/CMakeFiles/__idf_soc.dir/esp32c5/adc_periph.c.obj
[86/131] Building C object esp-idf/bootloader_support/CMakeFiles/__idf_bootloader_support.dir/src/bootloader_utility.c.obj
[87/131] Building C object esp-idf/soc/CMakeFiles/__idf_soc.dir/esp32c5/uart_periph.c.obj
[88/131] Building C object esp-idf/spi_flash/CMakeFiles/__idf_spi_flash.dir/spi_flash_wrap.c.obj
[89/131] Building C object esp-idf/soc/CMakeFiles/__idf_soc.dir/esp32c5/dedic_gpio_periph.c.obj
[90/131] Building C object esp-idf/soc/CMakeFiles/__idf_soc.dir/esp32c5/spi_periph.c.obj
[91/131] Building C object esp-idf/soc/CMakeFiles/__idf_soc.dir/esp32c5/ledc_periph.c.obj
[92/131] Building C object esp-idf/soc/CMakeFiles/__idf_soc.dir/esp32c5/sdm_periph.c.obj
[93/131] Building C object esp-idf/soc/CMakeFiles/__idf_soc.dir/esp32c5/temperature_sensor_periph.c.obj
[94/131] Building C object esp-idf/soc/CMakeFiles/__idf_soc.dir/esp32c5/mpi_periph.c.obj
[95/131] Building C object esp-idf/soc/CMakeFiles/__idf_soc.dir/esp32c5/twai_periph.c.obj
[96/131] Building C object esp-idf/soc/CMakeFiles/__idf_soc.dir/esp32c5/ieee802154_periph.c.obj
[97/131] Building C object esp-idf/soc/CMakeFiles/__idf_soc.dir/esp32c5/rtc_io_periph.c.obj
[98/131] Building C object esp-idf/soc/CMakeFiles/__idf_soc.dir/esp32c5/power_supply_periph.c.obj
[99/131] Preprocessing linker script /Users/zainnasseer/development/esp/esp-idf/components/bootloader/subproject/main/ld/esp32c5/bootloader.ld.in -> /Users/zainnasseer/development/esp/wifi_repeater/build/bootloader/ld/bootloader.ld
[100/131] Building C object esp-idf/soc/CMakeFiles/__idf_soc.dir/esp32c5/sdio_slave_periph.c.obj
[101/131] Building C object esp-idf/soc/CMakeFiles/__idf_soc.dir/esp32c5/system_retention_periph.c.obj
[102/131] Building C object esp-idf/riscv/CMakeFiles/__idf_riscv.dir/rv_utils.c.obj
[103/131] Building C object esp-idf/bootloader_support/CMakeFiles/__idf_bootloader_support.dir/src/esp_image_format.c.obj
[104/131] Building C object esp-idf/hal/CMakeFiles/__idf_hal.dir/lp_timer_hal.c.obj
[105/131] Building C object esp-idf/hal/CMakeFiles/__idf_hal.dir/efuse_hal.c.obj
[106/131] Generating project_elf_src_esp32c5.c
[107/131] Building C object esp-idf/hal/CMakeFiles/__idf_hal.dir/huk_hal.c.obj
[108/131] Building C object esp-idf/hal/CMakeFiles/__idf_hal.dir/hal_utils.c.obj
[109/131] Building C object esp-idf/hal/CMakeFiles/__idf_hal.dir/esp32c5/efuse_hal.c.obj
[110/131] Building C object CMakeFiles/bootloader.elf.dir/project_elf_src_esp32c5.c.obj
[111/131] Building C object esp-idf/hal/CMakeFiles/__idf_hal.dir/key_mgr_hal.c.obj
[112/131] Building C object esp-idf/main/CMakeFiles/__idf_main.dir/bootloader_start.c.obj
[113/131] Linking C static library esp-idf/bootloader_support/libbootloader_support.a
[114/131] Building C object esp-idf/hal/CMakeFiles/__idf_hal.dir/cache_hal.c.obj
[115/131] Building C object esp-idf/hal/CMakeFiles/__idf_hal.dir/mmu_hal.c.obj
[116/131] Linking C static library esp-idf/esp_security/libesp_security.a
[117/131] Linking C static library esp-idf/esp_hal_wdt/libesp_hal_wdt.a
[118/131] Linking C static library esp-idf/esp_hal_timg/libesp_hal_timg.a
[119/131] Linking C static library esp-idf/esp_bootloader_format/libesp_bootloader_format.a
[120/131] Linking C static library esp-idf/spi_flash/libspi_flash.a
[121/131] Building C object esp-idf/micro-ecc/CMakeFiles/__idf_micro-ecc.dir/uECC_verify_antifault.c.obj
[122/131] Linking C static library esp-idf/micro-ecc/libmicro-ecc.a
[123/131] Linking C static library esp-idf/esp_hal_usb/libesp_hal_usb.a
[124/131] Linking C static library esp-idf/esp_hal_dma/libesp_hal_dma.a
[125/131] Linking C static library esp-idf/soc/libsoc.a
[126/131] Linking C static library esp-idf/riscv/libriscv.a
[127/131] Linking C static library esp-idf/hal/libhal.a
[128/131] Linking C static library esp-idf/main/libmain.a
[129/131] Linking C executable bootloader.elf
[130/131] Generating binary image from built executable
esptool v5.2.dev1
Creating ESP32C5 image...
Merged 2 ELF sections.
Successfully created ESP32C5 image.
Generated /Users/zainnasseer/development/esp/wifi_repeater/build/bootloader/bootloader.bin
[131/131] cd /Users/zainnasseer/development/esp/wifi_repeater/build/bootloader && /Users/zainnasseer/.espressif/python_env/idf6.1_py3.14_env/bin/python /Users/zainnasseer/development/esp/esp-idf/components/partition_table/check_sizes.py --offset 0x8000 bootloader 0x2000 /Users/zainnasseer/development/esp/wifi_repeater/build/bootloader/bootloader.bin
Bootloader binary size 0x5750 bytes. 0x8b0 bytes (9%) free.
ninja: build stopped: subcommand failed.
